Component: ARM Compiler 5.06 update 6 (build 750) Tool: armlink [4d35ed]

==============================================================================

Section Cross References

    startup_stm32f103xb.o(STACK) refers (Special) to heapauxi.o(.text) for __use_two_region_memory
    startup_stm32f103xb.o(HEAP) refers (Special) to heapauxi.o(.text) for __use_two_region_memory
    startup_stm32f103xb.o(RESET) refers (Special) to heapauxi.o(.text) for __use_two_region_memory
    startup_stm32f103xb.o(RESET) refers to startup_stm32f103xb.o(STACK) for __initial_sp
    startup_stm32f103xb.o(RESET) refers to startup_stm32f103xb.o(.text) for Reset_Handler
    startup_stm32f103xb.o(RESET) refers to stm32f1xx_it.o(i.NMI_Handler) for NMI_Handler
    startup_stm32f103xb.o(RESET) refers to stm32f1xx_it.o(i.HardFault_Handler) for HardFault_Handler
    startup_stm32f103xb.o(RESET) refers to stm32f1xx_it.o(i.MemManage_Handler) for MemManage_Handler
    startup_stm32f103xb.o(RESET) refers to stm32f1xx_it.o(i.BusFault_Handler) for BusFault_Handler
    startup_stm32f103xb.o(RESET) refers to stm32f1xx_it.o(i.UsageFault_Handler) for UsageFault_Handler
    startup_stm32f103xb.o(RESET) refers to stm32f1xx_it.o(.emb_text) for SVC_Handler
    startup_stm32f103xb.o(RESET) refers to stm32f1xx_it.o(i.DebugMon_Handler) for DebugMon_Handler
    startup_stm32f103xb.o(RESET) refers to stm32f1xx_it.o(i.SysTick_Handler) for SysTick_Handler
    startup_stm32f103xb.o(RESET) refers to stm32f1xx_it.o(i.USB_LP_CAN1_RX0_IRQHandler) for USB_LP_CAN1_RX0_IRQHandler
    startup_stm32f103xb.o(.text) refers (Special) to heapauxi.o(.text) for __use_two_region_memory
    startup_stm32f103xb.o(.text) refers to system_stm32f1xx.o(i.SystemInit) for SystemInit
    startup_stm32f103xb.o(.text) refers to __main.o(!!!main) for __main
    startup_stm32f103xb.o(.text) refers to startup_stm32f103xb.o(HEAP) for Heap_Mem
    startup_stm32f103xb.o(.text) refers to startup_stm32f103xb.o(STACK) for Stack_Mem
    main.o(i.EXT_LED_Off) refers to gpio_driver.o(i.GPIO_Write) for GPIO_Write
    main.o(i.EXT_LED_On) refers to gpio_driver.o(i.GPIO_Write) for GPIO_Write
    main.o(i.RGB_SetColor) refers to gpio_driver.o(i.GPIO_Write) for GPIO_Write
    main.o(i.SystemClock_Config) refers to rt_memclr_w.o(.text) for __aeabi_memclr4
    main.o(i.SystemClock_Config) refers to stm32f1xx_hal_rcc.o(i.HAL_RCC_OscConfig) for HAL_RCC_OscConfig
    main.o(i.SystemClock_Config) refers to stm32f1xx_hal_rcc.o(i.HAL_RCC_ClockConfig) for HAL_RCC_ClockConfig
    main.o(i.SystemClock_Config) refers to stm32f1xx_hal_rcc_ex.o(i.HAL_RCCEx_PeriphCLKConfig) for HAL_RCCEx_PeriphCLKConfig
    main.o(i.Task_Auto_Light) refers to gpio_driver.o(i.GPIO_Read) for GPIO_Read
    main.o(i.Task_Auto_Light) refers to main.o(i.EXT_LED_Off) for EXT_LED_Off
    main.o(i.Task_Auto_Light) refers to tiny_os.o(i.OS_Delay) for OS_Delay
    main.o(i.Task_Auto_Light) refers to main.o(i.EXT_LED_On) for EXT_LED_On
    main.o(i.Task_Auto_Light) refers to main.o(.data) for .data
    main.o(i.Task_Button_Control) refers to main.o(i.RGB_SetColor) for RGB_SetColor
    main.o(i.Task_Button_Control) refers to main.o(i.EXT_LED_Off) for EXT_LED_Off
    main.o(i.Task_Button_Control) refers to gpio_driver.o(i.GPIO_Read) for GPIO_Read
    main.o(i.Task_Button_Control) refers to tiny_os.o(i.OS_Delay) for OS_Delay
    main.o(i.Task_Button_Control) refers to main.o(i.EXT_LED_On) for EXT_LED_On
    main.o(i.Task_Button_Control) refers to main.o(.data) for .data
    main.o(i.Task_Heartbeat) refers to tiny_os.o(i.OS_Delay) for OS_Delay
    main.o(i.Task_LED) refers to gpio_driver.o(i.LED_Toggle) for LED_Toggle
    main.o(i.Task_LED) refers to usb_cdc_driver.o(i.USB_CDC_IsConnected) for USB_CDC_IsConnected
    main.o(i.Task_LED) refers to tiny_os.o(i.OS_Delay) for OS_Delay
    main.o(i.Task_Monitor) refers to tiny_os.o(i.OS_GetTick) for OS_GetTick
    main.o(i.Task_Monitor) refers to usb_cdc_driver.o(i.USB_CDC_Printf) for USB_CDC_Printf
    main.o(i.Task_Monitor) refers to tiny_os.o(i.OS_GetTaskCount) for OS_GetTaskCount
    main.o(i.Task_Monitor) refers to usb_cdc_driver.o(i.USB_CDC_FlushTX) for USB_CDC_FlushTX
    main.o(i.Task_Monitor) refers to tiny_os.o(i.OS_Delay) for OS_Delay
    main.o(i.Task_Monitor) refers to tiny_os.o(i.OS_GetTaskInfo) for OS_GetTaskInfo
    main.o(i.Task_Monitor) refers to tiny_os.o(i.OS_GetTaskLastRunTick) for OS_GetTaskLastRunTick
    main.o(i.Task_Monitor) refers to tiny_os.o(i.OS_GetTaskRunCount) for OS_GetTaskRunCount
    main.o(i.Task_Monitor) refers to tiny_os.o(i.OS_GetStackFreeBytes) for OS_GetStackFreeBytes
    main.o(i.Task_Monitor) refers to main.o(.data) for .data
    main.o(i.Task_USB_Rx) refers to usb_cdc_driver.o(i.USB_CDC_Receive) for USB_CDC_Receive
    main.o(i.Task_USB_Rx) refers to usb_cdc_driver.o(i.USB_CDC_SendString) for USB_CDC_SendString
    main.o(i.Task_USB_Rx) refers to usb_cdc_driver.o(i.USB_CDC_Send) for USB_CDC_Send
[...]
    __cxa_finalize                            - Undefined Weak Reference
    __sigvec_lookup                           - Undefined Weak Reference
    _atexit_init                              - Undefined Weak Reference
    _call_atexit_fns                          - Undefined Weak Reference
    _clock_init                               - Undefined Weak Reference
    _fp_trap_init                             - Undefined Weak Reference
    _fp_trap_shutdown                         - Undefined Weak Reference
    _get_lc_collate                           - Undefined Weak Reference
    _get_lc_monetary                          - Undefined Weak Reference
    _get_lc_time                              - Undefined Weak Reference
    _getenv_init                              - Undefined Weak Reference
    _handle_redirection                       - Undefined Weak Reference
    _init_alloc                               - Undefined Weak Reference
    _init_user_alloc                          - Undefined Weak Reference
    _initio                                   - Undefined Weak Reference
    _printf_mbtowc                            - Undefined Weak Reference
    _printf_wc                                - Undefined Weak Reference
    _rand_init                                - Undefined Weak Reference
    _signal_finish                            - Undefined Weak Reference
    _signal_init                              - Undefined Weak Reference
    _terminate_alloc                          - Undefined Weak Reference
    _terminate_user_alloc                     - Undefined Weak Reference
    _terminateio                              - Undefined Weak Reference
    __Vectors_Size                           0x000000ec   Number         0  startup_stm32f103xb.o ABSOLUTE
    __Vectors                                0x08000000   Data           4  startup_stm32f103xb.o(RESET)
    __Vectors_End                            0x080000ec   Data           0  startup_stm32f103xb.o(RESET)
    __main                                   0x080000ed   Thumb Code     8  __main.o(!!!main)
    __scatterload                            0x080000f5   Thumb Code     0  __scatter.o(!!!scatter)
    __scatterload_rt2                        0x080000f5   Thumb Code    44  __scatter.o(!!!scatter)
    __scatterload_rt2_thumb_only             0x080000f5   Thumb Code     0  __scatter.o(!!!scatter)
    __scatterload_null                       0x08000103   Thumb Code     0  __scatter.o(!!!scatter)
    __decompress                             0x08000129   Thumb Code    90  __dczerorl2.o(!!dczerorl2)
    __decompress1                            0x08000129   Thumb Code     0  __dczerorl2.o(!!dczerorl2)
    __scatterload_zeroinit                   0x08000185   Thumb Code    28  __scatter_zi.o(!!handler_zi)
    _printf_n                                0x080001a1   Thumb Code     0  _printf_n.o(.ARM.Collect$$_printf_percent$$00000001)
    _printf_percent                          0x080001a1   Thumb Code     0  _printf_percent.o(.ARM.Collect$$_printf_percent$$00000000)
    _printf_p                                0x080001a7   Thumb Code     0  _printf_p.o(.ARM.Collect$$_printf_percent$$00000002)
    _printf_f                                0x080001ad   Thumb Code     0  _printf_f.o(.ARM.Collect$$_printf_percent$$00000003)
    _printf_e                                0x080001b3   Thumb Code     0  _printf_e.o(.ARM.Collect$$_printf_percent$$00000004)
    _printf_g                                0x080001b9   Thumb Code     0  _printf_g.o(.ARM.Collect$$_printf_percent$$00000005)
    _printf_a                                0x080001bf   Thumb Code     0  _printf_a.o(.ARM.Collect$$_printf_percent$$00000006)
    _printf_ll                               0x080001c5   Thumb Code     0  _printf_ll.o(.ARM.Collect$$_printf_percent$$00000007)
    _printf_i                                0x080001cf   Thumb Code     0  _printf_i.o(.ARM.Collect$$_printf_percent$$00000008)
    _printf_d                                0x080001d5   Thumb Code     0  _printf_d.o(.ARM.Collect$$_printf_percent$$00000009)
    _printf_u                                0x080001db   Thumb Code     0  _printf_u.o(.ARM.Collect$$_printf_percent$$0000000A)
    _printf_o                                0x080001e1   Thumb Code     0  _printf_o.o(.ARM.Collect$$_printf_percent$$0000000B)
    _printf_x                                0x080001e7   Thumb Code     0  _printf_x.o(.ARM.Collect$$_printf_percent$$0000000C)
    _printf_lli                              0x080001ed   Thumb Code     0  _printf_lli.o(.ARM.Collect$$_printf_percent$$0000000D)
    _printf_lld                              0x080001f3   Thumb Code     0  _printf_lld.o(.ARM.Collect$$_printf_percent$$0000000E)
    _printf_llu                              0x080001f9   Thumb Code     0  _printf_llu.o(.ARM.Collect$$_printf_percent$$0000000F)
    _printf_llo                              0x080001ff   Thumb Code     0  _printf_llo.o(.ARM.Collect$$_printf_percent$$00000010)
    _printf_llx                              0x08000205   Thumb Code     0  _printf_llx.o(.ARM.Collect$$_printf_percent$$00000011)
    _printf_l                                0x0800020b   Thumb Code     0  _printf_l.o(.ARM.Collect$$_printf_percent$$00000012)
    _printf_c                                0x08000215   Thumb Code     0  _printf_c.o(.ARM.Collect$$_printf_percent$$00000013)
    _printf_s                                0x0800021b   Thumb Code     0  _printf_s.o(.ARM.Collect$$_printf_percent$$00000014)
    _printf_lc                               0x08000221   Thumb Code     0  _printf_lc.o(.ARM.Collect$$_printf_percent$$00000015)
    _printf_ls                               0x08000227   Thumb Code     0  _printf_ls.o(.ARM.Collect$$_printf_percent$$00000016)
    _printf_percent_end                      0x0800022d   Thumb Code     0  _printf_percent_end.o(.ARM.Collect$$_printf_percent$$00000017)
    __rt_lib_init                            0x08000231   Thumb Code     0  libinit.o(.ARM.Collect$$libinit$$00000000)
    __rt_lib_init_fp_1                       0x08000233   Thumb Code     0  libinit2.o(.ARM.Collect$$libinit$$00000002)
    __rt_lib_init_heap_1                     0x08000233   Thumb Code     0  libinit2.o(.ARM.Collect$$libinit$$0000000A)
    __rt_lib_init_lc_common                  0x08000233   Thumb Code     0  libinit2.o(.ARM.Collect$$libinit$$0000000F)
    __rt_lib_init_preinit_1                  0x08000233   Thumb Code     0  libinit2.o(.ARM.Collect$$libinit$$00000004)
    __rt_lib_init_rand_1                     0x08000233   Thumb Code     0  libinit2.o(.ARM.Collect$$libinit$$0000000E)
    __rt_lib_init_user_alloc_1               0x08000233   Thumb Code     0  libinit2.o(.ARM.Collect$$libinit$$0000000C)
    __rt_lib_init_lc_collate_1               0x08000239   Thumb Code     0  libinit2.o(.ARM.Collect$$libinit$$00000011)
    __rt_lib_init_lc_ctype_2                 0x08000239   Thumb Code     0  libinit2.o(.ARM.Collect$$libinit$$00000012)
    __rt_lib_init_lc_ctype_1                 0x08000245   Thumb Code     0  libinit2.o(.ARM.Collect$$libinit$$00000013)
    __rt_lib_init_lc_monetary_1              0x08000245   Thumb Code     0  libinit2.o(.ARM.Collect$$libinit$$00000015)
    __rt_lib_init_lc_numeric_2               0x08000245   Thumb Code     0  libinit2.o(.ARM.Collect$$libinit$$00000016)
    __rt_lib_init_alloca_1                   0x0800024f   Thumb Code     0  libinit2.o(.ARM.Collect$$libinit$$0000002E)
    __rt_lib_init_argv_1                     0x0800024f   Thumb Code     0  libinit2.o(.ARM.Collect$$libinit$$0000002C)
    __rt_lib_init_atexit_1                   0x0800024f   Thumb Code     0  libinit2.o(.ARM.Collect$$libinit$$0000001B)
    __rt_lib_init_clock_1                    0x0800024f   Thumb Code     0  libinit2.o(.ARM.Collect$$libinit$$00000021)
    __rt_lib_init_cpp_1                      0x0800024f   Thumb Code     0  libinit2.o(.ARM.Collect$$libinit$$00000032)
    __rt_lib_init_exceptions_1               0x0800024f   Thumb Code     0  libinit2.o(.ARM.Collect$$libinit$$00000030)
    __rt_lib_init_fp_trap_1                  0x0800024f   Thumb Code     0  libinit2.o(.ARM.Collect$$libinit$$0000001F)
    __rt_lib_init_getenv_1                   0x0800024f   Thumb Code     0  libinit2.o(.ARM.Collect$$libinit$$00000023)
    __rt_lib_init_lc_numeric_1               0x0800024f   Thumb Code     0  libinit2.o(.ARM.Collect$$libinit$$00000017)
    __rt_lib_init_lc_time_1                  0x0800024f   Thumb Code     0  libinit2.o(.ARM.Collect$$libinit$$00000019)
    __rt_lib_init_return                     0x0800024f   Thumb Code     0  libinit2.o(.ARM.Collect$$libinit$$00000033)
    __rt_lib_init_signal_1                   0x0800024f   Thumb Code     0  libinit2.o(.ARM.Collect$$libinit$$0000001D)
    __rt_lib_init_stdio_1                    0x0800024f   Thumb Code     0  libinit2.o(.ARM.Collect$$libinit$$00000025)
    __rt_lib_shutdown                        0x08000251   Thumb Code     0  libshutdown.o(.ARM.Collect$$libshutdown$$00000000)
    __rt_lib_shutdown_cpp_1                  0x08000253   Thumb Code     0  libshutdown2.o(.ARM.Collect$$libshutdown$$00000002)
    __rt_lib_shutdown_fp_trap_1              0x08000253   Thumb Code     0  libshutdown2.o(.ARM.Collect$$libshutdown$$00000007)
    __rt_lib_shutdown_heap_1                 0x08000253   Thumb Code     0  libshutdown2.o(.ARM.Collect$$libshutdown$$0000000F)
    __rt_lib_shutdown_return                 0x08000253   Thumb Code     0  libshutdown2.o(.ARM.Collect$$libshutdown$$00000010)
    __rt_lib_shutdown_signal_1               0x08000253   Thumb Code     0  libshutdown2.o(.ARM.Collect$$libshutdown$$0000000A)
    __rt_lib_shutdown_stdio_1                0x08000253   Thumb Code     0  libshutdown2.o(.ARM.Collect$$libshutdown$$00000004)
    __rt_lib_shutdown_user_alloc_1           0x08000253   Thumb Code     0  libshutdown2.o(.ARM.Collect$$libshutdown$$0000000C)
    __rt_entry                               0x08000255   Thumb Code     0  __rtentry.o(.ARM.Collect$$rtentry$$00000000)
    __rt_entry_presh_1                       0x08000255   Thumb Code     0  __rtentry2.o(.ARM.Collect$$rtentry$$00000002)
    __rt_entry_sh                            0x08000255   Thumb Code     0  __rtentry4.o(.ARM.Collect$$rtentry$$00000004)
    __rt_entry_li                            0x0800025b   Thumb Code     0  __rtentry2.o(.ARM.Collect$$rtentry$$0000000A)
    __rt_entry_postsh_1                      0x0800025b   Thumb Code     0  __rtentry2.o(.ARM.Collect$$rtentry$$00000009)
    __rt_entry_main                          0x0800025f   Thumb Code     0  __rtentry2.o(.ARM.Collect$$rtentry$$0000000D)
    __rt_entry_postli_1                      0x0800025f   Thumb Code     0  __rtentry2.o(.ARM.Collect$$rtentry$$0000000C)
    __rt_exit                                0x08000267   Thumb Code     0  rtexit.o(.ARM.Collect$$rtexit$$00000000)
    __rt_exit_ls                             0x08000269   Thumb Code     0  rtexit2.o(.ARM.Collect$$rtexit$$00000003)
    __rt_exit_prels_1                        0x08000269   Thumb Code     0  rtexit2.o(.ARM.Collect$$rtexit$$00000002)
    __rt_exit_exit                           0x0800026d   Thumb Code     0  rtexit2.o(.ARM.Collect$$rtexit$$00000004)
    SVC_Handler                              0x08000275   Thumb Code    30  stm32f1xx_it.o(.emb_text)
    PendSV_Handler                           0x08000299   Thumb Code    56  stm32f1xx_it.o(.emb_text)
    Reset_Handler                            0x080002d9   Thumb Code     8  startup_stm32f103xb.o(.text)
    ADC1_2_IRQHandler                        0x080002f3   Thumb Code     0  startup_stm32f103xb.o(.text)
    CAN1_RX1_IRQHandler                      0x080002f3   Thumb Code     0  startup_stm32f103xb.o(.text)
    CAN1_SCE_IRQHandler                      0x080002f3   Thumb Code     0  startup_stm32f103xb.o(.text)
    DMA1_Channel1_IRQHandler                 0x080002f3   Thumb Code     0  startup_stm32f103xb.o(.text)
    DMA1_Channel2_IRQHandler                 0x080002f3   Thumb Code     0  startup_stm32f103xb.o(.text)
    DMA1_Channel3_IRQHandler                 0x080002f3   Thumb Code     0  startup_stm32f103xb.o(.text)
    DMA1_Channel4_IRQHandler                 0x080002f3   Thumb Code     0  startup_stm32f103xb.o(.text)
    DMA1_Channel5_IRQHandler                 0x080002f3   Thumb Code     0  startup_stm32f103xb.o(.text)
    DMA1_Channel6_IRQHandler                 0x080002f3   Thumb Code     0  startup_stm32f103xb.o(.text)
    DMA1_Channel7_IRQHandler                 0x080002f3   Thumb Code     0  startup_stm32f103xb.o(.text)
    EXTI0_IRQHandler                         0x080002f3   Thumb Code     0  startup_stm32f103xb.o(.text)
    EXTI15_10_IRQHandler                     0x080002f3   Thumb Code     0  startup_stm32f103xb.o(.text)
    EXTI1_IRQHandler                         0x080002f3   Thumb Code     0  startup_stm32f103xb.o(.text)
    EXTI2_IRQHandler                         0x080002f3   Thumb Code     0  startup_stm32f103xb.o(.text)
    EXTI3_IRQHandler                         0x080002f3   Thumb Code     0  startup_stm32f103xb.o(.text)
    EXTI4_IRQHandler                         0x080002f3   Thumb Code     0  startup_stm32f103xb.o(.text)
    EXTI9_5_IRQHandler                       0x080002f3   Thumb Code     0  startup_stm32f103xb.o(.text)
    FLASH_IRQHandler                         0x080002f3   Thumb Code     0  startup_stm32f103xb.o(.text)
    I2C1_ER_IRQHandler                       0x080002f3   Thumb Code     0  startup_stm32f103xb.o(.text)
    I2C1_EV_IRQHandler                       0x080002f3   Thumb Code     0  startup_stm32f103xb.o(.text)
    I2C2_ER_IRQHandler                       0x080002f3   Thumb Code     0  startup_stm32f103xb.o(.text)
    I2C2_EV_IRQHandler                       0x080002f3   Thumb Code     0  startup_stm32f103xb.o(.text)
    PVD_IRQHandler                           0x080002f3   Thumb Code     0  startup_stm32f103xb.o(.text)
    RCC_IRQHandler                           0x080002f3   Thumb Code     0  startup_stm32f103xb.o(.text)
    RTC_Alarm_IRQHandler                     0x080002f3   Thumb Code     0  startup_stm32f103xb.o(.text)
    RTC_IRQHandler                           0x080002f3   Thumb Code     0  startup_stm32f103xb.o(.text)
    SPI1_IRQHandler                          0x080002f3   Thumb Code     0  startup_stm32f103xb.o(.text)
    SPI2_IRQHandler                          0x080002f3   Thumb Code     0  startup_stm32f103xb.o(.text)
    TAMPER_IRQHandler                        0x080002f3   Thumb Code     0  startup_stm32f103xb.o(.text)
    TIM1_BRK_IRQHandler                      0x080002f3   Thumb Code     0  startup_stm32f103xb.o(.text)
    TIM1_CC_IRQHandler                       0x080002f3   Thumb Code     0  startup_stm32f103xb.o(.text)
    TIM1_TRG_COM_IRQHandler                  0x080002f3   Thumb Code     0  startup_stm32f103xb.o(.text)
    TIM1_UP_IRQHandler                       0x080002f3   Thumb Code     0  startup_stm32f103xb.o(.text)
    TIM2_IRQHandler                          0x080002f3   Thumb Code     0  startup_stm32f103xb.o(.text)
    TIM3_IRQHandler                          0x080002f3   Thumb Code     0  startup_stm32f103xb.o(.text)
    TIM4_IRQHandler                          0x080002f3   Thumb Code     0  startup_stm32f103xb.o(.text)
    USART1_IRQHandler                        0x080002f3   Thumb Code     0  startup_stm32f103xb.o(.text)
    USART2_IRQHandler                        0x080002f3   Thumb Code     0  startup_stm32f103xb.o(.text)
    USART3_IRQHandler                        0x080002f3   Thumb Code     0  startup_stm32f103xb.o(.text)
    USBWakeUp_IRQHandler                     0x080002f3   Thumb Code     0  startup_stm32f103xb.o(.text)
    USB_HP_CAN1_TX_IRQHandler                0x080002f3   Thumb Code     0  startup_stm32f103xb.o(.text)
    WWDG_IRQHandler                          0x080002f3   Thumb Code     0  startup_stm32f103xb.o(.text)
    __user_initial_stackheap                 0x080002f5   Thumb Code     0  startup_stm32f103xb.o(.text)
    vsnprintf                                0x08000319   Thumb Code    48  vsnprintf.o(.text)
    strlen                                   0x0800034d   Thumb Code    62  strlen.o(.text)
    __aeabi_memclr                           0x0800038b   Thumb Code     0  rt_memclr.o(.text)
    __rt_memclr                              0x0800038b   Thumb Code    68  rt_memclr.o(.text)
    _memset                                  0x0800038f   Thumb Code     0  rt_memclr.o(.text)
    __aeabi_memclr4                          0x080003cf   Thumb Code     0  rt_memclr_w.o(.text)
    __aeabi_memclr8                          0x080003cf   Thumb Code     0  rt_memclr_w.o(.text)
    __rt_memclr_w                            0x080003cf   Thumb Code    78  rt_memclr_w.o(.text)
    _memset_w                                0x080003d3   Thumb Code     0  rt_memclr_w.o(.text)
    __use_two_region_memory                  0x0800041d   Thumb Code     2  heapauxi.o(.text)
    __rt_heap_escrow$2region                 0x0800041f   Thumb Code     2  heapauxi.o(.text)
    __rt_heap_expand$2region                 0x08000421   Thumb Code     2  heapauxi.o(.text)
    _printf_pre_padding                      0x08000423   Thumb Code    44  _printf_pad.o(.text)
    _printf_post_padding                     0x0800044f   Thumb Code    34  _printf_pad.o(.text)
    _printf_truncate_signed                  0x08000471   Thumb Code    18  _printf_truncate.o(.text)
    _printf_truncate_unsigned                0x08000483   Thumb Code    18  _printf_truncate.o(.text)
    _printf_str                              0x08000495   Thumb Code    82  _printf_str.o(.text)
    _printf_int_dec                          0x080004e9   Thumb Code   104  _printf_dec.o(.text)
    _printf_charcount                        0x08000561   Thumb Code    40  _printf_charcount.o(.text)
    _printf_char_common                      0x08000593   Thumb Code    32  _printf_char_common.o(.text)
    _sputc                                   0x080005b9   Thumb Code    10  _sputc.o(.text)
    _snputc                                  0x080005c3   Thumb Code    16  _snputc.o(.text)
    _printf_wctomb                           0x080005d5   Thumb Code   182  _printf_wctomb.o(.text)
    _printf_longlong_dec                     0x08000691   Thumb Code   108  _printf_longlong_dec.o(.text)
    _printf_longlong_oct                     0x0800070d   Thumb Code    66  _printf_oct_int_ll.o(.text)
    _printf_int_oct                          0x0800074f   Thumb Code    24  _printf_oct_int_ll.o(.text)
    _printf_ll_oct                           0x08000767   Thumb Code    12  _printf_oct_int_ll.o(.text)
    _printf_longlong_hex                     0x0800077d   Thumb Code    86  _printf_hex_int_ll_ptr.o(.text)
    _printf_int_hex                          0x080007d3   Thumb Code    28  _printf_hex_int_ll_ptr.o(.text)
    _printf_ll_hex                           0x080007ef   Thumb Code    12  _printf_hex_int_ll_ptr.o(.text)
    _printf_hex_ptr                          0x080007fb   Thumb Code    18  _printf_hex_int_ll_ptr.o(.text)
    __printf                                 0x08000811   Thumb Code   388  __printf_flags_ss_wp.o(.text)
    _ll_udiv10                               0x08000999   Thumb Code   138  lludiv10.o(.text)
    _printf_int_common                       0x08000a23   Thumb Code   178  _printf_intcommon.o(.text)
    __lib_sel_fp_printf                      0x08000ad5   Thumb Code     2  _printf_fp_dec.o(.text)
    _printf_fp_dec_real                      0x08000c87   Thumb Code   620  _printf_fp_dec.o(.text)
    _printf_fp_hex_real                      0x08000ef5   Thumb Code   756  _printf_fp_hex.o(.text)
    _printf_cs_common                        0x080011f1   Thumb Code    20  _printf_char.o(.text)
    _printf_char                             0x08001205   Thumb Code    16  _printf_char.o(.text)
    _printf_string                           0x08001215   Thumb Code     8  _printf_char.o(.text)
    _printf_lcs_common                       0x0800121d   Thumb Code    20  _printf_wchar.o(.text)
    _printf_wchar                            0x08001231   Thumb Code    16  _printf_wchar.o(.text)
    _printf_wstring                          0x08001241   Thumb Code     8  _printf_wchar.o(.text)
    _wcrtomb                                 0x08001249   Thumb Code    64  _wcrtomb.o(.text)
    __user_setup_stackheap                   0x08001289   Thumb Code    74  sys_stackheap_outer.o(.text)
    __rt_ctype_table                         0x080012d5   Thumb Code    16  rt_ctype_table.o(.text)
    __rt_locale                              0x080012e5   Thumb Code     8  rt_locale_intlibspace.o(.text)
    _printf_fp_infnan                        0x080012ed   Thumb Code   112  _printf_fp_infnan.o(.text)
    _btod_etento                             0x0800136d   Thumb Code   224  bigflt0.o(.text)
    exit                                     0x08001451   Thumb Code    18  exit.o(.text)
    __user_libspace                          0x08001465   Thumb Code     8  libspace.o(.text)
    __user_perproc_libspace                  0x08001465   Thumb Code     0  libspace.o(.text)
    __user_perthread_libspace                0x08001465   Thumb Code     0  libspace.o(.text)
    strcmp                                   0x0800146d   Thumb Code   128  strcmpv7m.o(.text)
    _sys_exit                                0x080014ed   Thumb Code     8  sys_exit.o(.text)
    __I$use$semihosting                      0x080014f9   Thumb Code     0  use_no_semi.o(.text)
    __use_no_semihosting_swi                 0x080014f9   Thumb Code     2  use_no_semi.o(.text)
    __semihosting_library_function           0x080014fb   Thumb Code     0  indicate_semi.o(.text)
    _btod_d2e                                0x080014fb   Thumb Code    62  btod.o(CL$$btod_d2e)
    _d2e_denorm_low                          0x08001539   Thumb Code    70  btod.o(CL$$btod_d2e_denorm_low)
    _d2e_norm_op1                            0x0800157f   Thumb Code    96  btod.o(CL$$btod_d2e_norm_op1)
    __btod_div_common                        0x080015df   Thumb Code   696  btod.o(CL$$btod_div_common)
    _e2e                                     0x08001917   Thumb Code   220  btod.o(CL$$btod_e2e)
    _btod_ediv                               0x080019f3   Thumb Code    42  btod.o(CL$$btod_ediv)
    _btod_emul                               0x08001a1d   Thumb Code    42  btod.o(CL$$btod_emul)
    __btod_mult_common                       0x08001a47   Thumb Code   580  btod.o(CL$$btod_mult_common)
    BusFault_Handler                         0x08001c8b   Thumb Code     2  stm32f1xx_it.o(i.BusFault_Handler)
    CDC_IsTxBusy_FS                          0x08001cd5   Thumb Code    20  usbd_cdc_if.o(i.CDC_IsTxBusy_FS)
    CDC_Transmit_FS                          0x08001d11   Thumb Code    38  usbd_cdc_if.o(i.CDC_Transmit_FS)
    DebugMon_Handler                         0x08001d3d   Thumb Code     2  stm32f1xx_it.o(i.DebugMon_Handler)
    EXT_LED_Off                              0x08001d41   Thumb Code    10  main.o(i.EXT_LED_Off)
    EXT_LED_On                               0x08001d51   Thumb Code    10  main.o(i.EXT_LED_On)
    Error_Handler                            0x08001d61   Thumb Code     4  main.o(i.Error_Handler)
    GPIO_Driver_Init                         0x08001d65   Thumb Code     2  gpio_driver.o(i.GPIO_Driver_Init)
    GPIO_Read                                0x08001d67   Thumb Code     4  gpio_driver.o(i.GPIO_Read)
    GPIO_Write                               0x08001d6b   Thumb Code     8  gpio_driver.o(i.GPIO_Write)
    HAL_GPIO_Init                            0x08001d75   Thumb Code   446  stm32f1xx_hal_gpio.o(i.HAL_GPIO_Init)
    HAL_GPIO_ReadPin                         0x08001f55   Thumb Code    10  stm32f1xx_hal_gpio.o(i.HAL_GPIO_ReadPin)
    HAL_GPIO_TogglePin                       0x08001f5f   Thumb Code    16  stm32f1xx_hal_gpio.o(i.HAL_GPIO_TogglePin)
    HAL_GPIO_WritePin                        0x08001f6f   Thumb Code    10  stm32f1xx_hal_gpio.o(i.HAL_GPIO_WritePin)
    HAL_GetTick                              0x08001f79   Thumb Code     6  stm32f1xx_hal.o(i.HAL_GetTick)
    HAL_IncTick                              0x08001f85   Thumb Code    12  stm32f1xx_hal.o(i.HAL_IncTick)
    HAL_Init                                 0x08001f95   Thumb Code    32  stm32f1xx_hal.o(i.HAL_Init)
    HAL_InitTick                             0x08001fb9   Thumb Code    54  stm32f1xx_hal.o(i.HAL_InitTick)
    HAL_MspInit                              0x08001ff9   Thumb Code    62  stm32f1xx_hal_msp.o(i.HAL_MspInit)
    HAL_NVIC_EnableIRQ                       0x08002041   Thumb Code    26  stm32f1xx_hal_cortex.o(i.HAL_NVIC_EnableIRQ)
    HAL_NVIC_SetPriority                     0x0800205d   Thumb Code    60  stm32f1xx_hal_cortex.o(i.HAL_NVIC_SetPriority)
    HAL_NVIC_SetPriorityGrouping             0x0800209d   Thumb Code    26  stm32f1xx_hal_cortex.o(i.HAL_NVIC_SetPriorityGrouping)
    HAL_PCDEx_PMAConfig                      0x080020c1   Thumb Code    60  stm32f1xx_hal_pcd_ex.o(i.HAL_PCDEx_PMAConfig)
    HAL_PCDEx_SetConnectionState             0x080020fd   Thumb Code     2  usbd_conf.o(i.HAL_PCDEx_SetConnectionState)
    HAL_PCD_DataInStageCallback              0x080020ff   Thumb Code    18  usbd_conf.o(i.HAL_PCD_DataInStageCallback)
    HAL_PCD_DataOutStageCallback             0x08002111   Thumb Code    20  usbd_conf.o(i.HAL_PCD_DataOutStageCallback)
    HAL_PCD_EP_Close                         0x08002125   Thumb Code    74  stm32f1xx_hal_pcd.o(i.HAL_PCD_EP_Close)
    HAL_PCD_EP_ClrStall                      0x0800216f   Thumb Code    90  stm32f1xx_hal_pcd.o(i.HAL_PCD_EP_ClrStall)
    HAL_PCD_EP_GetRxCount                    0x080025e7   Thumb Code    18  stm32f1xx_hal_pcd.o(i.HAL_PCD_EP_GetRxCount)
    HAL_PCD_EP_Open                          0x080025f9   Thumb Code    88  stm32f1xx_hal_pcd.o(i.HAL_PCD_EP_Open)
    HAL_PCD_EP_Receive                       0x08002651   Thumb Code    46  stm32f1xx_hal_pcd.o(i.HAL_PCD_EP_Receive)
    HAL_PCD_EP_SetStall                      0x0800267f   Thumb Code   112  stm32f1xx_hal_pcd.o(i.HAL_PCD_EP_SetStall)
    HAL_PCD_EP_Transmit                      0x080026ef   Thumb Code    46  stm32f1xx_hal_pcd.o(i.HAL_PCD_EP_Transmit)
    HAL_PCD_IRQHandler                       0x0800271d   Thumb Code   308  stm32f1xx_hal_pcd.o(i.HAL_PCD_IRQHandler)
    HAL_PCD_Init                             0x08002851   Thumb Code   186  stm32f1xx_hal_pcd.o(i.HAL_PCD_Init)
    HAL_PCD_MspInit                          0x0800290d   Thumb Code    50  usbd_conf.o(i.HAL_PCD_MspInit)
    HAL_PCD_ResetCallback                    0x08002949   Thumb Code    38  usbd_conf.o(i.HAL_PCD_ResetCallback)
    HAL_PCD_ResumeCallback                   0x0800296f   Thumb Code     8  usbd_conf.o(i.HAL_PCD_ResumeCallback)
    HAL_PCD_SOFCallback                      0x08002977   Thumb Code     8  usbd_conf.o(i.HAL_PCD_SOFCallback)
    HAL_PCD_SetAddress                       0x0800297f   Thumb Code    38  stm32f1xx_hal_pcd.o(i.HAL_PCD_SetAddress)
    HAL_PCD_SetupStageCallback               0x080029a5   Thumb Code    14  usbd_conf.o(i.HAL_PCD_SetupStageCallback)
    HAL_PCD_Start                            0x080029b3   Thumb Code    50  stm32f1xx_hal_pcd.o(i.HAL_PCD_Start)
    HAL_PCD_SuspendCallback                  0x080029e5   Thumb Code    30  usbd_conf.o(i.HAL_PCD_SuspendCallback)
    HAL_RCCEx_PeriphCLKConfig                0x08002a09   Thumb Code   224  stm32f1xx_hal_rcc_ex.o(i.HAL_RCCEx_PeriphCLKConfig)
    HAL_RCC_ClockConfig                      0x08002af5   Thumb Code   280  stm32f1xx_hal_rcc.o(i.HAL_RCC_ClockConfig)
    HAL_RCC_GetSysClockFreq                  0x08002c21   Thumb Code    58  stm32f1xx_hal_rcc.o(i.HAL_RCC_GetSysClockFreq)
    HAL_RCC_OscConfig                        0x08002c6d   Thumb Code   778  stm32f1xx_hal_rcc.o(i.HAL_RCC_OscConfig)
    HAL_SYSTICK_Config                       0x08002f8d   Thumb Code    40  stm32f1xx_hal_cortex.o(i.HAL_SYSTICK_Config)
    HardFault_Handler                        0x08002fb5   Thumb Code     2  stm32f1xx_it.o(i.HardFault_Handler)
    LED_Toggle                               0x08002ff1   Thumb Code    10  gpio_driver.o(i.LED_Toggle)
    MX_GPIO_Init                             0x08003001   Thumb Code   170  gpio.o(i.MX_GPIO_Init)
    MX_USB_DEVICE_Init                       0x080030b9   Thumb Code    66  usb_device.o(i.MX_USB_DEVICE_Init)
    MemManage_Handler                        0x0800310d   Thumb Code     2  stm32f1xx_it.o(i.MemManage_Handler)
    NMI_Handler                              0x0800310f   Thumb Code     2  stm32f1xx_it.o(i.NMI_Handler)
    OS_CreateTask                            0x08003111   Thumb Code   250  tiny_os.o(i.OS_CreateTask)
    OS_Delay                                 0x08003219   Thumb Code    38  tiny_os.o(i.OS_Delay)
    OS_GetStackFreeBytes                     0x08003245   Thumb Code    58  tiny_os.o(i.OS_GetStackFreeBytes)
    OS_GetTaskCount                          0x08003289   Thumb Code     6  tiny_os.o(i.OS_GetTaskCount)
    OS_GetTaskInfo                           0x08003295   Thumb Code    24  tiny_os.o(i.OS_GetTaskInfo)
    OS_GetTaskLastRunTick                    0x080032b5   Thumb Code    26  tiny_os.o(i.OS_GetTaskLastRunTick)
    OS_GetTaskRunCount                       0x080032d9   Thumb Code    26  tiny_os.o(i.OS_GetTaskRunCount)
    OS_GetTick                               0x080032fd   Thumb Code     6  tiny_os.o(i.OS_GetTick)
    OS_Init                                  0x08003309   Thumb Code   104  tiny_os.o(i.OS_Init)
    OS_Mem_Init                              0x0800337d   Thumb Code    46  os_memory.o(i.OS_Mem_Init)
    OS_Schedule                              0x080033b5   Thumb Code    52  tiny_os.o(i.OS_Schedule)
    OS_Start                                 0x08003479   Thumb Code    30  tiny_os.o(i.OS_Start)
    OS_Tick_Handler                          0x080034b9   Thumb Code   118  tiny_os.o(i.OS_Tick_Handler)
    RGB_SetColor                             0x080038f9   Thumb Code    42  main.o(i.RGB_SetColor)
    SysTick_Handler                          0x0800393d   Thumb Code    14  stm32f1xx_it.o(i.SysTick_Handler)
    SystemClock_Config                       0x0800394b   Thumb Code   118  main.o(i.SystemClock_Config)
    SystemInit                               0x080039c1   Thumb Code     2  system_stm32f1xx.o(i.SystemInit)
    Task_Auto_Light                          0x080039c5   Thumb Code    40  main.o(i.Task_Auto_Light)
    Task_Button_Control                      0x080039f5   Thumb Code   134  main.o(i.Task_Button_Control)
    Task_Heartbeat                           0x08003a85   Thumb Code    12  main.o(i.Task_Heartbeat)
    Task_Idle                                0x08003a91   Thumb Code     4  main.o(i.Task_Idle)
    Task_LED                                 0x08003a95   Thumb Code    26  main.o(i.Task_LED)
    Task_Monitor                             0x08003ab1   Thumb Code   198  main.o(i.Task_Monitor)
    Task_USB_Rx                              0x08003cb1   Thumb Code    52  main.o(i.Task_USB_Rx)
    USBD_CDC_GetDeviceQualifierDescriptor    0x08003de5   Thumb Code     8  usbd_cdc.o(i.USBD_CDC_GetDeviceQualifierDescriptor)
    USBD_CDC_ReceivePacket                   0x08003ea9   Thumb Code    40  usbd_cdc.o(i.USBD_CDC_ReceivePacket)
    USBD_CDC_RegisterInterface               0x08003ed1   Thumb Code    16  usbd_cdc.o(i.USBD_CDC_RegisterInterface)
    USBD_CDC_SetRxBuffer                     0x08003ee1   Thumb Code    12  usbd_cdc.o(i.USBD_CDC_SetRxBuffer)
    USBD_CDC_SetTxBuffer                     0x08003eed   Thumb Code    16  usbd_cdc.o(i.USBD_CDC_SetTxBuffer)
    USBD_CDC_TransmitPacket                  0x08003fa9   Thumb Code    54  usbd_cdc.o(i.USBD_CDC_TransmitPacket)
    USBD_ClrClassConfig                      0x08003fdf   Thumb Code    14  usbd_core.o(i.USBD_ClrClassConfig)
    USBD_CtlContinueRx                       0x08003fed   Thumb Code    16  usbd_ioreq.o(i.USBD_CtlContinueRx)
    USBD_CtlContinueSendData                 0x08003ffd   Thumb Code    16  usbd_ioreq.o(i.USBD_CtlContinueSendData)
    USBD_CtlError                            0x0800400d   Thumb Code    22  usbd_ctlreq.o(i.USBD_CtlError)
    USBD_CtlPrepareRx                        0x08004023   Thumb Code    30  usbd_ioreq.o(i.USBD_CtlPrepareRx)
    USBD_CtlReceiveStatus                    0x08004041   Thumb Code    22  usbd_ioreq.o(i.USBD_CtlReceiveStatus)
    USBD_CtlSendData                         0x08004057   Thumb Code    26  usbd_ioreq.o(i.USBD_CtlSendData)
    USBD_CtlSendStatus                       0x08004071   Thumb Code    22  usbd_ioreq.o(i.USBD_CtlSendStatus)
    USBD_FS_ConfigStrDescriptor              0x08004089   Thumb Code    16  usbd_desc.o(i.USBD_FS_ConfigStrDescriptor)
    USBD_FS_DeviceDescriptor                 0x080040a9   Thumb Code     8  usbd_desc.o(i.USBD_FS_DeviceDescriptor)
    USBD_FS_InterfaceStrDescriptor           0x080040b5   Thumb Code    16  usbd_desc.o(i.USBD_FS_InterfaceStrDescriptor)
    USBD_FS_LangIDStrDescriptor              0x080040d9   Thumb Code     8  usbd_desc.o(i.USBD_FS_LangIDStrDescriptor)
    USBD_FS_ManufacturerStrDescriptor        0x080040e5   Thumb Code    16  usbd_desc.o(i.USBD_FS_ManufacturerStrDescriptor)
    USBD_FS_ProductStrDescriptor             0x0800410d   Thumb Code    16  usbd_desc.o(i.USBD_FS_ProductStrDescriptor)
    USBD_FS_SerialStrDescriptor              0x08004139   Thumb Code    48  usbd_desc.o(i.USBD_FS_SerialStrDescriptor)
    USBD_GetString                           0x08004259   Thumb Code    72  usbd_ctlreq.o(i.USBD_GetString)
    USBD_Init                                0x080042b9   Thumb Code    42  usbd_core.o(i.USBD_Init)
    USBD_LL_ClearStallEP                     0x080042e3   Thumb Code    18  usbd_conf.o(i.USBD_LL_ClearStallEP)
    USBD_LL_CloseEP                          0x080042f5   Thumb Code    18  usbd_conf.o(i.USBD_LL_CloseEP)
    USBD_LL_DataInStage                      0x08004307   Thumb Code   198  usbd_core.o(i.USBD_LL_DataInStage)
    USBD_LL_DataOutStage                     0x080043cd   Thumb Code   130  usbd_core.o(i.USBD_LL_DataOutStage)
    USBD_LL_GetRxDataSize                    0x0800444f   Thumb Code     8  usbd_conf.o(i.USBD_LL_GetRxDataSize)
    USBD_LL_Init                             0x08004459   Thumb Code   118  usbd_conf.o(i.USBD_LL_Init)
    USBD_LL_IsStallEP                        0x080044d9   Thumb Code    30  usbd_conf.o(i.USBD_LL_IsStallEP)
    USBD_LL_OpenEP                           0x080044f7   Thumb Code    24  usbd_conf.o(i.USBD_LL_OpenEP)
    USBD_LL_PrepareReceive                   0x0800450f   Thumb Code    18  usbd_conf.o(i.USBD_LL_PrepareReceive)
    USBD_LL_Reset                            0x08004521   Thumb Code    80  usbd_core.o(i.USBD_LL_Reset)
    USBD_LL_Resume                           0x08004571   Thumb Code    20  usbd_core.o(i.USBD_LL_Resume)
    USBD_LL_SOF                              0x08004585   Thumb Code    24  usbd_core.o(i.USBD_LL_SOF)
    USBD_LL_SetSpeed                         0x0800459d   Thumb Code     6  usbd_core.o(i.USBD_LL_SetSpeed)
    USBD_LL_SetUSBAddress                    0x080045a3   Thumb Code    18  usbd_conf.o(i.USBD_LL_SetUSBAddress)
    USBD_LL_SetupStage                       0x080045b5   Thumb Code    90  usbd_core.o(i.USBD_LL_SetupStage)
    USBD_LL_StallEP                          0x0800460f   Thumb Code    18  usbd_conf.o(i.USBD_LL_StallEP)
    USBD_LL_Start                            0x08004621   Thumb Code    18  usbd_conf.o(i.USBD_LL_Start)
    USBD_LL_Suspend                          0x08004633   Thumb Code    18  usbd_core.o(i.USBD_LL_Suspend)
    USBD_LL_Transmit                         0x08004645   Thumb Code    18  usbd_conf.o(i.USBD_LL_Transmit)
    USBD_ParseSetupRequest                   0x08004657   Thumb Code    40  usbd_ctlreq.o(i.USBD_ParseSetupRequest)
    USBD_RegisterClass                       0x0800467f   Thumb Code    16  usbd_core.o(i.USBD_RegisterClass)
    USBD_SetClassConfig                      0x0800468f   Thumb Code    22  usbd_core.o(i.USBD_SetClassConfig)
    USBD_Start                               0x08004729   Thumb Code    10  usbd_core.o(i.USBD_Start)
    USBD_StdDevReq                           0x08004733   Thumb Code   274  usbd_ctlreq.o(i.USBD_StdDevReq)
    USBD_StdEPReq                            0x08004845   Thumb Code   336  usbd_ctlreq.o(i.USBD_StdEPReq)
    USBD_StdItfReq                           0x08004995   Thumb Code    78  usbd_ctlreq.o(i.USBD_StdItfReq)
    USBD_static_free                         0x080049e3   Thumb Code     2  usbd_conf.o(i.USBD_static_free)
    USBD_static_malloc                       0x080049e5   Thumb Code     4  usbd_conf.o(i.USBD_static_malloc)
    USB_ActivateEndpoint                     0x080049ed   Thumb Code   668  stm32f1xx_ll_usb.o(i.USB_ActivateEndpoint)
    USB_CDC_Driver_Init                      0x08004c89   Thumb Code    44  usb_cdc_driver.o(i.USB_CDC_Driver_Init)
    USB_CDC_FlushTX                          0x08004cc1   Thumb Code   104  usb_cdc_driver.o(i.USB_CDC_FlushTX)
    USB_CDC_IsConnected                      0x08004d35   Thumb Code     6  usb_cdc_driver.o(i.USB_CDC_IsConnected)
    USB_CDC_Printf                           0x08004d41   Thumb Code    46  usb_cdc_driver.o(i.USB_CDC_Printf)
    USB_CDC_Receive                          0x08004d71   Thumb Code    54  usb_cdc_driver.o(i.USB_CDC_Receive)
    USB_CDC_RxCallback                       0x08004dad   Thumb Code    62  usb_cdc_driver.o(i.USB_CDC_RxCallback)
    USB_CDC_Send                             0x08004df5   Thumb Code    94  usb_cdc_driver.o(i.USB_CDC_Send)
    USB_CDC_SendString                       0x08004e61   Thumb Code    20  usb_cdc_driver.o(i.USB_CDC_SendString)
    USB_CDC_SetConnected                     0x08004e75   Thumb Code    28  usb_cdc_driver.o(i.USB_CDC_SetConnected)
    USB_CoreInit                             0x08004e99   Thumb Code     4  stm32f1xx_ll_usb.o(i.USB_CoreInit)
    USB_DeactivateEndpoint                   0x08004e9d   Thumb Code   270  stm32f1xx_ll_usb.o(i.USB_DeactivateEndpoint)
    USB_DevConnect                           0x08004fab   Thumb Code     4  stm32f1xx_ll_usb.o(i.USB_DevConnect)
    USB_DevDisconnect                        0x08004faf   Thumb Code     4  stm32f1xx_ll_usb.o(i.USB_DevDisconnect)
    USB_DevInit                              0x08004fb3   Thumb Code    18  stm32f1xx_ll_usb.o(i.USB_DevInit)
    USB_DisableGlobalInt                     0x08004fc5   Thumb Code    14  stm32f1xx_ll_usb.o(i.USB_DisableGlobalInt)
    USB_EP0_OutStart                         0x08004fd3   Thumb Code     4  stm32f1xx_ll_usb.o(i.USB_EP0_OutStart)
    USB_EPClearStall                         0x08004fd7   Thumb Code   120  stm32f1xx_ll_usb.o(i.USB_EPClearStall)
    USB_EPSetStall                           0x0800504f   Thumb Code    50  stm32f1xx_ll_usb.o(i.USB_EPSetStall)
    USB_EPStartXfer                          0x08005081   Thumb Code  1250  stm32f1xx_ll_usb.o(i.USB_EPStartXfer)
    USB_EnableGlobalInt                      0x08005563   Thumb Code    18  stm32f1xx_ll_usb.o(i.USB_EnableGlobalInt)
    USB_LP_CAN1_RX0_IRQHandler               0x08005575   Thumb Code     6  stm32f1xx_it.o(i.USB_LP_CAN1_RX0_IRQHandler)
    USB_ReadInterrupts                       0x08005581   Thumb Code     6  stm32f1xx_ll_usb.o(i.USB_ReadInterrupts)
    USB_ReadPMA                              0x08005589   Thumb Code    44  stm32f1xx_ll_usb.o(i.USB_ReadPMA)
    USB_SetCurrentMode                       0x080055b5   Thumb Code     4  stm32f1xx_ll_usb.o(i.USB_SetCurrentMode)
    USB_SetDevAddress                        0x080055b9   Thumb Code    12  stm32f1xx_ll_usb.o(i.USB_SetDevAddress)
    USB_WritePMA                             0x080055c5   Thumb Code    38  stm32f1xx_ll_usb.o(i.USB_WritePMA)
    UsageFault_Handler                       0x080055eb   Thumb Code     2  stm32f1xx_it.o(i.UsageFault_Handler)
    __ARM_fpclassify                         0x080055ed   Thumb Code    40  fpclassify.o(i.__ARM_fpclassify)
    _is_digit                                0x08005655   Thumb Code    14  __printf_wp.o(i._is_digit)
    main                                     0x08005665   Thumb Code   194  main.o(i.main)
    _get_lc_numeric                          0x080057a1   Thumb Code    44  lc_numeric_c.o(locale$$code)
    _get_lc_ctype                            0x080057cd   Thumb Code    44  lc_ctype_c.o(locale$$code)
    _printf_fp_dec                           0x080057f9   Thumb Code     4  printf1.o(x$fpl$printf1)
    _printf_fp_hex                           0x080057fd   Thumb Code     4  printf2.o(x$fpl$printf2)
    __I$use$fp                               0x08005800   Number         0  usenofp.o(x$fpl$usenofp)
    AHBPrescTable                            0x08005812   Data          16  system_stm32f1xx.o(.constdata)
    Region$$Table$$Base                      0x08005920   Number         0  anon$$obj.o(Region$$Table)
    Region$$Table$$Limit                     0x08005940   Number         0  anon$$obj.o(Region$$Table)
    __ctype                                  0x08005969   Data           0  lc_ctype_c.o(locale$$data)
    current_mode                             0x20000000   Data           1  main.o(.data)
    FS_Desc                                  0x20000004   Data          28  usbd_desc.o(.data)
    USBD_LangIDDesc                          0x20000020   Data           4  usbd_desc.o(.data)
    USBD_FS_DeviceDesc                       0x20000024   Data          18  usbd_desc.o(.data)
    USBD_StringSerial                        0x20000038   Data          26  usbd_desc.o(.data)
    USBD_Interface_fops_FS                   0x20000054   Data          16  usbd_cdc_if.o(.data)
    uwTickFreq                               0x20000064   Data           1  stm32f1xx_hal.o(.data)
    uwTickPrio                               0x20000068   Data           4  stm32f1xx_hal.o(.data)
    uwTick                                   0x2000006c   Data           4  stm32f1xx_hal.o(.data)
    SystemCoreClock                          0x20000070   Data           4  system_stm32f1xx.o(.data)
    USBD_CDC_CfgHSDesc                       0x20000084   Data          67  usbd_cdc.o(.data)
    USBD_CDC_CfgFSDesc                       0x200000c8   Data          67  usbd_cdc.o(.data)
    USBD_CDC_OtherSpeedCfgDesc               0x2000010c   Data          67  usbd_cdc.o(.data)
    USBD_CDC                                 0x20000150   Data          56  usbd_cdc.o(.data)
    OS_CurrentTCB                            0x20000190   Data           4  tiny_os.o(.data)
    stack_button                             0x2000019c   Data         512  main.o(.bss)
    stack_sensor                             0x2000039c   Data         512  main.o(.bss)
    stack_usb_rx                             0x2000059c   Data        2048  main.o(.bss)
    stack_heartbeat                          0x20000d9c   Data         768  main.o(.bss)
    stack_led                                0x2000109c   Data         512  main.o(.bss)
    stack_monitor                            0x2000129c   Data        3072  main.o(.bss)
    stack_idle                               0x20001e9c   Data         512  main.o(.bss)
    hUsbDeviceFS                             0x2000209c   Data         708  usb_device.o(.bss)
    USBD_StrDesc                             0x20002360   Data         512  usbd_desc.o(.bss)
    UserRxBufferFS                           0x20002560   Data        1024  usbd_cdc_if.o(.bss)
    UserTxBufferFS                           0x20002960   Data        1024  usbd_cdc_if.o(.bss)
    hpcd_USB_FS                              0x20002f80   Data         728  usbd_conf.o(.bss)
    __libspace_start                         0x20003d64   Data          96  libspace.o(.bss)
    __temporary_stack_top$libspace           0x20003dc4   Data           0  libspace.o(.bss)



==============================================================================

Memory Map of the image

  Image Entry point : 0x080000ed

  Load Region LR_IROM1 (Base: 0x08000000, Size: 0x00005c08, Max: 0x00010000, ABSOLUTE, COMPRESSED[0x00005b30])

    Execution Region ER_IROM1 (Exec base: 0x08000000, Load base: 0x08000000, Size: 0x00005a6c, Max: 0x00010000, ABSOLUTE)

    Exec Addr    Load Addr    Size         Type   Attr      Idx    E Section Name        Object

    0x08000000   0x08000000   0x000000ec   Data   RO            3    RESET               startup_stm32f103xb.o
    0x080000ec   0x080000ec   0x00000008   Code   RO         3310  * !!!main             c_w.l(__main.o)
    0x080000f4   0x080000f4   0x00000034   Code   RO         3635    !!!scatter          c_w.l(__scatter.o)
    0x08000128   0x08000128   0x0000005a   Code   RO         3633    !!dczerorl2         c_w.l(__dczerorl2.o)
    0x08000182   0x08000182   0x00000002   PAD
    0x08000184   0x08000184   0x0000001c   Code   RO         3637    !!handler_zi        c_w.l(__scatter_zi.o)
    0x080001a0   0x080001a0   0x00000000   Code   RO         3396    .ARM.Collect$$_printf_percent$$00000000  c_w.l(_printf_percent.o)
    0x080001a0   0x080001a0   0x00000006   Code   RO         3385    .ARM.Collect$$_printf_percent$$00000001  c_w.l(_printf_n.o)
    0x080001a6   0x080001a6   0x00000006   Code   RO         3387    .ARM.Collect$$_printf_percent$$00000002  c_w.l(_printf_p.o)
    0x080001ac   0x080001ac   0x00000006   Code   RO         3392    .ARM.Collect$$_printf_percent$$00000003  c_w.l(_printf_f.o)
    0x080001b2   0x080001b2   0x00000006   Code   RO         3393    .ARM.Collect$$_printf_percent$$00000004  c_w.l(_printf_e.o)
    0x080001b8   0x080001b8   0x00000006   Code   RO         3394    .ARM.Collect$$_printf_percent$$00000005  c_w.l(_printf_g.o)
    0x080001be   0x080001be   0x00000006   Code   RO         3395    .ARM.Collect$$_printf_percent$$00000006  c_w.l(_printf_a.o)
    0x080001c4   0x080001c4   0x0000000a   Code   RO         3400    .ARM.Collect$$_printf_percent$$00000007  c_w.l(_printf_ll.o)
    0x080001ce   0x080001ce   0x00000006   Code   RO         3389    .ARM.Collect$$_printf_percent$$00000008  c_w.l(_printf_i.o)
    0x080001d4   0x080001d4   0x00000006   Code   RO         3390    .ARM.Collect$$_printf_percent$$00000009  c_w.l(_printf_d.o)
    0x080001da   0x080001da   0x00000006   Code   RO         3391    .ARM.Collect$$_printf_percent$$0000000A  c_w.l(_printf_u.o)
    0x080001e0   0x080001e0   0x00000006   Code   RO         3388    .ARM.Collect$$_printf_percent$$0000000B  c_w.l(_printf_o.o)
    0x080001e6   0x080001e6   0x00000006   Code   RO         3386    .ARM.Collect$$_printf_percent$$0000000C  c_w.l(_printf_x.o)
    0x080001ec   0x080001ec   0x00000006   Code   RO         3397    .ARM.Collect$$_printf_percent$$0000000D  c_w.l(_printf_lli.o)
    0x080001f2   0x080001f2   0x00000006   Code   RO         3398    .ARM.Collect$$_printf_percent$$0000000E  c_w.l(_printf_lld.o)
    0x080001f8   0x080001f8   0x00000006   Code   RO         3399    .ARM.Collect$$_printf_percent$$0000000F  c_w.l(_printf_llu.o)
    0x080001fe   0x080001fe   0x00000006   Code   RO         3404    .ARM.Collect$$_printf_percent$$00000010  c_w.l(_printf_llo.o)
    0x08000204   0x08000204   0x00000006   Code   RO         3405    .ARM.Collect$$_printf_percent$$00000011  c_w.l(_printf_llx.o)
    0x0800020a   0x0800020a   0x0000000a   Code   RO         3401    .ARM.Collect$$_printf_percent$$00000012  c_w.l(_printf_l.o)
    0x08000214   0x08000214   0x00000006   Code   RO         3383    .ARM.Collect$$_printf_percent$$00000013  c_w.l(_printf_c.o)
    0x0800021a   0x0800021a   0x00000006   Code   RO         3384    .ARM.Collect$$_printf_percent$$00000014  c_w.l(_printf_s.o)
    0x08000220   0x08000220   0x00000006   Code   RO         3402    .ARM.Collect$$_printf_percent$$00000015  c_w.l(_printf_lc.o)
    0x08000226   0x08000226   0x00000006   Code   RO         3403    .ARM.Collect$$_printf_percent$$00000016  c_w.l(_printf_ls.o)
    0x0800022c   0x0800022c   0x00000004   Code   RO         3444    .ARM.Collect$$_printf_percent$$00000017  c_w.l(_printf_percent_end.o)
    0x08000230   0x08000230   0x00000002   Code   RO         3493    .ARM.Collect$$libinit$$00000000  c_w.l(libinit.o)
    0x08000232   0x08000232   0x00000000   Code   RO         3510    .ARM.Collect$$libinit$$00000002  c_w.l(libinit2.o)
    0x08000232   0x08000232   0x00000000   Code   RO         3512    .ARM.Collect$$libinit$$00000004  c_w.l(libinit2.o)
    0x08000232   0x08000232   0x00000000   Code   RO         3515    .ARM.Collect$$libinit$$0000000A  c_w.l(libinit2.o)
    0x08000232   0x08000232   0x00000000   Code   RO         3517    .ARM.Collect$$libinit$$0000000C  c_w.l(libinit2.o)
    0x08000232   0x08000232   0x00000000   Code   RO         3519    .ARM.Collect$$libinit$$0000000E  c_w.l(libinit2.o)
    0x08000232   0x08000232   0x00000006   Code   RO         3520    .ARM.Collect$$libinit$$0000000F  c_w.l(libinit2.o)
    0x08000238   0x08000238   0x00000000   Code   RO         3522    .ARM.Collect$$libinit$$00000011  c_w.l(libinit2.o)
    0x08000238   0x08000238   0x0000000c   Code   RO         3523    .ARM.Collect$$libinit$$00000012  c_w.l(libinit2.o)
    0x08000244   0x08000244   0x00000000   Code   RO         3524    .ARM.Collect$$libinit$$00000013  c_w.l(libinit2.o)
    0x08000244   0x08000244   0x00000000   Code   RO         3526    .ARM.Collect$$libinit$$00000015  c_w.l(libinit2.o)
    0x08000244   0x08000244   0x0000000a   Code   RO         3527    .ARM.Collect$$libinit$$00000016  c_w.l(libinit2.o)
    0x0800024e   0x0800024e   0x00000000   Code   RO         3528    .ARM.Collect$$libinit$$00000017  c_w.l(libinit2.o)
    0x0800024e   0x0800024e   0x00000000   Code   RO         3530    .ARM.Collect$$libinit$$00000019  c_w.l(libinit2.o)
    0x0800024e   0x0800024e   0x00000000   Code   RO         3532    .ARM.Collect$$libinit$$0000001B  c_w.l(libinit2.o)
    0x0800024e   0x0800024e   0x00000000   Code   RO         3534    .ARM.Collect$$libinit$$0000001D  c_w.l(libinit2.o)
    0x0800024e   0x0800024e   0x00000000   Code   RO         3536    .ARM.Collect$$libinit$$0000001F  c_w.l(libinit2.o)
    0x0800024e   0x0800024e   0x00000000   Code   RO         3538    .ARM.Collect$$libinit$$00000021  c_w.l(libinit2.o)
    0x0800024e   0x0800024e   0x00000000   Code   RO         3540    .ARM.Collect$$libinit$$00000023  c_w.l(libinit2.o)
    0x0800024e   0x0800024e   0x00000000   Code   RO         3542    .ARM.Collect$$libinit$$00000025  c_w.l(libinit2.o)
    0x0800024e   0x0800024e   0x00000000   Code   RO         3546    .ARM.Collect$$libinit$$0000002C  c_w.l(libinit2.o)
    0x0800024e   0x0800024e   0x00000000   Code   RO         3548    .ARM.Collect$$libinit$$0000002E  c_w.l(libinit2.o)
    0x0800024e   0x0800024e   0x00000000   Code   RO         3550    .ARM.Collect$$libinit$$00000030  c_w.l(libinit2.o)
    0x0800024e   0x0800024e   0x00000000   Code   RO         3552    .ARM.Collect$$libinit$$00000032  c_w.l(libinit2.o)
    0x0800024e   0x0800024e   0x00000002   Code   RO         3553    .ARM.Collect$$libinit$$00000033  c_w.l(libinit2.o)
    0x08000250   0x08000250   0x00000002   Code   RO         3573    .ARM.Collect$$libshutdown$$00000000  c_w.l(libshutdown.o)
    0x08000252   0x08000252   0x00000000   Code   RO         3586    .ARM.Collect$$libshutdown$$00000002  c_w.l(libshutdown2.o)
    0x08000252   0x08000252   0x00000000   Code   RO         3588    .ARM.Collect$$libshutdown$$00000004  c_w.l(libshutdown2.o)
    0x08000252   0x08000252   0x00000000   Code   RO         3591    .ARM.Collect$$libshutdown$$00000007  c_w.l(libshutdown2.o)
    0x08000252   0x08000252   0x00000000   Code   RO         3594    .ARM.Collect$$libshutdown$$0000000A  c_w.l(libshutdown2.o)
    0x08000252   0x08000252   0x00000000   Code   RO         3596    .ARM.Collect$$libshutdown$$0000000C  c_w.l(libshutdown2.o)
    0x08000252   0x08000252   0x00000000   Code   RO         3599    .ARM.Collect$$libshutdown$$0000000F  c_w.l(libshutdown2.o)
    0x08000252   0x08000252   0x00000002   Code   RO         3600    .ARM.Collect$$libshutdown$$00000010  c_w.l(libshutdown2.o)
    0x08000254   0x08000254   0x00000000   Code   RO         3312    .ARM.Collect$$rtentry$$00000000  c_w.l(__rtentry.o)
    0x08000254   0x08000254   0x00000000   Code   RO         3415    .ARM.Collect$$rtentry$$00000002  c_w.l(__rtentry2.o)
    0x08000254   0x08000254   0x00000006   Code   RO         3427    .ARM.Collect$$rtentry$$00000004  c_w.l(__rtentry4.o)
    0x0800025a   0x0800025a   0x00000000   Code   RO         3417    .ARM.Collect$$rtentry$$00000009  c_w.l(__rtentry2.o)
    0x0800025a   0x0800025a   0x00000004   Code   RO         3418    .ARM.Collect$$rtentry$$0000000A  c_w.l(__rtentry2.o)
    0x0800025e   0x0800025e   0x00000000   Code   RO         3420    .ARM.Collect$$rtentry$$0000000C  c_w.l(__rtentry2.o)
    0x0800025e   0x0800025e   0x00000008   Code   RO         3421    .ARM.Collect$$rtentry$$0000000D  c_w.l(__rtentry2.o)
    0x08000266   0x08000266   0x00000002   Code   RO         3502    .ARM.Collect$$rtexit$$00000000  c_w.l(rtexit.o)
    0x08000268   0x08000268   0x00000000   Code   RO         3555    .ARM.Collect$$rtexit$$00000002  c_w.l(rtexit2.o)
    0x08000268   0x08000268   0x00000004   Code   RO         3556    .ARM.Collect$$rtexit$$00000003  c_w.l(rtexit2.o)
    0x0800026c   0x0800026c   0x00000006   Code   RO         3557    .ARM.Collect$$rtexit$$00000004  c_w.l(rtexit2.o)
    0x08000272   0x08000272   0x00000002   PAD
    0x08000274   0x08000274   0x00000064   Code   RO          292    .emb_text           stm32f1xx_it.o
    0x080002d8   0x080002d8   0x00000040   Code   RO            4    .text               startup_stm32f103xb.o
    0x08000318   0x08000318   0x00000034   Code   RO         3294    .text               c_w.l(vsnprintf.o)
    0x0800034c   0x0800034c   0x0000003e   Code   RO         3296    .text               c_w.l(strlen.o)
    0x0800038a   0x0800038a   0x00000044   Code   RO         3302    .text               c_w.l(rt_memclr.o)
    0x080003ce   0x080003ce   0x0000004e   Code   RO         3304    .text               c_w.l(rt_memclr_w.o)
    0x0800041c   0x0800041c   0x00000006   Code   RO         3308    .text               c_w.l(heapauxi.o)
    0x08000422   0x08000422   0x0000004e   Code   RO         3315    .text               c_w.l(_printf_pad.o)
    0x08000470   0x08000470   0x00000024   Code   RO         3317    .text               c_w.l(_printf_truncate.o)
    0x08000494   0x08000494   0x00000052   Code   RO         3319    .text               c_w.l(_printf_str.o)
    0x080004e6   0x080004e6   0x00000002   PAD
    0x080004e8   0x080004e8   0x00000078   Code   RO         3321    .text               c_w.l(_printf_dec.o)
    0x08000560   0x08000560   0x00000028   Code   RO         3323    .text               c_w.l(_printf_charcount.o)
    0x08000588   0x08000588   0x00000030   Code   RO         3325    .text               c_w.l(_printf_char_common.o)
    0x080005b8   0x080005b8   0x0000000a   Code   RO         3327    .text               c_w.l(_sputc.o)
    0x080005c2   0x080005c2   0x00000010   Code   RO         3329    .text               c_w.l(_snputc.o)
    0x080005d2   0x080005d2   0x00000002   PAD
    0x080005d4   0x080005d4   0x000000bc   Code   RO         3331    .text               c_w.l(_printf_wctomb.o)
    0x08000690   0x08000690   0x0000007c   Code   RO         3334    .text               c_w.l(_printf_longlong_dec.o)
    0x0800070c   0x0800070c   0x00000070   Code   RO         3340    .text               c_w.l(_printf_oct_int_ll.o)
    0x0800077c   0x0800077c   0x00000094   Code   RO         3360    .text               c_w.l(_printf_hex_int_ll_ptr.o)
    0x08000810   0x08000810   0x00000188   Code   RO         3380    .text               c_w.l(__printf_flags_ss_wp.o)
    0x08000998   0x08000998   0x0000008a   Code   RO         3429    .text               c_w.l(lludiv10.o)
    0x08000a22   0x08000a22   0x000000b2   Code   RO         3431    .text               c_w.l(_printf_intcommon.o)
    0x08000ad4   0x08000ad4   0x0000041e   Code   RO         3433    .text               c_w.l(_printf_fp_dec.o)
    0x08000ef2   0x08000ef2   0x00000002   PAD
    0x08000ef4   0x08000ef4   0x000002fc   Code   RO         3435    .text               c_w.l(_printf_fp_hex.o)
    0x080011f0   0x080011f0   0x0000002c   Code   RO         3440    .text               c_w.l(_printf_char.o)
    0x0800121c   0x0800121c   0x0000002c   Code   RO         3442    .text               c_w.l(_printf_wchar.o)
    0x08001248   0x08001248   0x00000040   Code   RO         3445    .text               c_w.l(_wcrtomb.o)
    0x08001288   0x08001288   0x0000004a   Code   RO         3447    .text               c_w.l(sys_stackheap_outer.o)
    0x080012d2   0x080012d2   0x00000002   PAD
    0x080012d4   0x080012d4   0x00000010   Code   RO         3449    .text               c_w.l(rt_ctype_table.o)
    0x080012e4   0x080012e4   0x00000008   Code   RO         3454    .text               c_w.l(rt_locale_intlibspace.o)
    0x080012ec   0x080012ec   0x00000080   Code   RO         3456    .text               c_w.l(_printf_fp_infnan.o)
    0x0800136c   0x0800136c   0x000000e4   Code   RO         3458    .text               c_w.l(bigflt0.o)
    0x08001450   0x08001450   0x00000012   Code   RO         3486    .text               c_w.l(exit.o)
    0x08001462   0x08001462   0x00000002   PAD
    0x08001464   0x08001464   0x00000008   Code   RO         3499    .text               c_w.l(libspace.o)
    0x0800146c   0x0800146c   0x00000080   Code   RO         3507    .text               c_w.l(strcmpv7m.o)
    0x080014ec   0x080014ec   0x0000000c   Code   RO         3565    .text               c_w.l(sys_exit.o)
    0x080014f8   0x080014f8   0x00000002   Code   RO         3576    .text               c_w.l(use_no_semi.o)
    0x080014fa   0x080014fa   0x00000000   Code   RO         3578    .text               c_w.l(indicate_semi.o)
    0x080014fa   0x080014fa   0x0000003e   Code   RO         3461    CL$$btod_d2e        c_w.l(btod.o)
    0x08001538   0x08001538   0x00000046   Code   RO         3463    CL$$btod_d2e_denorm_low  c_w.l(btod.o)
    0x0800157e   0x0800157e   0x00000060   Code   RO         3462    CL$$btod_d2e_norm_op1  c_w.l(btod.o)
    0x080015de   0x080015de   0x00000338   Code   RO         3471    CL$$btod_div_common  c_w.l(btod.o)
    0x08001916   0x08001916   0x000000dc   Code   RO         3468    CL$$btod_e2e        c_w.l(btod.o)
    0x080019f2   0x080019f2   0x0000002a   Code   RO         3465    CL$$btod_ediv       c_w.l(btod.o)
    0x08001a1c   0x08001a1c   0x0000002a   Code   RO         3464    CL$$btod_emul       c_w.l(btod.o)
    0x08001a46   0x08001a46   0x00000244   Code   RO         3470    CL$$btod_mult_common  c_w.l(btod.o)
    0x08001c8a   0x08001c8a   0x00000002   Code   RO          293    i.BusFault_Handler  stm32f1xx_it.o
    0x08001c8c   0x08001c8c   0x00000020   Code   RO          511    i.CDC_Control_FS    usbd_cdc_if.o
    0x08001cac   0x08001cac   0x00000004   Code   RO          512    i.CDC_DeInit_FS     usbd_cdc_if.o
    0x08001cb0   0x08001cb0   0x00000024   Code   RO          513    i.CDC_Init_FS       usbd_cdc_if.o
    0x08001cd4   0x08001cd4   0x00000018   Code   RO          514    i.CDC_IsTxBusy_FS   usbd_cdc_if.o
    0x08001cec   0x08001cec   0x00000024   Code   RO          515    i.CDC_Receive_FS    usbd_cdc_if.o
    0x08001d10   0x08001d10   0x0000002c   Code   RO          516    i.CDC_Transmit_FS   usbd_cdc_if.o
    0x08001d3c   0x08001d3c   0x00000002   Code   RO          294    i.DebugMon_Handler  stm32f1xx_it.o
    0x08001d3e   0x08001d3e   0x00000002   PAD
    0x08001d40   0x08001d40   0x00000010   Code   RO           13    i.EXT_LED_Off       main.o
    0x08001d50   0x08001d50   0x00000010   Code   RO           14    i.EXT_LED_On        main.o
    0x08001d60   0x08001d60   0x00000004   Code   RO           15    i.Error_Handler     main.o
    0x08001d64   0x08001d64   0x00000002   Code   RO         2783    i.GPIO_Driver_Init  gpio_driver.o
    0x08001d66   0x08001d66   0x00000004   Code   RO         2784    i.GPIO_Read         gpio_driver.o
    0x08001d6a   0x08001d6a   0x00000008   Code   RO         2785    i.GPIO_Write        gpio_driver.o
    0x08001d72   0x08001d72   0x00000002   PAD
    0x08001d74   0x08001d74   0x000001e0   Code   RO         1603    i.HAL_GPIO_Init     stm32f1xx_hal_gpio.o
    0x08001f54   0x08001f54   0x0000000a   Code   RO         1605    i.HAL_GPIO_ReadPin  stm32f1xx_hal_gpio.o
    0x08001f5e   0x08001f5e   0x00000010   Code   RO         1606    i.HAL_GPIO_TogglePin  stm32f1xx_hal_gpio.o
    0x08001f6e   0x08001f6e   0x0000000a   Code   RO         1607    i.HAL_GPIO_WritePin  stm32f1xx_hal_gpio.o
    0x08001f78   0x08001f78   0x0000000c   Code   RO         1297    i.HAL_GetTick       stm32f1xx_hal.o
    0x08001f84   0x08001f84   0x00000010   Code   RO         1303    i.HAL_IncTick       stm32f1xx_hal.o
    0x08001f94   0x08001f94   0x00000024   Code   RO         1304    i.HAL_Init          stm32f1xx_hal.o
    0x08001fb8   0x08001fb8   0x00000040   Code   RO         1305    i.HAL_InitTick      stm32f1xx_hal.o
    0x08001ff8   0x08001ff8   0x00000048   Code   RO          366    i.HAL_MspInit       stm32f1xx_hal_msp.o
    0x08002040   0x08002040   0x0000001a   Code   RO         1763    i.HAL_NVIC_EnableIRQ  stm32f1xx_hal_cortex.o
    0x0800205a   0x0800205a   0x00000002   PAD
    0x0800205c   0x0800205c   0x00000040   Code   RO         1769    i.HAL_NVIC_SetPriority  stm32f1xx_hal_cortex.o
    0x0800209c   0x0800209c   0x00000024   Code   RO         1770    i.HAL_NVIC_SetPriorityGrouping  stm32f1xx_hal_cortex.o
    0x080020c0   0x080020c0   0x0000003c   Code   RO         1060    i.HAL_PCDEx_PMAConfig  stm32f1xx_hal_pcd_ex.o
    0x080020fc   0x080020fc   0x00000002   Code   RO          573    i.HAL_PCDEx_SetConnectionState  usbd_conf.o
    0x080020fe   0x080020fe   0x00000012   Code   RO          575    i.HAL_PCD_DataInStageCallback  usbd_conf.o
    0x08002110   0x08002110   0x00000014   Code   RO          576    i.HAL_PCD_DataOutStageCallback  usbd_conf.o
    0x08002124   0x08002124   0x0000004a   Code   RO          831    i.HAL_PCD_EP_Close  stm32f1xx_hal_pcd.o
    0x0800216e   0x0800216e   0x0000005a   Code   RO          832    i.HAL_PCD_EP_ClrStall  stm32f1xx_hal_pcd.o
    0x080021c8   0x080021c8   0x000000e6   Code   RO          833    i.HAL_PCD_EP_DB_Receive  stm32f1xx_hal_pcd.o
    0x080022ae   0x080022ae   0x00000338   Code   RO          834    i.HAL_PCD_EP_DB_Transmit  stm32f1xx_hal_pcd.o
    0x080025e6   0x080025e6   0x00000012   Code   RO          836    i.HAL_PCD_EP_GetRxCount  stm32f1xx_hal_pcd.o
    0x080025f8   0x080025f8   0x00000058   Code   RO          837    i.HAL_PCD_EP_Open   stm32f1xx_hal_pcd.o
    0x08002650   0x08002650   0x0000002e   Code   RO          838    i.HAL_PCD_EP_Receive  stm32f1xx_hal_pcd.o
    0x0800267e   0x0800267e   0x00000070   Code   RO          839    i.HAL_PCD_EP_SetStall  stm32f1xx_hal_pcd.o
    0x080026ee   0x080026ee   0x0000002e   Code   RO          840    i.HAL_PCD_EP_Transmit  stm32f1xx_hal_pcd.o
    0x0800271c   0x0800271c   0x00000134   Code   RO          842    i.HAL_PCD_IRQHandler  stm32f1xx_hal_pcd.o
    0x08002850   0x08002850   0x000000ba   Code   RO          845    i.HAL_PCD_Init      stm32f1xx_hal_pcd.o
    0x0800290a   0x0800290a   0x00000002   PAD
    0x0800290c   0x0800290c   0x0000003c   Code   RO          581    i.HAL_PCD_MspInit   usbd_conf.o
    0x08002948   0x08002948   0x00000026   Code   RO          582    i.HAL_PCD_ResetCallback  usbd_conf.o
    0x0800296e   0x0800296e   0x00000008   Code   RO          583    i.HAL_PCD_ResumeCallback  usbd_conf.o
    0x08002976   0x08002976   0x00000008   Code   RO          584    i.HAL_PCD_SOFCallback  usbd_conf.o
    0x0800297e   0x0800297e   0x00000026   Code   RO          851    i.HAL_PCD_SetAddress  stm32f1xx_hal_pcd.o
    0x080029a4   0x080029a4   0x0000000e   Code   RO          585    i.HAL_PCD_SetupStageCallback  usbd_conf.o
    0x080029b2   0x080029b2   0x00000032   Code   RO          853    i.HAL_PCD_Start     stm32f1xx_hal_pcd.o
    0x080029e4   0x080029e4   0x00000024   Code   RO          586    i.HAL_PCD_SuspendCallback  usbd_conf.o
    0x08002a08   0x08002a08   0x000000ec   Code   RO         1565    i.HAL_RCCEx_PeriphCLKConfig  stm32f1xx_hal_rcc_ex.o
    0x08002af4   0x08002af4   0x0000012c   Code   RO         1461    i.HAL_RCC_ClockConfig  stm32f1xx_hal_rcc.o
    0x08002c20   0x08002c20   0x0000004c   Code   RO         1470    i.HAL_RCC_GetSysClockFreq  stm32f1xx_hal_rcc.o
    0x08002c6c   0x08002c6c   0x00000320   Code   RO         1473    i.HAL_RCC_OscConfig  stm32f1xx_hal_rcc.o
    0x08002f8c   0x08002f8c   0x00000028   Code   RO         1774    i.HAL_SYSTICK_Config  stm32f1xx_hal_cortex.o
    0x08002fb4   0x08002fb4   0x00000002   Code   RO          295    i.HardFault_Handler  stm32f1xx_it.o
    0x08002fb6   0x08002fb6   0x00000002   PAD
    0x08002fb8   0x08002fb8   0x00000038   Code   RO          425    i.IntToUnicode      usbd_desc.o
    0x08002ff0   0x08002ff0   0x00000010   Code   RO         2788    i.LED_Toggle        gpio_driver.o
    0x08003000   0x08003000   0x000000b8   Code   RO          268    i.MX_GPIO_Init      gpio.o
    0x080030b8   0x080030b8   0x00000054   Code   RO          390    i.MX_USB_DEVICE_Init  usb_device.o
    0x0800310c   0x0800310c   0x00000002   Code   RO          296    i.MemManage_Handler  stm32f1xx_it.o
    0x0800310e   0x0800310e   0x00000002   Code   RO          297    i.NMI_Handler       stm32f1xx_it.o
    0x08003110   0x08003110   0x00000108   Code   RO         2853    i.OS_CreateTask     tiny_os.o
    0x08003218   0x08003218   0x0000002c   Code   RO         2854    i.OS_Delay          tiny_os.o
    0x08003244   0x08003244   0x00000044   Code   RO         2857    i.OS_GetStackFreeBytes  tiny_os.o
    0x08003288   0x08003288   0x0000000c   Code   RO         2858    i.OS_GetTaskCount   tiny_os.o
    0x08003294   0x08003294   0x00000020   Code   RO         2859    i.OS_GetTaskInfo    tiny_os.o
    0x080032b4   0x080032b4   0x00000024   Code   RO         2860    i.OS_GetTaskLastRunTick  tiny_os.o
    0x080032d8   0x080032d8   0x00000024   Code   RO         2861    i.OS_GetTaskRunCount  tiny_os.o
    0x080032fc   0x080032fc   0x0000000c   Code   RO         2862    i.OS_GetTick        tiny_os.o
    0x08003308   0x08003308   0x00000074   Code   RO         2863    i.OS_Init           tiny_os.o
    0x0800337c   0x0800337c   0x00000038   Code   RO         3012    i.OS_Mem_Init       os_memory.o
    0x080033b4   0x080033b4   0x00000038   Code   RO         2865    i.OS_Schedule       tiny_os.o
    0x080033ec   0x080033ec   0x0000008c   Code   RO         2866    i.OS_SelectNextTask  tiny_os.o
    0x08003478   0x08003478   0x00000024   Code   RO         2867    i.OS_Start          tiny_os.o
    0x0800349c   0x0800349c   0x0000001c   Code   RO         2868    i.OS_TaskExit_Error  tiny_os.o
    0x080034b8   0x080034b8   0x00000080   Code   RO         2869    i.OS_Tick_Handler   tiny_os.o
    0x08003538   0x08003538   0x00000018   Code   RO         2870    i.OS_TriggerPendSV  tiny_os.o
    0x08003550   0x08003550   0x000003a6   Code   RO          857    i.PCD_EP_ISR_Handler  stm32f1xx_hal_pcd.o
    0x080038f6   0x080038f6   0x00000002   PAD
    0x080038f8   0x080038f8   0x00000030   Code   RO           16    i.RGB_SetColor      main.o
    0x08003928   0x08003928   0x00000014   Code   RO         2670    i.RxUsed            usb_cdc_driver.o
    0x0800393c   0x0800393c   0x0000000e   Code   RO          298    i.SysTick_Handler   stm32f1xx_it.o
    0x0800394a   0x0800394a   0x00000076   Code   RO           17    i.SystemClock_Config  main.o
    0x080039c0   0x080039c0   0x00000002   Code   RO         2264    i.SystemInit        system_stm32f1xx.o
    0x080039c2   0x080039c2   0x00000002   PAD
    0x080039c4   0x080039c4   0x00000030   Code   RO           18    i.Task_Auto_Light   main.o
    0x080039f4   0x080039f4   0x00000090   Code   RO           19    i.Task_Button_Control  main.o
    0x08003a84   0x08003a84   0x0000000c   Code   RO           20    i.Task_Heartbeat    main.o
    0x08003a90   0x08003a90   0x00000004   Code   RO           21    i.Task_Idle         main.o
    0x08003a94   0x08003a94   0x0000001a   Code   RO           22    i.Task_LED          main.o
    0x08003aae   0x08003aae   0x00000002   PAD
    0x08003ab0   0x08003ab0   0x00000200   Code   RO           23    i.Task_Monitor      main.o
    0x08003cb0   0x08003cb0   0x00000040   Code   RO           24    i.Task_USB_Rx       main.o
    0x08003cf0   0x08003cf0   0x00000018   Code   RO         2671    i.TxUsed            usb_cdc_driver.o
    0x08003d08   0x08003d08   0x00000046   Code   RO         2564    i.USBD_CDC_DataIn   usbd_cdc.o
    0x08003d4e   0x08003d4e   0x0000002e   Code   RO         2565    i.USBD_CDC_DataOut  usbd_cdc.o
    0x08003d7c   0x08003d7c   0x00000044   Code   RO         2566    i.USBD_CDC_DeInit   usbd_cdc.o
    0x08003dc0   0x08003dc0   0x00000024   Code   RO         2567    i.USBD_CDC_EP0_RxReady  usbd_cdc.o
    0x08003de4   0x08003de4   0x0000000c   Code   RO         2568    i.USBD_CDC_GetDeviceQualifierDescriptor  usbd_cdc.o
    0x08003df0   0x08003df0   0x0000000c   Code   RO         2569    i.USBD_CDC_GetFSCfgDesc  usbd_cdc.o
    0x08003dfc   0x08003dfc   0x0000000c   Code   RO         2570    i.USBD_CDC_GetHSCfgDesc  usbd_cdc.o
    0x08003e08   0x08003e08   0x0000000c   Code   RO         2571    i.USBD_CDC_GetOtherSpeedCfgDesc  usbd_cdc.o
    0x08003e14   0x08003e14   0x00000094   Code   RO         2572    i.USBD_CDC_Init     usbd_cdc.o
    0x08003ea8   0x08003ea8   0x00000028   Code   RO         2573    i.USBD_CDC_ReceivePacket  usbd_cdc.o
    0x08003ed0   0x08003ed0   0x00000010   Code   RO         2574    i.USBD_CDC_RegisterInterface  usbd_cdc.o
    0x08003ee0   0x08003ee0   0x0000000c   Code   RO         2575    i.USBD_CDC_SetRxBuffer  usbd_cdc.o
    0x08003eec   0x08003eec   0x00000010   Code   RO         2576    i.USBD_CDC_SetTxBuffer  usbd_cdc.o
    0x08003efc   0x08003efc   0x000000ac   Code   RO         2577    i.USBD_CDC_Setup    usbd_cdc.o
    0x08003fa8   0x08003fa8   0x00000036   Code   RO         2578    i.USBD_CDC_TransmitPacket  usbd_cdc.o
    0x08003fde   0x08003fde   0x0000000e   Code   RO         2301    i.USBD_ClrClassConfig  usbd_core.o
    0x08003fec   0x08003fec   0x00000010   Code   RO         2504    i.USBD_CtlContinueRx  usbd_ioreq.o
    0x08003ffc   0x08003ffc   0x00000010   Code   RO         2505    i.USBD_CtlContinueSendData  usbd_ioreq.o
    0x0800400c   0x0800400c   0x00000016   Code   RO         2439    i.USBD_CtlError     usbd_ctlreq.o
    0x08004022   0x08004022   0x0000001e   Code   RO         2506    i.USBD_CtlPrepareRx  usbd_ioreq.o
    0x08004040   0x08004040   0x00000016   Code   RO         2507    i.USBD_CtlReceiveStatus  usbd_ioreq.o
    0x08004056   0x08004056   0x0000001a   Code   RO         2508    i.USBD_CtlSendData  usbd_ioreq.o
    0x08004070   0x08004070   0x00000016   Code   RO         2509    i.USBD_CtlSendStatus  usbd_ioreq.o
    0x08004086   0x08004086   0x00000002   PAD
    0x08004088   0x08004088   0x00000020   Code   RO          426    i.USBD_FS_ConfigStrDescriptor  usbd_desc.o
    0x080040a8   0x080040a8   0x0000000c   Code   RO          427    i.USBD_FS_DeviceDescriptor  usbd_desc.o
    0x080040b4   0x080040b4   0x00000024   Code   RO          428    i.USBD_FS_InterfaceStrDescriptor  usbd_desc.o
    0x080040d8   0x080040d8   0x0000000c   Code   RO          429    i.USBD_FS_LangIDStrDescriptor  usbd_desc.o
    0x080040e4   0x080040e4   0x00000028   Code   RO          430    i.USBD_FS_ManufacturerStrDescriptor  usbd_desc.o
    0x0800410c   0x0800410c   0x0000002c   Code   RO          431    i.USBD_FS_ProductStrDescriptor  usbd_desc.o
    0x08004138   0x08004138   0x00000038   Code   RO          432    i.USBD_FS_SerialStrDescriptor  usbd_desc.o
    0x08004170   0x08004170   0x000000e8   Code   RO         2440    i.USBD_GetDescriptor  usbd_ctlreq.o
    0x08004258   0x08004258   0x00000048   Code   RO         2441    i.USBD_GetString    usbd_ctlreq.o
    0x080042a0   0x080042a0   0x00000018   Code   RO          587    i.USBD_Get_USB_Status  usbd_conf.o
    0x080042b8   0x080042b8   0x0000002a   Code   RO         2303    i.USBD_Init         usbd_core.o
    0x080042e2   0x080042e2   0x00000012   Code   RO          588    i.USBD_LL_ClearStallEP  usbd_conf.o
    0x080042f4   0x080042f4   0x00000012   Code   RO          589    i.USBD_LL_CloseEP   usbd_conf.o
    0x08004306   0x08004306   0x000000c6   Code   RO         2304    i.USBD_LL_DataInStage  usbd_core.o
    0x080043cc   0x080043cc   0x00000082   Code   RO         2305    i.USBD_LL_DataOutStage  usbd_core.o
    0x0800444e   0x0800444e   0x00000008   Code   RO          593    i.USBD_LL_GetRxDataSize  usbd_conf.o
    0x08004456   0x08004456   0x00000002   PAD
    0x08004458   0x08004458   0x00000080   Code   RO          594    i.USBD_LL_Init      usbd_conf.o
    0x080044d8   0x080044d8   0x0000001e   Code   RO          595    i.USBD_LL_IsStallEP  usbd_conf.o
    0x080044f6   0x080044f6   0x00000018   Code   RO          596    i.USBD_LL_OpenEP    usbd_conf.o
    0x0800450e   0x0800450e   0x00000012   Code   RO          597    i.USBD_LL_PrepareReceive  usbd_conf.o
    0x08004520   0x08004520   0x00000050   Code   RO         2310    i.USBD_LL_Reset     usbd_core.o
    0x08004570   0x08004570   0x00000014   Code   RO         2311    i.USBD_LL_Resume    usbd_core.o
    0x08004584   0x08004584   0x00000018   Code   RO         2312    i.USBD_LL_SOF       usbd_core.o
    0x0800459c   0x0800459c   0x00000006   Code   RO         2313    i.USBD_LL_SetSpeed  usbd_core.o
    0x080045a2   0x080045a2   0x00000012   Code   RO          598    i.USBD_LL_SetUSBAddress  usbd_conf.o
    0x080045b4   0x080045b4   0x0000005a   Code   RO         2314    i.USBD_LL_SetupStage  usbd_core.o
    0x0800460e   0x0800460e   0x00000012   Code   RO          599    i.USBD_LL_StallEP   usbd_conf.o
    0x08004620   0x08004620   0x00000012   Code   RO          600    i.USBD_LL_Start     usbd_conf.o
    0x08004632   0x08004632   0x00000012   Code   RO         2315    i.USBD_LL_Suspend   usbd_core.o
    0x08004644   0x08004644   0x00000012   Code   RO          602    i.USBD_LL_Transmit  usbd_conf.o
    0x08004656   0x08004656   0x00000028   Code   RO         2442    i.USBD_ParseSetupRequest  usbd_ctlreq.o
    0x0800467e   0x0800467e   0x00000010   Code   RO         2316    i.USBD_RegisterClass  usbd_core.o
    0x0800468e   0x0800468e   0x00000016   Code   RO         2318    i.USBD_SetClassConfig  usbd_core.o
    0x080046a4   0x080046a4   0x00000084   Code   RO         2443    i.USBD_SetConfig    usbd_ctlreq.o
    0x08004728   0x08004728   0x0000000a   Code   RO         2319    i.USBD_Start        usbd_core.o
    0x08004732   0x08004732   0x00000112   Code   RO         2444    i.USBD_StdDevReq    usbd_ctlreq.o
    0x08004844   0x08004844   0x00000150   Code   RO         2445    i.USBD_StdEPReq     usbd_ctlreq.o
    0x08004994   0x08004994   0x0000004e   Code   RO         2446    i.USBD_StdItfReq    usbd_ctlreq.o
    0x080049e2   0x080049e2   0x00000002   Code   RO          603    i.USBD_static_free  usbd_conf.o
    0x080049e4   0x080049e4   0x00000008   Code   RO          604    i.USBD_static_malloc  usbd_conf.o
    0x080049ec   0x080049ec   0x0000029c   Code   RO         1100    i.USB_ActivateEndpoint  stm32f1xx_ll_usb.o
    0x08004c88   0x08004c88   0x00000038   Code   RO         2672    i.USB_CDC_Driver_Init  usb_cdc_driver.o
    0x08004cc0   0x08004cc0   0x00000074   Code   RO         2673    i.USB_CDC_FlushTX   usb_cdc_driver.o
    0x08004d34   0x08004d34   0x0000000c   Code   RO         2675    i.USB_CDC_IsConnected  usb_cdc_driver.o
    0x08004d40   0x08004d40   0x0000002e   Code   RO         2676    i.USB_CDC_Printf    usb_cdc_driver.o
    0x08004d6e   0x08004d6e   0x00000002   PAD
    0x08004d70   0x08004d70   0x0000003c   Code   RO         2677    i.USB_CDC_Receive   usb_cdc_driver.o
    0x08004dac   0x08004dac   0x00000048   Code   RO         2679    i.USB_CDC_RxCallback  usb_cdc_driver.o
    0x08004df4   0x08004df4   0x0000006c   Code   RO         2680    i.USB_CDC_Send      usb_cdc_driver.o
    0x08004e60   0x08004e60   0x00000014   Code   RO         2681    i.USB_CDC_SendString  usb_cdc_driver.o
    0x08004e74   0x08004e74   0x00000024   Code   RO         2682    i.USB_CDC_SetConnected  usb_cdc_driver.o
    0x08004e98   0x08004e98   0x00000004   Code   RO         1103    i.USB_CoreInit      stm32f1xx_ll_usb.o
    0x08004e9c   0x08004e9c   0x0000010e   Code   RO         1105    i.USB_DeactivateEndpoint  stm32f1xx_ll_usb.o
    0x08004faa   0x08004faa   0x00000004   Code   RO         1106    i.USB_DevConnect    stm32f1xx_ll_usb.o
    0x08004fae   0x08004fae   0x00000004   Code   RO         1107    i.USB_DevDisconnect  stm32f1xx_ll_usb.o
    0x08004fb2   0x08004fb2   0x00000012   Code   RO         1108    i.USB_DevInit       stm32f1xx_ll_usb.o
    0x08004fc4   0x08004fc4   0x0000000e   Code   RO         1109    i.USB_DisableGlobalInt  stm32f1xx_ll_usb.o
    0x08004fd2   0x08004fd2   0x00000004   Code   RO         1110    i.USB_EP0_OutStart  stm32f1xx_ll_usb.o
    0x08004fd6   0x08004fd6   0x00000078   Code   RO         1111    i.USB_EPClearStall  stm32f1xx_ll_usb.o
    0x0800504e   0x0800504e   0x00000032   Code   RO         1112    i.USB_EPSetStall    stm32f1xx_ll_usb.o
    0x08005080   0x08005080   0x000004e2   Code   RO         1113    i.USB_EPStartXfer   stm32f1xx_ll_usb.o
    0x08005562   0x08005562   0x00000012   Code   RO         1115    i.USB_EnableGlobalInt  stm32f1xx_ll_usb.o
    0x08005574   0x08005574   0x0000000c   Code   RO          299    i.USB_LP_CAN1_RX0_IRQHandler  stm32f1xx_it.o
    0x08005580   0x08005580   0x00000006   Code   RO         1122    i.USB_ReadInterrupts  stm32f1xx_ll_usb.o
    0x08005586   0x08005586   0x00000002   PAD
    0x08005588   0x08005588   0x0000002c   Code   RO         1123    i.USB_ReadPMA       stm32f1xx_ll_usb.o
    0x080055b4   0x080055b4   0x00000004   Code   RO         1124    i.USB_SetCurrentMode  stm32f1xx_ll_usb.o
    0x080055b8   0x080055b8   0x0000000c   Code   RO         1125    i.USB_SetDevAddress  stm32f1xx_ll_usb.o
    0x080055c4   0x080055c4   0x00000026   Code   RO         1127    i.USB_WritePMA      stm32f1xx_ll_usb.o
    0x080055ea   0x080055ea   0x00000002   Code   RO          300    i.UsageFault_Handler  stm32f1xx_it.o
    0x080055ec   0x080055ec   0x00000028   Code   RO         3497    i.__ARM_fpclassify  m_ws.l(fpclassify.o)
    0x08005614   0x08005614   0x00000020   Code   RO         1776    i.__NVIC_SetPriority  stm32f1xx_hal_cortex.o
    0x08005634   0x08005634   0x00000020   Code   RO         2873    i.__NVIC_SetPriority  tiny_os.o
    0x08005654   0x08005654   0x0000000e   Code   RO         3373    i._is_digit         c_w.l(__printf_wp.o)
    0x08005662   0x08005662   0x00000002   PAD
    0x08005664   0x08005664   0x0000013c   Code   RO           25    i.main              main.o
    0x080057a0   0x080057a0   0x0000002c   Code   RO         3484    locale$$code        c_w.l(lc_numeric_c.o)
    0x080057cc   0x080057cc   0x0000002c   Code   RO         3505    locale$$code        c_w.l(lc_ctype_c.o)
    0x080057f8   0x080057f8   0x00000004   Code   RO         3406    x$fpl$printf1       fz_ws.l(printf1.o)
    0x080057fc   0x080057fc   0x00000004   Code   RO         3408    x$fpl$printf2       fz_ws.l(printf2.o)
    0x08005800   0x08005800   0x00000000   Code   RO         3496    x$fpl$usenofp       fz_ws.l(usenofp.o)
    0x08005800   0x08005800   0x00000012   Data   RO         1474    .constdata          stm32f1xx_hal_rcc.o
    0x08005812   0x08005812   0x00000010   Data   RO         2265    .constdata          system_stm32f1xx.o
    0x08005822   0x08005822   0x00000002   PAD
    0x08005824   0x08005824   0x00000008   Data   RO         3332    .constdata          c_w.l(_printf_wctomb.o)
    0x0800582c   0x0800582c   0x00000028   Data   RO         3361    .constdata          c_w.l(_printf_hex_int_ll_ptr.o)
    0x08005854   0x08005854   0x00000011   Data   RO         3381    .constdata          c_w.l(__printf_flags_ss_wp.o)
    0x08005865   0x08005865   0x00000026   Data   RO         3436    .constdata          c_w.l(_printf_fp_hex.o)
    0x0800588b   0x0800588b   0x00000001   PAD
    0x0800588c   0x0800588c   0x00000094   Data   RO         3459    .constdata          c_w.l(bigflt0.o)
    0x08005920   0x08005920   0x00000020   Data   RO         3631    Region$$Table       anon$$obj.o
    0x08005940   0x08005940   0x0000001c   Data   RO         3483    locale$$data        c_w.l(lc_numeric_c.o)
    0x0800595c   0x0800595c   0x00000110   Data   RO         3504    locale$$data        c_w.l(lc_ctype_c.o)


    Execution Region RW_IRAM1 (Exec base: 0x20000000, Load base: 0x08005a6c, Size: 0x000049c8, Max: 0x00005000, ABSOLUTE, COMPRESSED[0x000000c4])

    Exec Addr    Load Addr    Size         Type   Attr      Idx    E Section Name        Object

    0x20000000   COMPRESSED   0x00000001   Data   RW           27    .data               main.o
    0x20000001   COMPRESSED   0x00000003   PAD
    0x20000004   COMPRESSED   0x0000001c   Data   RW          434    .data               usbd_desc.o
    0x20000020   COMPRESSED   0x00000032   Data   RW          435    .data               usbd_desc.o
    0x20000052   COMPRESSED   0x00000002   PAD
    0x20000054   COMPRESSED   0x00000010   Data   RW          518    .data               usbd_cdc_if.o
    0x20000064   COMPRESSED   0x0000000c   Data   RW         1311    .data               stm32f1xx_hal.o
    0x20000070   COMPRESSED   0x00000004   Data   RW         2267    .data               system_stm32f1xx.o
    0x20000074   COMPRESSED   0x00000001   Data   RW         2447    .data               usbd_ctlreq.o
    0x20000075   COMPRESSED   0x00000003   PAD
    0x20000078   COMPRESSED   0x000000d7   Data   RW         2579    .data               usbd_cdc.o
    0x2000014f   COMPRESSED   0x00000001   PAD
    0x20000150   COMPRESSED   0x00000038   Data   RW         2580    .data               usbd_cdc.o
    0x20000188   COMPRESSED   0x00000002   Data   RW         2685    .data               usb_cdc_driver.o
    0x2000018a   COMPRESSED   0x00000002   PAD
    0x2000018c   COMPRESSED   0x00000010   Data   RW         2875    .data               tiny_os.o
    0x2000019c        -       0x00001f00   Zero   RW           26    .bss                main.o
    0x2000209c        -       0x000002c4   Zero   RW          391    .bss                usb_device.o
    0x20002360        -       0x00000200   Zero   RW          433    .bss                usbd_desc.o
    0x20002560        -       0x00000800   Zero   RW          517    .bss                usbd_cdc_if.o
    0x20002d60        -       0x000004f8   Zero   RW          605    .bss                usbd_conf.o
    0x20003258        -       0x00000558   Zero   RW         2684    .bss                usb_cdc_driver.o
    0x200037b0        -       0x00000180   Zero   RW         2874    .bss                tiny_os.o
    0x20003930        -       0x00000434   Zero   RW         3014    .bss                os_memory.o
    0x20003d64        -       0x00000060   Zero   RW         3500    .bss                c_w.l(libspace.o)
    0x20003dc4   COMPRESSED   0x00000004   PAD
    0x20003dc8        -       0x00000400   Zero   RW            2    HEAP                startup_stm32f103xb.o
    0x200041c8        -       0x00000800   Zero   RW            1    STACK               startup_stm32f103xb.o


==============================================================================

Image component sizes


      Code (inc. data)   RO Data    RW Data    ZI Data      Debug   Object Name

       184         14          0          0          0        955   gpio.o
        30          6          0          0          0       2269   gpio_driver.o
      1328        490          0          1       7936     412373   main.o
        56         10          0          0       1076       1094   os_memory.o
        64         26        236          0       3072        816   startup_stm32f103xb.o
       128         24          0         12          0       5341   stm32f1xx_hal.o
       198         14          0          0          0      28983   stm32f1xx_hal_cortex.o
       516         34          0          0          0       4160   stm32f1xx_hal_gpio.o
        72         10          0          0          0        882   stm32f1xx_hal_msp.o
      3044          0          0          0          0      14353   stm32f1xx_hal_pcd.o
        60          0          0          0          0       1190   stm32f1xx_hal_pcd_ex.o
      1176         60         18          0          0       4018   stm32f1xx_hal_rcc.o
       236         12          0          0          0       1396   stm32f1xx_hal_rcc_ex.o
       138         20          0          0          0       4008   stm32f1xx_it.o
      2528          0          0          0          0      16231   stm32f1xx_ll_usb.o
         2          0         16          4          0       1139   system_stm32f1xx.o
      1064        122          0         16        384      36690   tiny_os.o
       570         78          0          2       1368       8109   usb_cdc_driver.o
        84         18          0          0        708        804   usb_device.o
       726         16          0        271          0      13170   usbd_cdc.o
       176         32          0         16       2048       4042   usbd_cdc_if.o
       554         30          0          0       1272      14377   usbd_conf.o
       670          0          0          0          0       9563   usbd_core.o
      1186         28          0          1          0       7976   usbd_ctlreq.o
       288        104          0         78        512       5993   usbd_desc.o
       132          0          0          0          0       4372   usbd_ioreq.o

    ----------------------------------------------------------------------
     15234       1148        304        412      18376     604304   Object Totals
         0          0         32          0          0          0   (incl. Generated)
        24          0          2         11          0          0   (incl. Padding)

    ----------------------------------------------------------------------

      Code (inc. data)   RO Data    RW Data    ZI Data      Debug   Library Member Name

        90          0          0          0          0          0   __dczerorl2.o
         8          0          0          0          0         68   __main.o
       392          4         17          0          0         92   __printf_flags_ss_wp.o
        14          0          0          0          0         68   __printf_wp.o
         0          0          0          0          0          0   __rtentry.o
        12          0          0          0          0          0   __rtentry2.o
         6          0          0          0          0          0   __rtentry4.o
        52          8          0          0          0          0   __scatter.o
        28          0          0          0          0          0   __scatter_zi.o
         6          0          0          0          0          0   _printf_a.o
         6          0          0          0          0          0   _printf_c.o
        44          0          0          0          0        108   _printf_char.o
        48          6          0          0          0         96   _printf_char_common.o
        40          0          0          0          0         68   _printf_charcount.o
         6          0          0          0          0          0   _printf_d.o
       120         16          0          0          0         92   _printf_dec.o
         6          0          0          0          0          0   _printf_e.o
         6          0          0          0          0          0   _printf_f.o
      1054          0          0          0          0        216   _printf_fp_dec.o
       764          8         38          0          0        100   _printf_fp_hex.o
       128         16          0          0          0         84   _printf_fp_infnan.o
         6          0          0          0          0          0   _printf_g.o
       148          4         40          0          0        160   _printf_hex_int_ll_ptr.o
         6          0          0          0          0          0   _printf_i.o
       178          0          0          0          0         88   _printf_intcommon.o
        10          0          0          0          0          0   _printf_l.o
         6          0          0          0          0          0   _printf_lc.o
        10          0          0          0          0          0   _printf_ll.o
         6          0          0          0          0          0   _printf_lld.o
         6          0          0          0          0          0   _printf_lli.o
         6          0          0          0          0          0   _printf_llo.o
         6          0          0          0          0          0   _printf_llu.o
         6          0          0          0          0          0   _printf_llx.o
       124         16          0          0          0         92   _printf_longlong_dec.o
         6          0          0          0          0          0   _printf_ls.o
         6          0          0          0          0          0   _printf_n.o
         6          0          0          0          0          0   _printf_o.o
       112         10          0          0          0        124   _printf_oct_int_ll.o
         6          0          0          0          0          0   _printf_p.o
        78          0          0          0          0        108   _printf_pad.o
         0          0          0          0          0          0   _printf_percent.o
         4          0          0          0          0          0   _printf_percent_end.o
         6          0          0          0          0          0   _printf_s.o
        82          0          0          0          0         80   _printf_str.o
        36          0          0          0          0         84   _printf_truncate.o
         6          0          0          0          0          0   _printf_u.o
        44          0          0          0          0        108   _printf_wchar.o
       188          6          8          0          0         92   _printf_wctomb.o
         6          0          0          0          0          0   _printf_x.o
        16          0          0          0          0         68   _snputc.o
        10          0          0          0          0         68   _sputc.o
        64          0          0          0          0         92   _wcrtomb.o
       228          4        148          0          0         96   bigflt0.o
      1936        128          0          0          0        672   btod.o
        18          0          0          0          0         80   exit.o
         6          0          0          0          0        152   heapauxi.o
         0          0          0          0          0          0   indicate_semi.o
        44         10        272          0          0         76   lc_ctype_c.o
        44         10         28          0          0         76   lc_numeric_c.o
         2          0          0          0          0          0   libinit.o
        30          0          0          0          0          0   libinit2.o
         2          0          0          0          0          0   libshutdown.o
         2          0          0          0          0          0   libshutdown2.o
         8          4          0          0         96         68   libspace.o
       138          0          0          0          0         80   lludiv10.o
        16          4          0          0          0         76   rt_ctype_table.o
         8          4          0          0          0         68   rt_locale_intlibspace.o
        68          0          0          0          0         68   rt_memclr.o
        78          0          0          0          0         80   rt_memclr_w.o
         2          0          0          0          0          0   rtexit.o
        10          0          0          0          0          0   rtexit2.o
       128          0          0          0          0         68   strcmpv7m.o
        62          0          0          0          0         76   strlen.o
        12          4          0          0          0         68   sys_exit.o
        74          0          0          0          0         80   sys_stackheap_outer.o
         2          0          0          0          0         68   use_no_semi.o
        52          4          0          0          0         80   vsnprintf.o
         4          0          0          0          0         68   printf1.o
         4          0          0          0          0         68   printf2.o
         0          0          0          0          0          0   usenofp.o
        40          0          0          0          0         68   fpclassify.o

    ----------------------------------------------------------------------
      7058        266        552          0        100       4392   Library Totals
        16          0          1          0          4          0   (incl. Padding)

    ----------------------------------------------------------------------

      Code (inc. data)   RO Data    RW Data    ZI Data      Debug   Library Name

      6994        266        551          0         96       4188   c_w.l
         8          0          0          0          0        136   fz_ws.l
        40          0          0          0          0         68   m_ws.l

    ----------------------------------------------------------------------
      7058        266        552          0        100       4392   Library Totals

    ----------------------------------------------------------------------

==============================================================================


      Code (inc. data)   RO Data    RW Data    ZI Data      Debug   

     22292       1414        856        412      18476     596836   Grand Totals
     22292       1414        856        196      18476     596836   ELF Image Totals (compressed)
     22292       1414        856        196          0          0   ROM Totals

==============================================================================

    Total RO  Size (Code + RO Data)                23148 (  22.61kB)
    Total RW  Size (RW Data + ZI Data)             18888 (  18.45kB)
    Total ROM Size (Code + RO Data + RW Data)      23344 (  22.80kB)

==============================================================================

