<html>
<body>
<pre>
<h1>µVision Build Log</h1>
<h2>Tool Versions:</h2>
IDE-Version: µVision V5.29.0.0
Copyright (C) 2019 ARM Ltd and ARM Germany GmbH. All rights reserved.
License Information: VU Tri Dung, HUST, LIC=----
 
Tool Versions:
Toolchain:       MDK-Lite  Version: 5.29.0.0
Toolchain Path:  C:\Keil_v5\ARM\ARMCC\Bin
C Compiler:      Armcc.exe V5.06 update 6 (build 750)
Assembler:       Armasm.exe V5.06 update 6 (build 750)
Linker/Locator:  ArmLink.exe V5.06 update 6 (build 750)
Library Manager: ArmAr.exe V5.06 update 6 (build 750)
Hex Converter:   FromElf.exe V5.06 update 6 (build 750)
CPU DLL:         SARMCM3.DLL V5.29.0.0
Dialog DLL:      DCM.DLL V1.17.3.0
Target DLL:      STLink\ST-LINKIII-KEIL_SWO.dll V3.0.7.0
Dialog DLL:      TCM.DLL V1.36.5.0
 
<h2>Project:</h2>
C:\Download\Operating-System-Project-main (1)\Operating-System-Project-main\MDK-ARM\myRTOS_Drivers.uvprojx
Project File Date:  05/24/2026

<h2>Output:</h2>
*** Using Compiler 'V5.06 update 6 (build 750)', folder: 'C:\Keil_v5\ARM\ARMCC\Bin'
Rebuild target 'myRTOS_Drivers'
assembling startup_stm32f103xb.s...
compiling stm32f1xx_it.c...
compiling stm32f1xx_hal_msp.c...
compiling usbd_cdc_if.c...
../MyDrivers/Inc/usb_cdc_driver.h(68): warning:  #1-D: last line of file ends without a newline
  #endif /* USB_CDC_DRIVER_H */
../USB_DEVICE/App/usbd_cdc_if.c: 1 warning, 0 errors
compiling gpio.c...
compiling usbd_desc.c...
compiling usb_device.c...
compiling main.c...
../MyDrivers/Inc/usb_cdc_driver.h(68): warning:  #1-D: last line of file ends without a newline
  #endif /* USB_CDC_DRIVER_H */
../MyOS/Inc/os_memory.h(85): warning:  #1-D: last line of file ends without a newline
  #endif /* OS_MEMORY_H */
../MyOS/Inc/os_semaphore.h(99): warning:  #1-D: last line of file ends without a newline
  #endif /* OS_SEMAPHORE_H */
../MyOS/Inc/os_queue.h(129): warning:  #1-D: last line of file ends without a newline
  #endif /* OS_QUEUE_H */
..\Core\Src\main.c: 4 warnings, 0 errors
compiling stm32f1xx_hal_gpio_ex.c...
compiling stm32f1xx_hal_pcd_ex.c...
compiling stm32f1xx_hal.c...
compiling usbd_conf.c...
compiling stm32f1xx_hal_rcc.c...
compiling stm32f1xx_ll_usb.c...
compiling stm32f1xx_hal_pcd.c...
compiling stm32f1xx_hal_gpio.c...
compiling stm32f1xx_hal_rcc_ex.c...
compiling stm32f1xx_hal_pwr.c...
compiling stm32f1xx_hal_cortex.c...
compiling stm32f1xx_hal_flash.c...
compiling stm32f1xx_hal_flash_ex.c...
compiling stm32f1xx_hal_dma.c...
compiling system_stm32f1xx.c...
compiling stm32f1xx_hal_exti.c...
compiling usbd_ioreq.c...
compiling usbd_core.c...
compiling usb_cdc_driver.c...
../MyDrivers/Inc/usb_cdc_driver.h(68): warning:  #1-D: last line of file ends without a newline
  #endif /* USB_CDC_DRIVER_H */
..\MyDrivers\Src\usb_cdc_driver.c: 1 warning, 0 errors
compiling usbd_ctlreq.c...
compiling usbd_cdc.c...
compiling gpio_driver.c...
compiling os_mutex.c...
compiling os_memory.c...
../MyOS/Inc/os_memory.h(85): warning:  #1-D: last line of file ends without a newline
  #endif /* OS_MEMORY_H */
..\MyOS\Src\os_memory.c(127): warning:  #1-D: last line of file ends without a newline
  }
..\MyOS\Src\os_memory.c: 2 warnings, 0 errors
compiling os_semaphore.c...
../MyOS/Inc/os_semaphore.h(99): warning:  #1-D: last line of file ends without a newline
  #endif /* OS_SEMAPHORE_H */
..\MyOS\Src\os_semaphore.c: 1 warning, 0 errors
compiling os_queue.c...
../MyOS/Inc/os_queue.h(129): warning:  #1-D: last line of file ends without a newline
  #endif /* OS_QUEUE_H */
..\MyOS\Src\os_queue.c: 1 warning, 0 errors
compiling tiny_os.c...
compiling test_tv2.c...
../MyOS/Inc/os_memory.h(85): warning:  #1-D: last line of file ends without a newline
  #endif /* OS_MEMORY_H */
../MyOS/Inc/os_semaphore.h(99): warning:  #1-D: last line of file ends without a newline
  #endif /* OS_SEMAPHORE_H */
../MyOS/Inc/os_queue.h(129): warning:  #1-D: last line of file ends without a newline
  #endif /* OS_QUEUE_H */
../MyDrivers/Inc/usb_cdc_driver.h(68): warning:  #1-D: last line of file ends without a newline
  #endif /* USB_CDC_DRIVER_H */
..\MyOS\Test\test_tv2.c: 4 warnings, 0 errors
linking...
Program Size: Code=11236 RO-data=304 RW-data=40 ZI-data=5848  
FromELF: creating hex file...
"myRTOS_Drivers\myRTOS_Drivers.axf" - 0 Error(s), 14 Warning(s).

<h2>Software Packages used:</h2>

Package Vendor: ARM
                https://www.keil.com/pack/ARM.CMSIS.6.3.0.pack
                ARM.CMSIS.6.3.0
                CMSIS (Common Microcontroller Software Interface Standard)
   * Component: CORE Version: 6.2.0

<h2>Collection of Component include folders:</h2>
  .\RTE\_myRTOS_Drivers
  D:\desktop\ARM\CMSIS\6.3.0\CMSIS\Core\Include

<h2>Collection of Component Files used:</h2>

   * Component: ARM::CMSIS:CORE:6.2.0
      Include file:  CMSIS\Core\Include\tz_context.h
Build Time Elapsed:  00:00:13
</pre>
</body>
</html>
