Component: ARM Compiler 5.06 update 6 (build 750) Tool: armlink [4d35ed]

==============================================================================

Section Cross References

    startup_stm32f103xb.o(STACK) refers (Special) to heapauxi.o(.text) for __use_two_region_memory
    startup_stm32f103xb.o(HEAP) refers (Special) to heapauxi.o(.text) for __use_two_region_memory
    startup_stm32f103xb.o(RESET) refers (Special) to heapauxi.o(.text) for __use_two_region_memory
    startup_stm32f103xb.o(RESET) refers to startup_stm32f103xb.o(STACK) for __initial_sp
    startup_stm32f103xb.o(RESET) refers to startup_stm32f103xb.o(.text) for Reset_Handler
    startup_stm32f103xb.o(RESET) refers to stm32f1xx_it.o(i.NMI_Handler) for NMI_Handler
    startup_stm32f103xb.o(RESET) refers to stm32f1xx_it.o(i.HardFault_Handler) for HardFault_Handler
    startup_stm32f103xb.o(RESET) refers to stm32f1xx_it.o(i.MemManage_Handler) for MemManage_Handler
    startup_stm32f103xb.o(RESET) refers to stm32f1xx_it.o(i.BusFault_Handler) for BusFault_Handler
    startup_stm32f103xb.o(RESET) refers to stm32f1xx_it.o(i.UsageFault_Handler) for UsageFault_Handler
    startup_stm32f103xb.o(RESET) refers to stm32f1xx_it.o(.emb_text) for SVC_Handler
    startup_stm32f103xb.o(RESET) refers to stm32f1xx_it.o(i.DebugMon_Handler) for DebugMon_Handler
    startup_stm32f103xb.o(RESET) refers to stm32f1xx_it.o(i.SysTick_Handler) for SysTick_Handler
    startup_stm32f103xb.o(RESET) refers to stm32f1xx_it.o(i.USB_LP_CAN1_RX0_IRQHandler) for USB_LP_CAN1_RX0_IRQHandler
    startup_stm32f103xb.o(.text) refers (Special) to heapauxi.o(.text) for __use_two_region_memory
    startup_stm32f103xb.o(.text) refers to system_stm32f1xx.o(i.SystemInit) for SystemInit
    startup_stm32f103xb.o(.text) refers to __main.o(!!!main) for __main
    startup_stm32f103xb.o(.text) refers to startup_stm32f103xb.o(HEAP) for Heap_Mem
    startup_stm32f103xb.o(.text) refers to startup_stm32f103xb.o(STACK) for Stack_Mem
    gpio.o(i.MX_GPIO_Init) refers to stm32f1xx_hal_gpio.o(i.HAL_GPIO_WritePin) for HAL_GPIO_WritePin
    gpio.o(i.MX_GPIO_Init) refers to stm32f1xx_hal_gpio.o(i.HAL_GPIO_Init) for HAL_GPIO_Init
    stm32f1xx_it.o(.emb_text) refers to tiny_os.o(.data) for OS_CurrentTCB
    stm32f1xx_it.o(.emb_text) refers to tiny_os.o(i.OS_Schedule) for OS_Schedule
    stm32f1xx_it.o(i.SysTick_Handler) refers to stm32f1xx_hal.o(i.HAL_IncTick) for HAL_IncTick
    stm32f1xx_it.o(i.SysTick_Handler) refers to tiny_os.o(i.OS_Tick_Handler) for OS_Tick_Handler
    stm32f1xx_it.o(i.USB_LP_CAN1_RX0_IRQHandler) refers to stm32f1xx_hal_pcd.o(i.HAL_PCD_IRQHandler) for HAL_PCD_IRQHandler
    stm32f1xx_it.o(i.USB_LP_CAN1_RX0_IRQHandler) refers to usbd_conf.o(.bss) for hpcd_USB_FS
    stm32f1xx_hal_msp.o(i.HAL_MspInit) refers to stm32f1xx_hal_cortex.o(i.HAL_NVIC_SetPriority) for HAL_NVIC_SetPriority
    main - copy_1.o(i.Proto_Log) refers to strlen.o(.text) for strlen
    main - copy_1.o(i.Proto_Log) refers to main - copy_1.o(i.Proto_Send) for Proto_Send
    main - copy_1.o(i.Proto_Send) refers to main - copy_1.o(i.Proto_CRC8) for Proto_CRC8
    main - copy_1.o(i.Proto_Send) refers to usb_cdc_driver.o(i.USB_CDC_Send) for USB_CDC_Send
    main - copy_1.o(i.SystemClock_Config) refers to rt_memclr_w.o(.text) for __aeabi_memclr4
    main - copy_1.o(i.SystemClock_Config) refers to stm32f1xx_hal_rcc.o(i.HAL_RCC_OscConfig) for HAL_RCC_OscConfig
    main - copy_1.o(i.SystemClock_Config) refers to stm32f1xx_hal_rcc.o(i.HAL_RCC_ClockConfig) for HAL_RCC_ClockConfig
    main - copy_1.o(i.SystemClock_Config) refers to stm32f1xx_hal_rcc_ex.o(i.HAL_RCCEx_PeriphCLKConfig) for HAL_RCCEx_PeriphCLKConfig
    main - copy_1.o(i.Task_Heartbeat) refers to tiny_os.o(i.OS_GetTick) for OS_GetTick
    main - copy_1.o(i.Task_Heartbeat) refers to tiny_os.o(i.OS_GetTaskCount) for OS_GetTaskCount
    main - copy_1.o(i.Task_Heartbeat) refers to main - copy_1.o(i.Proto_Send) for Proto_Send
    main - copy_1.o(i.Task_Heartbeat) refers to tiny_os.o(i.OS_Delay) for OS_Delay
    main - copy_1.o(i.Task_Heartbeat) refers to main - copy_1.o(.constdata) for .constdata
    main - copy_1.o(i.Task_LED) refers to gpio_driver.o(i.LED_Toggle) for LED_Toggle
    main - copy_1.o(i.Task_LED) refers to usb_cdc_driver.o(i.USB_CDC_IsConnected) for USB_CDC_IsConnected
    main - copy_1.o(i.Task_LED) refers to tiny_os.o(i.OS_Delay) for OS_Delay
    main - copy_1.o(i.Task_Monitor) refers to tiny_os.o(i.OS_GetTaskCount) for OS_GetTaskCount
    main - copy_1.o(i.Task_Monitor) refers to tiny_os.o(i.OS_GetTaskInfo) for OS_GetTaskInfo
    main - copy_1.o(i.Task_Monitor) refers to strncpy.o(.text) for strncpy
    main - copy_1.o(i.Task_Monitor) refers to tiny_os.o(i.OS_GetStackFreeBytes) for OS_GetStackFreeBytes
    main - copy_1.o(i.Task_Monitor) refers to main - copy_1.o(i.Proto_Send) for Proto_Send
    main - copy_1.o(i.Task_Monitor) refers to tiny_os.o(i.OS_Delay) for OS_Delay
[...]
    i.HAL_PCD_EP_DB_Receive                  0x080008e4   Section        0  stm32f1xx_hal_pcd.o(i.HAL_PCD_EP_DB_Receive)
    HAL_PCD_EP_DB_Receive                    0x080008e5   Thumb Code   230  stm32f1xx_hal_pcd.o(i.HAL_PCD_EP_DB_Receive)
    i.HAL_PCD_EP_DB_Transmit                 0x080009ca   Section        0  stm32f1xx_hal_pcd.o(i.HAL_PCD_EP_DB_Transmit)
    HAL_PCD_EP_DB_Transmit                   0x080009cb   Thumb Code   824  stm32f1xx_hal_pcd.o(i.HAL_PCD_EP_DB_Transmit)
    i.HAL_PCD_EP_GetRxCount                  0x08000d02   Section        0  stm32f1xx_hal_pcd.o(i.HAL_PCD_EP_GetRxCount)
    i.HAL_PCD_EP_Open                        0x08000d14   Section        0  stm32f1xx_hal_pcd.o(i.HAL_PCD_EP_Open)
    i.HAL_PCD_EP_Receive                     0x08000d6c   Section        0  stm32f1xx_hal_pcd.o(i.HAL_PCD_EP_Receive)
    i.HAL_PCD_EP_SetStall                    0x08000d9a   Section        0  stm32f1xx_hal_pcd.o(i.HAL_PCD_EP_SetStall)
    i.HAL_PCD_EP_Transmit                    0x08000e0a   Section        0  stm32f1xx_hal_pcd.o(i.HAL_PCD_EP_Transmit)
    i.HAL_PCD_IRQHandler                     0x08000e38   Section        0  stm32f1xx_hal_pcd.o(i.HAL_PCD_IRQHandler)
    i.HAL_PCD_Init                           0x08000f6c   Section        0  stm32f1xx_hal_pcd.o(i.HAL_PCD_Init)
    i.HAL_PCD_MspInit                        0x08001028   Section        0  usbd_conf.o(i.HAL_PCD_MspInit)
    i.HAL_PCD_ResetCallback                  0x08001064   Section        0  usbd_conf.o(i.HAL_PCD_ResetCallback)
    i.HAL_PCD_ResumeCallback                 0x0800108a   Section        0  usbd_conf.o(i.HAL_PCD_ResumeCallback)
    i.HAL_PCD_SOFCallback                    0x08001092   Section        0  usbd_conf.o(i.HAL_PCD_SOFCallback)
    i.HAL_PCD_SetAddress                     0x0800109a   Section        0  stm32f1xx_hal_pcd.o(i.HAL_PCD_SetAddress)
    i.HAL_PCD_SetupStageCallback             0x080010c0   Section        0  usbd_conf.o(i.HAL_PCD_SetupStageCallback)
    i.HAL_PCD_Start                          0x080010ce   Section        0  stm32f1xx_hal_pcd.o(i.HAL_PCD_Start)
    i.HAL_PCD_SuspendCallback                0x08001100   Section        0  usbd_conf.o(i.HAL_PCD_SuspendCallback)
    i.HAL_RCCEx_PeriphCLKConfig              0x08001124   Section        0  stm32f1xx_hal_rcc_ex.o(i.HAL_RCCEx_PeriphCLKConfig)
    i.HAL_RCC_ClockConfig                    0x08001210   Section        0  stm32f1xx_hal_rcc.o(i.HAL_RCC_ClockConfig)
    i.HAL_RCC_GetSysClockFreq                0x0800133c   Section        0  stm32f1xx_hal_rcc.o(i.HAL_RCC_GetSysClockFreq)
    i.HAL_RCC_OscConfig                      0x08001388   Section        0  stm32f1xx_hal_rcc.o(i.HAL_RCC_OscConfig)
    i.HAL_SYSTICK_Config                     0x080016a8   Section        0  stm32f1xx_hal_cortex.o(i.HAL_SYSTICK_Config)
    i.HardFault_Handler                      0x080016d0   Section        0  stm32f1xx_it.o(i.HardFault_Handler)
    i.IntToUnicode                           0x080016d4   Section        0  usbd_desc.o(i.IntToUnicode)
    IntToUnicode                             0x080016d5   Thumb Code    56  usbd_desc.o(i.IntToUnicode)
    i.LED_Off                                0x0800170c   Section        0  gpio_driver.o(i.LED_Off)
    i.LED_Toggle                             0x0800171c   Section        0  gpio_driver.o(i.LED_Toggle)
    i.MX_GPIO_Init                           0x0800172c   Section        0  gpio.o(i.MX_GPIO_Init)
    i.MX_USB_DEVICE_Init                     0x080017c4   Section        0  usb_device.o(i.MX_USB_DEVICE_Init)
    i.MemManage_Handler                      0x08001818   Section        0  stm32f1xx_it.o(i.MemManage_Handler)
    i.NMI_Handler                            0x0800181a   Section        0  stm32f1xx_it.o(i.NMI_Handler)
    i.OS_CreateTask                          0x0800181c   Section        0  tiny_os.o(i.OS_CreateTask)
    i.OS_Delay                               0x08001920   Section        0  tiny_os.o(i.OS_Delay)
    i.OS_GetStackFreeBytes                   0x0800194c   Section        0  tiny_os.o(i.OS_GetStackFreeBytes)
    i.OS_GetTaskCount                        0x08001990   Section        0  tiny_os.o(i.OS_GetTaskCount)
    i.OS_GetTaskInfo                         0x0800199c   Section        0  tiny_os.o(i.OS_GetTaskInfo)
    i.OS_GetTick                             0x080019bc   Section        0  tiny_os.o(i.OS_GetTick)
    i.OS_Init                                0x080019c8   Section        0  tiny_os.o(i.OS_Init)
    i.OS_Schedule                            0x08001a3c   Section        0  tiny_os.o(i.OS_Schedule)
    i.OS_SelectNextTask                      0x08001a6c   Section        0  tiny_os.o(i.OS_SelectNextTask)
    OS_SelectNextTask                        0x08001a6d   Thumb Code   132  tiny_os.o(i.OS_SelectNextTask)
    i.OS_Start                               0x08001af8   Section        0  tiny_os.o(i.OS_Start)
    i.OS_TaskExit_Error                      0x08001b1c   Section        0  tiny_os.o(i.OS_TaskExit_Error)
    OS_TaskExit_Error                        0x08001b1d   Thumb Code    22  tiny_os.o(i.OS_TaskExit_Error)
    i.OS_Tick_Handler                        0x08001b38   Section        0  tiny_os.o(i.OS_Tick_Handler)
    i.OS_TriggerPendSV                       0x08001bb8   Section        0  tiny_os.o(i.OS_TriggerPendSV)
    OS_TriggerPendSV                         0x08001bb9   Thumb Code    18  tiny_os.o(i.OS_TriggerPendSV)
    i.PCD_EP_ISR_Handler                     0x08001bd0   Section        0  stm32f1xx_hal_pcd.o(i.PCD_EP_ISR_Handler)
    PCD_EP_ISR_Handler                       0x08001bd1   Thumb Code   934  stm32f1xx_hal_pcd.o(i.PCD_EP_ISR_Handler)
    i.Proto_CRC8                             0x08001f76   Section        0  main - copy_1.o(i.Proto_CRC8)
    Proto_CRC8                               0x08001f77   Thumb Code    50  main - copy_1.o(i.Proto_CRC8)
    i.Proto_Log                              0x08001fa8   Section        0  main - copy_1.o(i.Proto_Log)
    Proto_Log                                0x08001fa9   Thumb Code    22  main - copy_1.o(i.Proto_Log)
    i.Proto_Send                             0x08001fbe   Section        0  main - copy_1.o(i.Proto_Send)
    Proto_Send                               0x08001fbf   Thumb Code    96  main - copy_1.o(i.Proto_Send)
    i.RxUsed                                 0x08002020   Section        0  usb_cdc_driver.o(i.RxUsed)
    RxUsed                                   0x08002021   Thumb Code    16  usb_cdc_driver.o(i.RxUsed)
    i.SysTick_Handler                        0x08002034   Section        0  stm32f1xx_it.o(i.SysTick_Handler)
    i.SystemClock_Config                     0x08002042   Section        0  main - copy_1.o(i.SystemClock_Config)
    i.SystemInit                             0x080020b8   Section        0  system_stm32f1xx.o(i.SystemInit)
    i.Task_Heartbeat                         0x080020bc   Section        0  main - copy_1.o(i.Task_Heartbeat)
    Task_Heartbeat                           0x080020bd   Thumb Code    48  main - copy_1.o(i.Task_Heartbeat)
    i.Task_Idle                              0x080020f0   Section        0  main - copy_1.o(i.Task_Idle)
    Task_Idle                                0x080020f1   Thumb Code     4  main - copy_1.o(i.Task_Idle)
    i.Task_LED                               0x080020f4   Section        0  main - copy_1.o(i.Task_LED)
    Task_LED                                 0x080020f5   Thumb Code    26  main - copy_1.o(i.Task_LED)
    i.Task_Monitor                           0x08002110   Section        0  main - copy_1.o(i.Task_Monitor)
    Task_Monitor                             0x08002111   Thumb Code   108  main - copy_1.o(i.Task_Monitor)
    i.Task_USB_Flush                         0x0800217c   Section        0  main - copy_1.o(i.Task_USB_Flush)
    Task_USB_Flush                           0x0800217d   Thumb Code    12  main - copy_1.o(i.Task_USB_Flush)
    i.Task_USB_Rx                            0x08002188   Section        0  main - copy_1.o(i.Task_USB_Rx)
    Task_USB_Rx                              0x08002189   Thumb Code    32  main - copy_1.o(i.Task_USB_Rx)
    i.TxUsed                                 0x080021c0   Section        0  usb_cdc_driver.o(i.TxUsed)
    TxUsed                                   0x080021c1   Thumb Code    18  usb_cdc_driver.o(i.TxUsed)
    i.USBD_CDC_DataIn                        0x080021d8   Section        0  usbd_cdc.o(i.USBD_CDC_DataIn)
    USBD_CDC_DataIn                          0x080021d9   Thumb Code    70  usbd_cdc.o(i.USBD_CDC_DataIn)
    i.USBD_CDC_DataOut                       0x0800221e   Section        0  usbd_cdc.o(i.USBD_CDC_DataOut)
    USBD_CDC_DataOut                         0x0800221f   Thumb Code    46  usbd_cdc.o(i.USBD_CDC_DataOut)
    i.USBD_CDC_DeInit                        0x0800224c   Section        0  usbd_cdc.o(i.USBD_CDC_DeInit)
    USBD_CDC_DeInit                          0x0800224d   Thumb Code    68  usbd_cdc.o(i.USBD_CDC_DeInit)
    i.USBD_CDC_EP0_RxReady                   0x08002290   Section        0  usbd_cdc.o(i.USBD_CDC_EP0_RxReady)
    USBD_CDC_EP0_RxReady                     0x08002291   Thumb Code    36  usbd_cdc.o(i.USBD_CDC_EP0_RxReady)
    i.USBD_CDC_GetDeviceQualifierDescriptor  0x080022b4   Section        0  usbd_cdc.o(i.USBD_CDC_GetDeviceQualifierDescriptor)
    i.USBD_CDC_GetFSCfgDesc                  0x080022c0   Section        0  usbd_cdc.o(i.USBD_CDC_GetFSCfgDesc)
    USBD_CDC_GetFSCfgDesc                    0x080022c1   Thumb Code     8  usbd_cdc.o(i.USBD_CDC_GetFSCfgDesc)
    i.USBD_CDC_GetHSCfgDesc                  0x080022cc   Section        0  usbd_cdc.o(i.USBD_CDC_GetHSCfgDesc)
    USBD_CDC_GetHSCfgDesc                    0x080022cd   Thumb Code     8  usbd_cdc.o(i.USBD_CDC_GetHSCfgDesc)
    i.USBD_CDC_GetOtherSpeedCfgDesc          0x080022d8   Section        0  usbd_cdc.o(i.USBD_CDC_GetOtherSpeedCfgDesc)
    USBD_CDC_GetOtherSpeedCfgDesc            0x080022d9   Thumb Code     8  usbd_cdc.o(i.USBD_CDC_GetOtherSpeedCfgDesc)
    i.USBD_CDC_Init                          0x080022e4   Section        0  usbd_cdc.o(i.USBD_CDC_Init)
    USBD_CDC_Init                            0x080022e5   Thumb Code   148  usbd_cdc.o(i.USBD_CDC_Init)
    i.USBD_CDC_ReceivePacket                 0x08002378   Section        0  usbd_cdc.o(i.USBD_CDC_ReceivePacket)
    i.USBD_CDC_RegisterInterface             0x080023a0   Section        0  usbd_cdc.o(i.USBD_CDC_RegisterInterface)
    i.USBD_CDC_SetRxBuffer                   0x080023b0   Section        0  usbd_cdc.o(i.USBD_CDC_SetRxBuffer)
    i.USBD_CDC_SetTxBuffer                   0x080023bc   Section        0  usbd_cdc.o(i.USBD_CDC_SetTxBuffer)
    i.USBD_CDC_Setup                         0x080023cc   Section        0  usbd_cdc.o(i.USBD_CDC_Setup)
    USBD_CDC_Setup                           0x080023cd   Thumb Code   172  usbd_cdc.o(i.USBD_CDC_Setup)
    i.USBD_CDC_TransmitPacket                0x08002478   Section        0  usbd_cdc.o(i.USBD_CDC_TransmitPacket)
    i.USBD_ClrClassConfig                    0x080024ae   Section        0  usbd_core.o(i.USBD_ClrClassConfig)
    i.USBD_CtlContinueRx                     0x080024bc   Section        0  usbd_ioreq.o(i.USBD_CtlContinueRx)
    i.USBD_CtlContinueSendData               0x080024cc   Section        0  usbd_ioreq.o(i.USBD_CtlContinueSendData)
    i.USBD_CtlError                          0x080024dc   Section        0  usbd_ctlreq.o(i.USBD_CtlError)
    i.USBD_CtlPrepareRx                      0x080024f2   Section        0  usbd_ioreq.o(i.USBD_CtlPrepareRx)
    i.USBD_CtlReceiveStatus                  0x08002510   Section        0  usbd_ioreq.o(i.USBD_CtlReceiveStatus)
    i.USBD_CtlSendData                       0x08002526   Section        0  usbd_ioreq.o(i.USBD_CtlSendData)
    i.USBD_CtlSendStatus                     0x08002540   Section        0  usbd_ioreq.o(i.USBD_CtlSendStatus)
    i.USBD_FS_ConfigStrDescriptor            0x08002558   Section        0  usbd_desc.o(i.USBD_FS_ConfigStrDescriptor)
    i.USBD_FS_DeviceDescriptor               0x08002578   Section        0  usbd_desc.o(i.USBD_FS_DeviceDescriptor)
    i.USBD_FS_InterfaceStrDescriptor         0x08002584   Section        0  usbd_desc.o(i.USBD_FS_InterfaceStrDescriptor)
    i.USBD_FS_LangIDStrDescriptor            0x080025a8   Section        0  usbd_desc.o(i.USBD_FS_LangIDStrDescriptor)
    i.USBD_FS_ManufacturerStrDescriptor      0x080025b4   Section        0  usbd_desc.o(i.USBD_FS_ManufacturerStrDescriptor)
    i.USBD_FS_ProductStrDescriptor           0x080025dc   Section        0  usbd_desc.o(i.USBD_FS_ProductStrDescriptor)
    i.USBD_FS_SerialStrDescriptor            0x08002608   Section        0  usbd_desc.o(i.USBD_FS_SerialStrDescriptor)
    i.USBD_GetDescriptor                     0x08002640   Section        0  usbd_ctlreq.o(i.USBD_GetDescriptor)
    USBD_GetDescriptor                       0x08002641   Thumb Code   232  usbd_ctlreq.o(i.USBD_GetDescriptor)
    i.USBD_GetString                         0x08002728   Section        0  usbd_ctlreq.o(i.USBD_GetString)
    i.USBD_Get_USB_Status                    0x08002770   Section        0  usbd_conf.o(i.USBD_Get_USB_Status)
    USBD_Get_USB_Status                      0x08002771   Thumb Code    24  usbd_conf.o(i.USBD_Get_USB_Status)
    i.USBD_Init                              0x08002788   Section        0  usbd_core.o(i.USBD_Init)
    i.USBD_LL_ClearStallEP                   0x080027b2   Section        0  usbd_conf.o(i.USBD_LL_ClearStallEP)
    i.USBD_LL_CloseEP                        0x080027c4   Section        0  usbd_conf.o(i.USBD_LL_CloseEP)
    i.USBD_LL_DataInStage                    0x080027d6   Section        0  usbd_core.o(i.USBD_LL_DataInStage)
    i.USBD_LL_DataOutStage                   0x0800289c   Section        0  usbd_core.o(i.USBD_LL_DataOutStage)
    i.USBD_LL_GetRxDataSize                  0x0800291e   Section        0  usbd_conf.o(i.USBD_LL_GetRxDataSize)
    i.USBD_LL_Init                           0x08002928   Section        0  usbd_conf.o(i.USBD_LL_Init)
    i.USBD_LL_IsStallEP                      0x080029a8   Section        0  usbd_conf.o(i.USBD_LL_IsStallEP)
    i.USBD_LL_OpenEP                         0x080029c6   Section        0  usbd_conf.o(i.USBD_LL_OpenEP)
    i.USBD_LL_PrepareReceive                 0x080029de   Section        0  usbd_conf.o(i.USBD_LL_PrepareReceive)
    i.USBD_LL_Reset                          0x080029f0   Section        0  usbd_core.o(i.USBD_LL_Reset)
    i.USBD_LL_Resume                         0x08002a40   Section        0  usbd_core.o(i.USBD_LL_Resume)
    i.USBD_LL_SOF                            0x08002a54   Section        0  usbd_core.o(i.USBD_LL_SOF)
    i.USBD_LL_SetSpeed                       0x08002a6c   Section        0  usbd_core.o(i.USBD_LL_SetSpeed)
    i.USBD_LL_SetUSBAddress                  0x08002a72   Section        0  usbd_conf.o(i.USBD_LL_SetUSBAddress)
    i.USBD_LL_SetupStage                     0x08002a84   Section        0  usbd_core.o(i.USBD_LL_SetupStage)
    i.USBD_LL_StallEP                        0x08002ade   Section        0  usbd_conf.o(i.USBD_LL_StallEP)
    i.USBD_LL_Start                          0x08002af0   Section        0  usbd_conf.o(i.USBD_LL_Start)
    i.USBD_LL_Suspend                        0x08002b02   Section        0  usbd_core.o(i.USBD_LL_Suspend)
    i.USBD_LL_Transmit                       0x08002b14   Section        0  usbd_conf.o(i.USBD_LL_Transmit)
    i.USBD_ParseSetupRequest                 0x08002b26   Section        0  usbd_ctlreq.o(i.USBD_ParseSetupRequest)
    i.USBD_RegisterClass                     0x08002b4e   Section        0  usbd_core.o(i.USBD_RegisterClass)
    i.USBD_SetClassConfig                    0x08002b5e   Section        0  usbd_core.o(i.USBD_SetClassConfig)
    i.USBD_SetConfig                         0x08002b74   Section        0  usbd_ctlreq.o(i.USBD_SetConfig)
    USBD_SetConfig                           0x08002b75   Thumb Code   128  usbd_ctlreq.o(i.USBD_SetConfig)
    i.USBD_Start                             0x08002bf8   Section        0  usbd_core.o(i.USBD_Start)
    i.USBD_StdDevReq                         0x08002c02   Section        0  usbd_ctlreq.o(i.USBD_StdDevReq)
    i.USBD_StdEPReq                          0x08002d14   Section        0  usbd_ctlreq.o(i.USBD_StdEPReq)
    i.USBD_StdItfReq                         0x08002e64   Section        0  usbd_ctlreq.o(i.USBD_StdItfReq)
    i.USBD_static_free                       0x08002eb2   Section        0  usbd_conf.o(i.USBD_static_free)
    i.USBD_static_malloc                     0x08002eb4   Section        0  usbd_conf.o(i.USBD_static_malloc)
    i.USB_ActivateEndpoint                   0x08002ebc   Section        0  stm32f1xx_ll_usb.o(i.USB_ActivateEndpoint)
    i.USB_CDC_Driver_Init                    0x08003158   Section        0  usb_cdc_driver.o(i.USB_CDC_Driver_Init)
    i.USB_CDC_FlushTX                        0x08003190   Section        0  usb_cdc_driver.o(i.USB_CDC_FlushTX)
    i.USB_CDC_IsConnected                    0x0800320c   Section        0  usb_cdc_driver.o(i.USB_CDC_IsConnected)
    i.USB_CDC_Receive                        0x08003218   Section        0  usb_cdc_driver.o(i.USB_CDC_Receive)
    i.USB_CDC_RxAvailable                    0x08003254   Section        0  usb_cdc_driver.o(i.USB_CDC_RxAvailable)
    i.USB_CDC_RxCallback                     0x08003258   Section        0  usb_cdc_driver.o(i.USB_CDC_RxCallback)
    i.USB_CDC_Send                           0x080032a0   Section        0  usb_cdc_driver.o(i.USB_CDC_Send)
    i.USB_CDC_SetConnected                   0x0800330c   Section        0  usb_cdc_driver.o(i.USB_CDC_SetConnected)
    i.USB_CoreInit                           0x08003330   Section        0  stm32f1xx_ll_usb.o(i.USB_CoreInit)
    i.USB_DeactivateEndpoint                 0x08003334   Section        0  stm32f1xx_ll_usb.o(i.USB_DeactivateEndpoint)
    i.USB_DevConnect                         0x08003442   Section        0  stm32f1xx_ll_usb.o(i.USB_DevConnect)
    i.USB_DevDisconnect                      0x08003446   Section        0  stm32f1xx_ll_usb.o(i.USB_DevDisconnect)
    i.USB_DevInit                            0x0800344a   Section        0  stm32f1xx_ll_usb.o(i.USB_DevInit)
    i.USB_DisableGlobalInt                   0x0800345c   Section        0  stm32f1xx_ll_usb.o(i.USB_DisableGlobalInt)
    i.USB_EP0_OutStart                       0x0800346a   Section        0  stm32f1xx_ll_usb.o(i.USB_EP0_OutStart)
    i.USB_EPClearStall                       0x0800346e   Section        0  stm32f1xx_ll_usb.o(i.USB_EPClearStall)
    i.USB_EPSetStall                         0x080034e6   Section        0  stm32f1xx_ll_usb.o(i.USB_EPSetStall)
    i.USB_EPStartXfer                        0x08003518   Section        0  stm32f1xx_ll_usb.o(i.USB_EPStartXfer)
    i.USB_EnableGlobalInt                    0x080039fa   Section        0  stm32f1xx_ll_usb.o(i.USB_EnableGlobalInt)
    i.USB_LP_CAN1_RX0_IRQHandler             0x08003a0c   Section        0  stm32f1xx_it.o(i.USB_LP_CAN1_RX0_IRQHandler)
    i.USB_ReadInterrupts                     0x08003a18   Section        0  stm32f1xx_ll_usb.o(i.USB_ReadInterrupts)
    i.USB_ReadPMA                            0x08003a20   Section        0  stm32f1xx_ll_usb.o(i.USB_ReadPMA)
    i.USB_SetCurrentMode                     0x08003a4c   Section        0  stm32f1xx_ll_usb.o(i.USB_SetCurrentMode)
    i.USB_SetDevAddress                      0x08003a50   Section        0  stm32f1xx_ll_usb.o(i.USB_SetDevAddress)
    i.USB_WritePMA                           0x08003a5c   Section        0  stm32f1xx_ll_usb.o(i.USB_WritePMA)
    i.UsageFault_Handler                     0x08003a82   Section        0  stm32f1xx_it.o(i.UsageFault_Handler)
    i.__NVIC_SetPriority                     0x08003a84   Section        0  stm32f1xx_hal_cortex.o(i.__NVIC_SetPriority)
    __NVIC_SetPriority                       0x08003a85   Thumb Code    32  stm32f1xx_hal_cortex.o(i.__NVIC_SetPriority)
    i.__NVIC_SetPriority                     0x08003aa4   Section        0  tiny_os.o(i.__NVIC_SetPriority)
    __NVIC_SetPriority                       0x08003aa5   Thumb Code    32  tiny_os.o(i.__NVIC_SetPriority)
    i.main                                   0x08003ac4   Section        0  main - copy_1.o(i.main)
    .constdata                               0x08003bf0   Section        7  main - copy_1.o(.constdata)
    .constdata                               0x08003bf7   Section       18  stm32f1xx_hal_rcc.o(.constdata)
    aPredivFactorTable                       0x08003bf7   Data           2  stm32f1xx_hal_rcc.o(.constdata)
    aPLLMULFactorTable                       0x08003bf9   Data          16  stm32f1xx_hal_rcc.o(.constdata)
    .constdata                               0x08003c09   Section       16  system_stm32f1xx.o(.constdata)
    .data                                    0x20000000   Section       28  usbd_desc.o(.data)
    .data                                    0x2000001c   Section       50  usbd_desc.o(.data)
    .data                                    0x20000050   Section       16  usbd_cdc_if.o(.data)
    .data                                    0x20000060   Section       12  stm32f1xx_hal.o(.data)
    .data                                    0x2000006c   Section        4  system_stm32f1xx.o(.data)
    .data                                    0x20000070   Section        1  usbd_ctlreq.o(.data)
    cfgidx                                   0x20000070   Data           1  usbd_ctlreq.o(.data)
    .data                                    0x20000074   Section      215  usbd_cdc.o(.data)
    USBD_CDC_DeviceQualifierDesc             0x20000074   Data          10  usbd_cdc.o(.data)
    .data                                    0x2000014c   Section       56  usbd_cdc.o(.data)
    .data                                    0x20000184   Section        2  usb_cdc_driver.o(.data)
    s_tx_busy                                0x20000184   Data           1  usb_cdc_driver.o(.data)
    s_connected                              0x20000185   Data           1  usb_cdc_driver.o(.data)
    .data                                    0x20000188   Section       16  tiny_os.o(.data)
    os_task_count                            0x20000188   Data           1  tiny_os.o(.data)
    os_started                               0x20000189   Data           1  tiny_os.o(.data)
    os_tick                                  0x20000190   Data           4  tiny_os.o(.data)
    os_current_index                         0x20000194   Data           4  tiny_os.o(.data)
    .bss                                     0x20000198   Section     3840  main - copy_1.o(.bss)
    stack_led                                0x20000198   Data         512  main - copy_1.o(.bss)
    stack_heartbeat                          0x20000398   Data         768  main - copy_1.o(.bss)
    stack_usb_flush                          0x20000698   Data         512  main - copy_1.o(.bss)
    stack_usb_rx                             0x20000898   Data         768  main - copy_1.o(.bss)
    stack_idle                               0x20000b98   Data         512  main - copy_1.o(.bss)
    stack_monitor                            0x20000d98   Data         768  main - copy_1.o(.bss)
    .bss                                     0x20001098   Section      708  usb_device.o(.bss)
    .bss                                     0x2000135c   Section      512  usbd_desc.o(.bss)
    .bss                                     0x2000155c   Section     2048  usbd_cdc_if.o(.bss)
    .bss                                     0x20001d5c   Section     1272  usbd_conf.o(.bss)
    mem                                      0x20001d5c   Data         544  usbd_conf.o(.bss)
    .bss                                     0x20002254   Section      856  usb_cdc_driver.o(.bss)
    s_tx                                     0x20002254   Data         516  usb_cdc_driver.o(.bss)
    s_rx                                     0x20002458   Data         260  usb_cdc_driver.o(.bss)
    s_tx_pkt                                 0x2000255c   Data          64  usb_cdc_driver.o(.bss)
    s_stats                                  0x2000259c   Data          16  usb_cdc_driver.o(.bss)
    .bss                                     0x200025ac   Section      320  tiny_os.o(.bss)
    os_tasks                                 0x200025ac   Data         320  tiny_os.o(.bss)
    .bss                                     0x200026ec   Section       96  libspace.o(.bss)
    HEAP                                     0x20002750   Section     1024  startup_stm32f103xb.o(HEAP)
    Heap_Mem                                 0x20002750   Data        1024  startup_stm32f103xb.o(HEAP)
    STACK                                    0x20002b50   Section     2048  startup_stm32f103xb.o(STACK)
    Stack_Mem                                0x20002b50   Data        2048  startup_stm32f103xb.o(STACK)
    __initial_sp                             0x20003350   Data           0  startup_stm32f103xb.o(STACK)

    Global Symbols

    Symbol Name                              Value     Ov Type        Size  Object(Section)

    BuildAttributes$$THM_ISAv4$P$D$K$B$S$PE$A:L22UL41UL21$X:L11$S22US41US21$IEEE1$IW$USESV6$~STKCKD$USESV7$~SHL$OTIME$ROPI$IEEEJ$EBA8$UX$STANDARDLIB$REQ8$PRES8$EABIv2 0x00000000   Number         0  anon$$obj.o ABSOLUTE
    __ARM_use_no_argv                        0x00000000   Number         0  main - copy_1.o ABSOLUTE
    _printf_flags                            0x00000000   Number         0  printf_stubs.o ABSOLUTE
    _printf_return_value                     0x00000000   Number         0  printf_stubs.o ABSOLUTE
    _printf_sizespec                         0x00000000   Number         0  printf_stubs.o ABSOLUTE
    _printf_widthprec                        0x00000000   Number         0  printf_stubs.o ABSOLUTE
    __ARM_exceptions_init                     - Undefined Weak Reference
    __alloca_initialize                       - Undefined Weak Reference
    __arm_preinit_                            - Undefined Weak Reference
    __cpp_initialize__aeabi_                  - Undefined Weak Reference
    __cxa_finalize                            - Undefined Weak Reference
    __sigvec_lookup                           - Undefined Weak Reference
    _atexit_init                              - Undefined Weak Reference
    _call_atexit_fns                          - Undefined Weak Reference
    _clock_init                               - Undefined Weak Reference
    _fp_trap_init                             - Undefined Weak Reference
    _fp_trap_shutdown                         - Undefined Weak Reference
    _get_lc_collate                           - Undefined Weak Reference
    _get_lc_monetary                          - Undefined Weak Reference
    _get_lc_time                              - Undefined Weak Reference
    _getenv_init                              - Undefined Weak Reference
    _handle_redirection                       - Undefined Weak Reference
    _init_alloc                               - Undefined Weak Reference
    _init_user_alloc                          - Undefined Weak Reference
    _initio                                   - Undefined Weak Reference
    _printf_mbtowc                            - Undefined Weak Reference
    _printf_wc                                - Undefined Weak Reference
    _rand_init                                - Undefined Weak Reference
    _signal_finish                            - Undefined Weak Reference
    _signal_init                              - Undefined Weak Reference
    _terminate_alloc                          - Undefined Weak Reference
    _terminate_user_alloc                     - Undefined Weak Reference
    _terminateio                              - Undefined Weak Reference
    __Vectors_Size                           0x000000ec   Number         0  startup_stm32f103xb.o ABSOLUTE
    __Vectors                                0x08000000   Data           4  startup_stm32f103xb.o(RESET)
    __Vectors_End                            0x080000ec   Data           0  startup_stm32f103xb.o(RESET)
    __main                                   0x080000ed   Thumb Code     8  __main.o(!!!main)
    __scatterload                            0x080000f5   Thumb Code     0  __scatter.o(!!!scatter)
    __scatterload_rt2                        0x080000f5   Thumb Code    44  __scatter.o(!!!scatter)
    __scatterload_rt2_thumb_only             0x080000f5   Thumb Code     0  __scatter.o(!!!scatter)
    __scatterload_null                       0x08000103   Thumb Code     0  __scatter.o(!!!scatter)
    __decompress                             0x08000129   Thumb Code    90  __dczerorl2.o(!!dczerorl2)
    __decompress1                            0x08000129   Thumb Code     0  __dczerorl2.o(!!dczerorl2)
    __scatterload_zeroinit                   0x08000185   Thumb Code    28  __scatter_zi.o(!!handler_zi)
    __rt_lib_init                            0x080001a1   Thumb Code     0  libinit.o(.ARM.Collect$$libinit$$00000000)
    __rt_lib_init_alloca_1                   0x080001a3   Thumb Code     0  libinit2.o(.ARM.Collect$$libinit$$0000002E)
    __rt_lib_init_argv_1                     0x080001a3   Thumb Code     0  libinit2.o(.ARM.Collect$$libinit$$0000002C)
    __rt_lib_init_atexit_1                   0x080001a3   Thumb Code     0  libinit2.o(.ARM.Collect$$libinit$$0000001B)
    __rt_lib_init_clock_1                    0x080001a3   Thumb Code     0  libinit2.o(.ARM.Collect$$libinit$$00000021)
    __rt_lib_init_cpp_1                      0x080001a3   Thumb Code     0  libinit2.o(.ARM.Collect$$libinit$$00000032)
    __rt_lib_init_exceptions_1               0x080001a3   Thumb Code     0  libinit2.o(.ARM.Collect$$libinit$$00000030)
    __rt_lib_init_fp_1                       0x080001a3   Thumb Code     0  libinit2.o(.ARM.Collect$$libinit$$00000002)
    __rt_lib_init_fp_trap_1                  0x080001a3   Thumb Code     0  libinit2.o(.ARM.Collect$$libinit$$0000001F)
    __rt_lib_init_getenv_1                   0x080001a3   Thumb Code     0  libinit2.o(.ARM.Collect$$libinit$$00000023)
    __rt_lib_init_heap_1                     0x080001a3   Thumb Code     0  libinit2.o(.ARM.Collect$$libinit$$0000000A)
    __rt_lib_init_lc_collate_1               0x080001a3   Thumb Code     0  libinit2.o(.ARM.Collect$$libinit$$00000011)
    __rt_lib_init_lc_ctype_1                 0x080001a3   Thumb Code     0  libinit2.o(.ARM.Collect$$libinit$$00000013)
    __rt_lib_init_lc_monetary_1              0x080001a3   Thumb Code     0  libinit2.o(.ARM.Collect$$libinit$$00000015)
    __rt_lib_init_lc_numeric_1               0x080001a3   Thumb Code     0  libinit2.o(.ARM.Collect$$libinit$$00000017)
    __rt_lib_init_lc_time_1                  0x080001a3   Thumb Code     0  libinit2.o(.ARM.Collect$$libinit$$00000019)
    __rt_lib_init_preinit_1                  0x080001a3   Thumb Code     0  libinit2.o(.ARM.Collect$$libinit$$00000004)
    __rt_lib_init_rand_1                     0x080001a3   Thumb Code     0  libinit2.o(.ARM.Collect$$libinit$$0000000E)
    __rt_lib_init_return                     0x080001a3   Thumb Code     0  libinit2.o(.ARM.Collect$$libinit$$00000033)
    __rt_lib_init_signal_1                   0x080001a3   Thumb Code     0  libinit2.o(.ARM.Collect$$libinit$$0000001D)
    __rt_lib_init_stdio_1                    0x080001a3   Thumb Code     0  libinit2.o(.ARM.Collect$$libinit$$00000025)
    __rt_lib_init_user_alloc_1               0x080001a3   Thumb Code     0  libinit2.o(.ARM.Collect$$libinit$$0000000C)
    __rt_lib_shutdown                        0x080001a5   Thumb Code     0  libshutdown.o(.ARM.Collect$$libshutdown$$00000000)
    __rt_lib_shutdown_cpp_1                  0x080001a7   Thumb Code     0  libshutdown2.o(.ARM.Collect$$libshutdown$$00000002)
    __rt_lib_shutdown_fp_trap_1              0x080001a7   Thumb Code     0  libshutdown2.o(.ARM.Collect$$libshutdown$$00000007)
    __rt_lib_shutdown_heap_1                 0x080001a7   Thumb Code     0  libshutdown2.o(.ARM.Collect$$libshutdown$$0000000F)
    __rt_lib_shutdown_return                 0x080001a7   Thumb Code     0  libshutdown2.o(.ARM.Collect$$libshutdown$$00000010)
    __rt_lib_shutdown_signal_1               0x080001a7   Thumb Code     0  libshutdown2.o(.ARM.Collect$$libshutdown$$0000000A)
    __rt_lib_shutdown_stdio_1                0x080001a7   Thumb Code     0  libshutdown2.o(.ARM.Collect$$libshutdown$$00000004)
    __rt_lib_shutdown_user_alloc_1           0x080001a7   Thumb Code     0  libshutdown2.o(.ARM.Collect$$libshutdown$$0000000C)
    __rt_entry                               0x080001a9   Thumb Code     0  __rtentry.o(.ARM.Collect$$rtentry$$00000000)
    __rt_entry_presh_1                       0x080001a9   Thumb Code     0  __rtentry2.o(.ARM.Collect$$rtentry$$00000002)
    __rt_entry_sh                            0x080001a9   Thumb Code     0  __rtentry4.o(.ARM.Collect$$rtentry$$00000004)
    __rt_entry_li                            0x080001af   Thumb Code     0  __rtentry2.o(.ARM.Collect$$rtentry$$0000000A)
    __rt_entry_postsh_1                      0x080001af   Thumb Code     0  __rtentry2.o(.ARM.Collect$$rtentry$$00000009)
    __rt_entry_main                          0x080001b3   Thumb Code     0  __rtentry2.o(.ARM.Collect$$rtentry$$0000000D)
    __rt_entry_postli_1                      0x080001b3   Thumb Code     0  __rtentry2.o(.ARM.Collect$$rtentry$$0000000C)
    __rt_exit                                0x080001bb   Thumb Code     0  rtexit.o(.ARM.Collect$$rtexit$$00000000)
    __rt_exit_ls                             0x080001bd   Thumb Code     0  rtexit2.o(.ARM.Collect$$rtexit$$00000003)
    __rt_exit_prels_1                        0x080001bd   Thumb Code     0  rtexit2.o(.ARM.Collect$$rtexit$$00000002)
    __rt_exit_exit                           0x080001c1   Thumb Code     0  rtexit2.o(.ARM.Collect$$rtexit$$00000004)
    SVC_Handler                              0x080001c9   Thumb Code    30  stm32f1xx_it.o(.emb_text)
    PendSV_Handler                           0x080001ed   Thumb Code    40  stm32f1xx_it.o(.emb_text)
    Reset_Handler                            0x08000219   Thumb Code     8  startup_stm32f103xb.o(.text)
    ADC1_2_IRQHandler                        0x08000233   Thumb Code     0  startup_stm32f103xb.o(.text)
    CAN1_RX1_IRQHandler                      0x08000233   Thumb Code     0  startup_stm32f103xb.o(.text)
    CAN1_SCE_IRQHandler                      0x08000233   Thumb Code     0  startup_stm32f103xb.o(.text)
    DMA1_Channel1_IRQHandler                 0x08000233   Thumb Code     0  startup_stm32f103xb.o(.text)
    DMA1_Channel2_IRQHandler                 0x08000233   Thumb Code     0  startup_stm32f103xb.o(.text)
    DMA1_Channel3_IRQHandler                 0x08000233   Thumb Code     0  startup_stm32f103xb.o(.text)
    DMA1_Channel4_IRQHandler                 0x08000233   Thumb Code     0  startup_stm32f103xb.o(.text)
    DMA1_Channel5_IRQHandler                 0x08000233   Thumb Code     0  startup_stm32f103xb.o(.text)
    DMA1_Channel6_IRQHandler                 0x08000233   Thumb Code     0  startup_stm32f103xb.o(.text)
    DMA1_Channel7_IRQHandler                 0x08000233   Thumb Code     0  startup_stm32f103xb.o(.text)
    EXTI0_IRQHandler                         0x08000233   Thumb Code     0  startup_stm32f103xb.o(.text)
    EXTI15_10_IRQHandler                     0x08000233   Thumb Code     0  startup_stm32f103xb.o(.text)
    EXTI1_IRQHandler                         0x08000233   Thumb Code     0  startup_stm32f103xb.o(.text)
    EXTI2_IRQHandler                         0x08000233   Thumb Code     0  startup_stm32f103xb.o(.text)
    EXTI3_IRQHandler                         0x08000233   Thumb Code     0  startup_stm32f103xb.o(.text)
    EXTI4_IRQHandler                         0x08000233   Thumb Code     0  startup_stm32f103xb.o(.text)
    EXTI9_5_IRQHandler                       0x08000233   Thumb Code     0  startup_stm32f103xb.o(.text)
    FLASH_IRQHandler                         0x08000233   Thumb Code     0  startup_stm32f103xb.o(.text)
    I2C1_ER_IRQHandler                       0x08000233   Thumb Code     0  startup_stm32f103xb.o(.text)
    I2C1_EV_IRQHandler                       0x08000233   Thumb Code     0  startup_stm32f103xb.o(.text)
    I2C2_ER_IRQHandler                       0x08000233   Thumb Code     0  startup_stm32f103xb.o(.text)
    I2C2_EV_IRQHandler                       0x08000233   Thumb Code     0  startup_stm32f103xb.o(.text)
    PVD_IRQHandler                           0x08000233   Thumb Code     0  startup_stm32f103xb.o(.text)
    RCC_IRQHandler                           0x08000233   Thumb Code     0  startup_stm32f103xb.o(.text)
    RTC_Alarm_IRQHandler                     0x08000233   Thumb Code     0  startup_stm32f103xb.o(.text)
    RTC_IRQHandler                           0x08000233   Thumb Code     0  startup_stm32f103xb.o(.text)
    SPI1_IRQHandler                          0x08000233   Thumb Code     0  startup_stm32f103xb.o(.text)
    SPI2_IRQHandler                          0x08000233   Thumb Code     0  startup_stm32f103xb.o(.text)
    TAMPER_IRQHandler                        0x08000233   Thumb Code     0  startup_stm32f103xb.o(.text)
    TIM1_BRK_IRQHandler                      0x08000233   Thumb Code     0  startup_stm32f103xb.o(.text)
    TIM1_CC_IRQHandler                       0x08000233   Thumb Code     0  startup_stm32f103xb.o(.text)
    TIM1_TRG_COM_IRQHandler                  0x08000233   Thumb Code     0  startup_stm32f103xb.o(.text)
    TIM1_UP_IRQHandler                       0x08000233   Thumb Code     0  startup_stm32f103xb.o(.text)
    TIM2_IRQHandler                          0x08000233   Thumb Code     0  startup_stm32f103xb.o(.text)
    TIM3_IRQHandler                          0x08000233   Thumb Code     0  startup_stm32f103xb.o(.text)
    TIM4_IRQHandler                          0x08000233   Thumb Code     0  startup_stm32f103xb.o(.text)
    USART1_IRQHandler                        0x08000233   Thumb Code     0  startup_stm32f103xb.o(.text)
    USART2_IRQHandler                        0x08000233   Thumb Code     0  startup_stm32f103xb.o(.text)
    USART3_IRQHandler                        0x08000233   Thumb Code     0  startup_stm32f103xb.o(.text)
    USBWakeUp_IRQHandler                     0x08000233   Thumb Code     0  startup_stm32f103xb.o(.text)
    USB_HP_CAN1_TX_IRQHandler                0x08000233   Thumb Code     0  startup_stm32f103xb.o(.text)
    WWDG_IRQHandler                          0x08000233   Thumb Code     0  startup_stm32f103xb.o(.text)
    __user_initial_stackheap                 0x08000235   Thumb Code     0  startup_stm32f103xb.o(.text)
    strlen                                   0x08000259   Thumb Code    62  strlen.o(.text)
    __aeabi_memclr                           0x08000297   Thumb Code     0  rt_memclr.o(.text)
    __rt_memclr                              0x08000297   Thumb Code    68  rt_memclr.o(.text)
    _memset                                  0x0800029b   Thumb Code     0  rt_memclr.o(.text)
    __aeabi_memclr4                          0x080002db   Thumb Code     0  rt_memclr_w.o(.text)
    __aeabi_memclr8                          0x080002db   Thumb Code     0  rt_memclr_w.o(.text)
    __rt_memclr_w                            0x080002db   Thumb Code    78  rt_memclr_w.o(.text)
    _memset_w                                0x080002df   Thumb Code     0  rt_memclr_w.o(.text)
    strncpy                                  0x08000329   Thumb Code    86  strncpy.o(.text)
    __use_two_region_memory                  0x0800037f   Thumb Code     2  heapauxi.o(.text)
    __rt_heap_escrow$2region                 0x08000381   Thumb Code     2  heapauxi.o(.text)
    __rt_heap_expand$2region                 0x08000383   Thumb Code     2  heapauxi.o(.text)
    __user_setup_stackheap                   0x08000385   Thumb Code    74  sys_stackheap_outer.o(.text)
    exit                                     0x080003cf   Thumb Code    18  exit.o(.text)
    __user_libspace                          0x080003e1   Thumb Code     8  libspace.o(.text)
    __user_perproc_libspace                  0x080003e1   Thumb Code     0  libspace.o(.text)
    __user_perthread_libspace                0x080003e1   Thumb Code     0  libspace.o(.text)
    _sys_exit                                0x080003e9   Thumb Code     8  sys_exit.o(.text)
    __I$use$semihosting                      0x080003f5   Thumb Code     0  use_no_semi.o(.text)
    __use_no_semihosting_swi                 0x080003f5   Thumb Code     2  use_no_semi.o(.text)
    BusFault_Handler                         0x080003f7   Thumb Code     2  stm32f1xx_it.o(i.BusFault_Handler)
    __semihosting_library_function           0x080003f7   Thumb Code     0  indicate_semi.o(.text)
    CDC_Transmit_FS                          0x08000465   Thumb Code    38  usbd_cdc_if.o(i.CDC_Transmit_FS)
    DebugMon_Handler                         0x08000491   Thumb Code     2  stm32f1xx_it.o(i.DebugMon_Handler)
    Error_Handler                            0x08000493   Thumb Code     4  main - copy_1.o(i.Error_Handler)
    GPIO_Driver_Init                         0x08000497   Thumb Code     2  gpio_driver.o(i.GPIO_Driver_Init)
    HAL_GPIO_Init                            0x08000499   Thumb Code   446  stm32f1xx_hal_gpio.o(i.HAL_GPIO_Init)
    HAL_GPIO_TogglePin                       0x08000679   Thumb Code    16  stm32f1xx_hal_gpio.o(i.HAL_GPIO_TogglePin)
    HAL_GPIO_WritePin                        0x08000689   Thumb Code    10  stm32f1xx_hal_gpio.o(i.HAL_GPIO_WritePin)
    HAL_GetTick                              0x08000695   Thumb Code     6  stm32f1xx_hal.o(i.HAL_GetTick)
    HAL_IncTick                              0x080006a1   Thumb Code    12  stm32f1xx_hal.o(i.HAL_IncTick)
    HAL_Init                                 0x080006b1   Thumb Code    32  stm32f1xx_hal.o(i.HAL_Init)
    HAL_InitTick                             0x080006d5   Thumb Code    54  stm32f1xx_hal.o(i.HAL_InitTick)
    HAL_MspInit                              0x08000715   Thumb Code    62  stm32f1xx_hal_msp.o(i.HAL_MspInit)
    HAL_NVIC_EnableIRQ                       0x0800075d   Thumb Code    26  stm32f1xx_hal_cortex.o(i.HAL_NVIC_EnableIRQ)
    HAL_NVIC_SetPriority                     0x08000779   Thumb Code    60  stm32f1xx_hal_cortex.o(i.HAL_NVIC_SetPriority)
    HAL_NVIC_SetPriorityGrouping             0x080007b9   Thumb Code    26  stm32f1xx_hal_cortex.o(i.HAL_NVIC_SetPriorityGrouping)
    HAL_PCDEx_PMAConfig                      0x080007dd   Thumb Code    60  stm32f1xx_hal_pcd_ex.o(i.HAL_PCDEx_PMAConfig)
    HAL_PCDEx_SetConnectionState             0x08000819   Thumb Code     2  usbd_conf.o(i.HAL_PCDEx_SetConnectionState)
    HAL_PCD_DataInStageCallback              0x0800081b   Thumb Code    18  usbd_conf.o(i.HAL_PCD_DataInStageCallback)
    HAL_PCD_DataOutStageCallback             0x0800082d   Thumb Code    20  usbd_conf.o(i.HAL_PCD_DataOutStageCallback)
    HAL_PCD_EP_Close                         0x08000841   Thumb Code    74  stm32f1xx_hal_pcd.o(i.HAL_PCD_EP_Close)
    HAL_PCD_EP_ClrStall                      0x0800088b   Thumb Code    90  stm32f1xx_hal_pcd.o(i.HAL_PCD_EP_ClrStall)
    HAL_PCD_EP_GetRxCount                    0x08000d03   Thumb Code    18  stm32f1xx_hal_pcd.o(i.HAL_PCD_EP_GetRxCount)
    HAL_PCD_EP_Open                          0x08000d15   Thumb Code    88  stm32f1xx_hal_pcd.o(i.HAL_PCD_EP_Open)
    HAL_PCD_EP_Receive                       0x08000d6d   Thumb Code    46  stm32f1xx_hal_pcd.o(i.HAL_PCD_EP_Receive)
    HAL_PCD_EP_SetStall                      0x08000d9b   Thumb Code   112  stm32f1xx_hal_pcd.o(i.HAL_PCD_EP_SetStall)
    HAL_PCD_EP_Transmit                      0x08000e0b   Thumb Code    46  stm32f1xx_hal_pcd.o(i.HAL_PCD_EP_Transmit)
    HAL_PCD_IRQHandler                       0x08000e39   Thumb Code   308  stm32f1xx_hal_pcd.o(i.HAL_PCD_IRQHandler)
    HAL_PCD_Init                             0x08000f6d   Thumb Code   186  stm32f1xx_hal_pcd.o(i.HAL_PCD_Init)
    HAL_PCD_MspInit                          0x08001029   Thumb Code    50  usbd_conf.o(i.HAL_PCD_MspInit)
    HAL_PCD_ResetCallback                    0x08001065   Thumb Code    38  usbd_conf.o(i.HAL_PCD_ResetCallback)
    HAL_PCD_ResumeCallback                   0x0800108b   Thumb Code     8  usbd_conf.o(i.HAL_PCD_ResumeCallback)
    HAL_PCD_SOFCallback                      0x08001093   Thumb Code     8  usbd_conf.o(i.HAL_PCD_SOFCallback)
    HAL_PCD_SetAddress                       0x0800109b   Thumb Code    38  stm32f1xx_hal_pcd.o(i.HAL_PCD_SetAddress)
    HAL_PCD_SetupStageCallback               0x080010c1   Thumb Code    14  usbd_conf.o(i.HAL_PCD_SetupStageCallback)
    HAL_PCD_Start                            0x080010cf   Thumb Code    50  stm32f1xx_hal_pcd.o(i.HAL_PCD_Start)
    HAL_PCD_SuspendCallback                  0x08001101   Thumb Code    30  usbd_conf.o(i.HAL_PCD_SuspendCallback)
    HAL_RCCEx_PeriphCLKConfig                0x08001125   Thumb Code   224  stm32f1xx_hal_rcc_ex.o(i.HAL_RCCEx_PeriphCLKConfig)
    HAL_RCC_ClockConfig                      0x08001211   Thumb Code   280  stm32f1xx_hal_rcc.o(i.HAL_RCC_ClockConfig)
    HAL_RCC_GetSysClockFreq                  0x0800133d   Thumb Code    58  stm32f1xx_hal_rcc.o(i.HAL_RCC_GetSysClockFreq)
    HAL_RCC_OscConfig                        0x08001389   Thumb Code   778  stm32f1xx_hal_rcc.o(i.HAL_RCC_OscConfig)
    HAL_SYSTICK_Config                       0x080016a9   Thumb Code    40  stm32f1xx_hal_cortex.o(i.HAL_SYSTICK_Config)
    HardFault_Handler                        0x080016d1   Thumb Code     2  stm32f1xx_it.o(i.HardFault_Handler)
    LED_Off                                  0x0800170d   Thumb Code    10  gpio_driver.o(i.LED_Off)
    LED_Toggle                               0x0800171d   Thumb Code    10  gpio_driver.o(i.LED_Toggle)
    MX_GPIO_Init                             0x0800172d   Thumb Code   138  gpio.o(i.MX_GPIO_Init)
    MX_USB_DEVICE_Init                       0x080017c5   Thumb Code    66  usb_device.o(i.MX_USB_DEVICE_Init)
    MemManage_Handler                        0x08001819   Thumb Code     2  stm32f1xx_it.o(i.MemManage_Handler)
    NMI_Handler                              0x0800181b   Thumb Code     2  stm32f1xx_it.o(i.NMI_Handler)
    OS_CreateTask                            0x0800181d   Thumb Code   246  tiny_os.o(i.OS_CreateTask)
    OS_Delay                                 0x08001921   Thumb Code    38  tiny_os.o(i.OS_Delay)
    OS_GetStackFreeBytes                     0x0800194d   Thumb Code    58  tiny_os.o(i.OS_GetStackFreeBytes)
    OS_GetTaskCount                          0x08001991   Thumb Code     6  tiny_os.o(i.OS_GetTaskCount)
    OS_GetTaskInfo                           0x0800199d   Thumb Code    24  tiny_os.o(i.OS_GetTaskInfo)
    OS_GetTick                               0x080019bd   Thumb Code     6  tiny_os.o(i.OS_GetTick)
    OS_Init                                  0x080019c9   Thumb Code   104  tiny_os.o(i.OS_Init)
    OS_Schedule                              0x08001a3d   Thumb Code    42  tiny_os.o(i.OS_Schedule)
    OS_Start                                 0x08001af9   Thumb Code    30  tiny_os.o(i.OS_Start)
    OS_Tick_Handler                          0x08001b39   Thumb Code   118  tiny_os.o(i.OS_Tick_Handler)
    SysTick_Handler                          0x08002035   Thumb Code    14  stm32f1xx_it.o(i.SysTick_Handler)
    SystemClock_Config                       0x08002043   Thumb Code   118  main - copy_1.o(i.SystemClock_Config)
    SystemInit                               0x080020b9   Thumb Code     2  system_stm32f1xx.o(i.SystemInit)
    USBD_CDC_GetDeviceQualifierDescriptor    0x080022b5   Thumb Code     8  usbd_cdc.o(i.USBD_CDC_GetDeviceQualifierDescriptor)
    USBD_CDC_ReceivePacket                   0x08002379   Thumb Code    40  usbd_cdc.o(i.USBD_CDC_ReceivePacket)
    USBD_CDC_RegisterInterface               0x080023a1   Thumb Code    16  usbd_cdc.o(i.USBD_CDC_RegisterInterface)
    USBD_CDC_SetRxBuffer                     0x080023b1   Thumb Code    12  usbd_cdc.o(i.USBD_CDC_SetRxBuffer)
    USBD_CDC_SetTxBuffer                     0x080023bd   Thumb Code    16  usbd_cdc.o(i.USBD_CDC_SetTxBuffer)
    USBD_CDC_TransmitPacket                  0x08002479   Thumb Code    54  usbd_cdc.o(i.USBD_CDC_TransmitPacket)
    USBD_ClrClassConfig                      0x080024af   Thumb Code    14  usbd_core.o(i.USBD_ClrClassConfig)
    USBD_CtlContinueRx                       0x080024bd   Thumb Code    16  usbd_ioreq.o(i.USBD_CtlContinueRx)
    USBD_CtlContinueSendData                 0x080024cd   Thumb Code    16  usbd_ioreq.o(i.USBD_CtlContinueSendData)
    USBD_CtlError                            0x080024dd   Thumb Code    22  usbd_ctlreq.o(i.USBD_CtlError)
    USBD_CtlPrepareRx                        0x080024f3   Thumb Code    30  usbd_ioreq.o(i.USBD_CtlPrepareRx)
    USBD_CtlReceiveStatus                    0x08002511   Thumb Code    22  usbd_ioreq.o(i.USBD_CtlReceiveStatus)
    USBD_CtlSendData                         0x08002527   Thumb Code    26  usbd_ioreq.o(i.USBD_CtlSendData)
    USBD_CtlSendStatus                       0x08002541   Thumb Code    22  usbd_ioreq.o(i.USBD_CtlSendStatus)
    USBD_FS_ConfigStrDescriptor              0x08002559   Thumb Code    16  usbd_desc.o(i.USBD_FS_ConfigStrDescriptor)
    USBD_FS_DeviceDescriptor                 0x08002579   Thumb Code     8  usbd_desc.o(i.USBD_FS_DeviceDescriptor)
    USBD_FS_InterfaceStrDescriptor           0x08002585   Thumb Code    16  usbd_desc.o(i.USBD_FS_InterfaceStrDescriptor)
    USBD_FS_LangIDStrDescriptor              0x080025a9   Thumb Code     8  usbd_desc.o(i.USBD_FS_LangIDStrDescriptor)
    USBD_FS_ManufacturerStrDescriptor        0x080025b5   Thumb Code    16  usbd_desc.o(i.USBD_FS_ManufacturerStrDescriptor)
    USBD_FS_ProductStrDescriptor             0x080025dd   Thumb Code    16  usbd_desc.o(i.USBD_FS_ProductStrDescriptor)
    USBD_FS_SerialStrDescriptor              0x08002609   Thumb Code    48  usbd_desc.o(i.USBD_FS_SerialStrDescriptor)
    USBD_GetString                           0x08002729   Thumb Code    72  usbd_ctlreq.o(i.USBD_GetString)
    USBD_Init                                0x08002789   Thumb Code    42  usbd_core.o(i.USBD_Init)
    USBD_LL_ClearStallEP                     0x080027b3   Thumb Code    18  usbd_conf.o(i.USBD_LL_ClearStallEP)
    USBD_LL_CloseEP                          0x080027c5   Thumb Code    18  usbd_conf.o(i.USBD_LL_CloseEP)
    USBD_LL_DataInStage                      0x080027d7   Thumb Code   198  usbd_core.o(i.USBD_LL_DataInStage)
    USBD_LL_DataOutStage                     0x0800289d   Thumb Code   130  usbd_core.o(i.USBD_LL_DataOutStage)
    USBD_LL_GetRxDataSize                    0x0800291f   Thumb Code     8  usbd_conf.o(i.USBD_LL_GetRxDataSize)
    USBD_LL_Init                             0x08002929   Thumb Code   118  usbd_conf.o(i.USBD_LL_Init)
    USBD_LL_IsStallEP                        0x080029a9   Thumb Code    30  usbd_conf.o(i.USBD_LL_IsStallEP)
    USBD_LL_OpenEP                           0x080029c7   Thumb Code    24  usbd_conf.o(i.USBD_LL_OpenEP)
    USBD_LL_PrepareReceive                   0x080029df   Thumb Code    18  usbd_conf.o(i.USBD_LL_PrepareReceive)
    USBD_LL_Reset                            0x080029f1   Thumb Code    80  usbd_core.o(i.USBD_LL_Reset)
    USBD_LL_Resume                           0x08002a41   Thumb Code    20  usbd_core.o(i.USBD_LL_Resume)
    USBD_LL_SOF                              0x08002a55   Thumb Code    24  usbd_core.o(i.USBD_LL_SOF)
    USBD_LL_SetSpeed                         0x08002a6d   Thumb Code     6  usbd_core.o(i.USBD_LL_SetSpeed)
    USBD_LL_SetUSBAddress                    0x08002a73   Thumb Code    18  usbd_conf.o(i.USBD_LL_SetUSBAddress)
    USBD_LL_SetupStage                       0x08002a85   Thumb Code    90  usbd_core.o(i.USBD_LL_SetupStage)
    USBD_LL_StallEP                          0x08002adf   Thumb Code    18  usbd_conf.o(i.USBD_LL_StallEP)
    USBD_LL_Start                            0x08002af1   Thumb Code    18  usbd_conf.o(i.USBD_LL_Start)
    USBD_LL_Suspend                          0x08002b03   Thumb Code    18  usbd_core.o(i.USBD_LL_Suspend)
    USBD_LL_Transmit                         0x08002b15   Thumb Code    18  usbd_conf.o(i.USBD_LL_Transmit)
    USBD_ParseSetupRequest                   0x08002b27   Thumb Code    40  usbd_ctlreq.o(i.USBD_ParseSetupRequest)
    USBD_RegisterClass                       0x08002b4f   Thumb Code    16  usbd_core.o(i.USBD_RegisterClass)
    USBD_SetClassConfig                      0x08002b5f   Thumb Code    22  usbd_core.o(i.USBD_SetClassConfig)
    USBD_Start                               0x08002bf9   Thumb Code    10  usbd_core.o(i.USBD_Start)
    USBD_StdDevReq                           0x08002c03   Thumb Code   274  usbd_ctlreq.o(i.USBD_StdDevReq)
    USBD_StdEPReq                            0x08002d15   Thumb Code   336  usbd_ctlreq.o(i.USBD_StdEPReq)
    USBD_StdItfReq                           0x08002e65   Thumb Code    78  usbd_ctlreq.o(i.USBD_StdItfReq)
    USBD_static_free                         0x08002eb3   Thumb Code     2  usbd_conf.o(i.USBD_static_free)
    USBD_static_malloc                       0x08002eb5   Thumb Code     4  usbd_conf.o(i.USBD_static_malloc)
    USB_ActivateEndpoint                     0x08002ebd   Thumb Code   668  stm32f1xx_ll_usb.o(i.USB_ActivateEndpoint)
    USB_CDC_Driver_Init                      0x08003159   Thumb Code    44  usb_cdc_driver.o(i.USB_CDC_Driver_Init)
    USB_CDC_FlushTX                          0x08003191   Thumb Code   110  usb_cdc_driver.o(i.USB_CDC_FlushTX)
    USB_CDC_IsConnected                      0x0800320d   Thumb Code     6  usb_cdc_driver.o(i.USB_CDC_IsConnected)
    USB_CDC_Receive                          0x08003219   Thumb Code    54  usb_cdc_driver.o(i.USB_CDC_Receive)
    USB_CDC_RxAvailable                      0x08003255   Thumb Code     4  usb_cdc_driver.o(i.USB_CDC_RxAvailable)
    USB_CDC_RxCallback                       0x08003259   Thumb Code    62  usb_cdc_driver.o(i.USB_CDC_RxCallback)
    USB_CDC_Send                             0x080032a1   Thumb Code    94  usb_cdc_driver.o(i.USB_CDC_Send)
    USB_CDC_SetConnected                     0x0800330d   Thumb Code    28  usb_cdc_driver.o(i.USB_CDC_SetConnected)
    USB_CoreInit                             0x08003331   Thumb Code     4  stm32f1xx_ll_usb.o(i.USB_CoreInit)
    USB_DeactivateEndpoint                   0x08003335   Thumb Code   270  stm32f1xx_ll_usb.o(i.USB_DeactivateEndpoint)
    USB_DevConnect                           0x08003443   Thumb Code     4  stm32f1xx_ll_usb.o(i.USB_DevConnect)
    USB_DevDisconnect                        0x08003447   Thumb Code     4  stm32f1xx_ll_usb.o(i.USB_DevDisconnect)
    USB_DevInit                              0x0800344b   Thumb Code    18  stm32f1xx_ll_usb.o(i.USB_DevInit)
    USB_DisableGlobalInt                     0x0800345d   Thumb Code    14  stm32f1xx_ll_usb.o(i.USB_DisableGlobalInt)
    USB_EP0_OutStart                         0x0800346b   Thumb Code     4  stm32f1xx_ll_usb.o(i.USB_EP0_OutStart)
    USB_EPClearStall                         0x0800346f   Thumb Code   120  stm32f1xx_ll_usb.o(i.USB_EPClearStall)
    USB_EPSetStall                           0x080034e7   Thumb Code    50  stm32f1xx_ll_usb.o(i.USB_EPSetStall)
    USB_EPStartXfer                          0x08003519   Thumb Code  1250  stm32f1xx_ll_usb.o(i.USB_EPStartXfer)
    USB_EnableGlobalInt                      0x080039fb   Thumb Code    18  stm32f1xx_ll_usb.o(i.USB_EnableGlobalInt)
    USB_LP_CAN1_RX0_IRQHandler               0x08003a0d   Thumb Code     6  stm32f1xx_it.o(i.USB_LP_CAN1_RX0_IRQHandler)
    USB_ReadInterrupts                       0x08003a19   Thumb Code     6  stm32f1xx_ll_usb.o(i.USB_ReadInterrupts)
    USB_ReadPMA                              0x08003a21   Thumb Code    44  stm32f1xx_ll_usb.o(i.USB_ReadPMA)
    USB_SetCurrentMode                       0x08003a4d   Thumb Code     4  stm32f1xx_ll_usb.o(i.USB_SetCurrentMode)
    USB_SetDevAddress                        0x08003a51   Thumb Code    12  stm32f1xx_ll_usb.o(i.USB_SetDevAddress)
    USB_WritePMA                             0x08003a5d   Thumb Code    38  stm32f1xx_ll_usb.o(i.USB_WritePMA)
    UsageFault_Handler                       0x08003a83   Thumb Code     2  stm32f1xx_it.o(i.UsageFault_Handler)
    main                                     0x08003ac5   Thumb Code   178  main - copy_1.o(i.main)
    AHBPrescTable                            0x08003c09   Data          16  system_stm32f1xx.o(.constdata)
    Region$$Table$$Base                      0x08003c1c   Number         0  anon$$obj.o(Region$$Table)
    Region$$Table$$Limit                     0x08003c3c   Number         0  anon$$obj.o(Region$$Table)
    FS_Desc                                  0x20000000   Data          28  usbd_desc.o(.data)
    USBD_LangIDDesc                          0x2000001c   Data           4  usbd_desc.o(.data)
    USBD_FS_DeviceDesc                       0x20000020   Data          18  usbd_desc.o(.data)
    USBD_StringSerial                        0x20000034   Data          26  usbd_desc.o(.data)
    USBD_Interface_fops_FS                   0x20000050   Data          16  usbd_cdc_if.o(.data)
    uwTickFreq                               0x20000060   Data           1  stm32f1xx_hal.o(.data)
    uwTickPrio                               0x20000064   Data           4  stm32f1xx_hal.o(.data)
    uwTick                                   0x20000068   Data           4  stm32f1xx_hal.o(.data)
    SystemCoreClock                          0x2000006c   Data           4  system_stm32f1xx.o(.data)
    USBD_CDC_CfgHSDesc                       0x20000080   Data          67  usbd_cdc.o(.data)
    USBD_CDC_CfgFSDesc                       0x200000c4   Data          67  usbd_cdc.o(.data)
    USBD_CDC_OtherSpeedCfgDesc               0x20000108   Data          67  usbd_cdc.o(.data)
    USBD_CDC                                 0x2000014c   Data          56  usbd_cdc.o(.data)
    OS_CurrentTCB                            0x2000018c   Data           4  tiny_os.o(.data)
    hUsbDeviceFS                             0x20001098   Data         708  usb_device.o(.bss)
    USBD_StrDesc                             0x2000135c   Data         512  usbd_desc.o(.bss)
    UserRxBufferFS                           0x2000155c   Data        1024  usbd_cdc_if.o(.bss)
    UserTxBufferFS                           0x2000195c   Data        1024  usbd_cdc_if.o(.bss)
    hpcd_USB_FS                              0x20001f7c   Data         728  usbd_conf.o(.bss)
    __libspace_start                         0x200026ec   Data          96  libspace.o(.bss)
    __temporary_stack_top$libspace           0x2000274c   Data           0  libspace.o(.bss)



==============================================================================

Memory Map of the image

  Image Entry point : 0x080000ed

  Load Region LR_IROM1 (Base: 0x08000000, Size: 0x00003dd4, Max: 0x00010000, ABSOLUTE, COMPRESSED[0x00003d00])

    Execution Region ER_IROM1 (Exec base: 0x08000000, Load base: 0x08000000, Size: 0x00003c3c, Max: 0x00010000, ABSOLUTE)

    Exec Addr    Load Addr    Size         Type   Attr      Idx    E Section Name        Object

    0x08000000   0x08000000   0x000000ec   Data   RO            3    RESET               startup_stm32f103xb.o
    0x080000ec   0x080000ec   0x00000008   Code   RO         3255  * !!!main             c_w.l(__main.o)
    0x080000f4   0x080000f4   0x00000034   Code   RO         3580    !!!scatter          c_w.l(__scatter.o)
    0x08000128   0x08000128   0x0000005a   Code   RO         3578    !!dczerorl2         c_w.l(__dczerorl2.o)
    0x08000182   0x08000182   0x00000002   PAD
    0x08000184   0x08000184   0x0000001c   Code   RO         3582    !!handler_zi        c_w.l(__scatter_zi.o)
    0x080001a0   0x080001a0   0x00000002   Code   RO         3438    .ARM.Collect$$libinit$$00000000  c_w.l(libinit.o)
    0x080001a2   0x080001a2   0x00000000   Code   RO         3455    .ARM.Collect$$libinit$$00000002  c_w.l(libinit2.o)
    0x080001a2   0x080001a2   0x00000000   Code   RO         3457    .ARM.Collect$$libinit$$00000004  c_w.l(libinit2.o)
    0x080001a2   0x080001a2   0x00000000   Code   RO         3460    .ARM.Collect$$libinit$$0000000A  c_w.l(libinit2.o)
    0x080001a2   0x080001a2   0x00000000   Code   RO         3462    .ARM.Collect$$libinit$$0000000C  c_w.l(libinit2.o)
    0x080001a2   0x080001a2   0x00000000   Code   RO         3464    .ARM.Collect$$libinit$$0000000E  c_w.l(libinit2.o)
    0x080001a2   0x080001a2   0x00000000   Code   RO         3467    .ARM.Collect$$libinit$$00000011  c_w.l(libinit2.o)
    0x080001a2   0x080001a2   0x00000000   Code   RO         3469    .ARM.Collect$$libinit$$00000013  c_w.l(libinit2.o)
    0x080001a2   0x080001a2   0x00000000   Code   RO         3471    .ARM.Collect$$libinit$$00000015  c_w.l(libinit2.o)
    0x080001a2   0x080001a2   0x00000000   Code   RO         3473    .ARM.Collect$$libinit$$00000017  c_w.l(libinit2.o)
    0x080001a2   0x080001a2   0x00000000   Code   RO         3475    .ARM.Collect$$libinit$$00000019  c_w.l(libinit2.o)
    0x080001a2   0x080001a2   0x00000000   Code   RO         3477    .ARM.Collect$$libinit$$0000001B  c_w.l(libinit2.o)
    0x080001a2   0x080001a2   0x00000000   Code   RO         3479    .ARM.Collect$$libinit$$0000001D  c_w.l(libinit2.o)
    0x080001a2   0x080001a2   0x00000000   Code   RO         3481    .ARM.Collect$$libinit$$0000001F  c_w.l(libinit2.o)
    0x080001a2   0x080001a2   0x00000000   Code   RO         3483    .ARM.Collect$$libinit$$00000021  c_w.l(libinit2.o)
    0x080001a2   0x080001a2   0x00000000   Code   RO         3485    .ARM.Collect$$libinit$$00000023  c_w.l(libinit2.o)
    0x080001a2   0x080001a2   0x00000000   Code   RO         3487    .ARM.Collect$$libinit$$00000025  c_w.l(libinit2.o)
    0x080001a2   0x080001a2   0x00000000   Code   RO         3491    .ARM.Collect$$libinit$$0000002C  c_w.l(libinit2.o)
    0x080001a2   0x080001a2   0x00000000   Code   RO         3493    .ARM.Collect$$libinit$$0000002E  c_w.l(libinit2.o)
    0x080001a2   0x080001a2   0x00000000   Code   RO         3495    .ARM.Collect$$libinit$$00000030  c_w.l(libinit2.o)
    0x080001a2   0x080001a2   0x00000000   Code   RO         3497    .ARM.Collect$$libinit$$00000032  c_w.l(libinit2.o)
    0x080001a2   0x080001a2   0x00000002   Code   RO         3498    .ARM.Collect$$libinit$$00000033  c_w.l(libinit2.o)
    0x080001a4   0x080001a4   0x00000002   Code   RO         3518    .ARM.Collect$$libshutdown$$00000000  c_w.l(libshutdown.o)
    0x080001a6   0x080001a6   0x00000000   Code   RO         3531    .ARM.Collect$$libshutdown$$00000002  c_w.l(libshutdown2.o)
    0x080001a6   0x080001a6   0x00000000   Code   RO         3533    .ARM.Collect$$libshutdown$$00000004  c_w.l(libshutdown2.o)
    0x080001a6   0x080001a6   0x00000000   Code   RO         3536    .ARM.Collect$$libshutdown$$00000007  c_w.l(libshutdown2.o)
    0x080001a6   0x080001a6   0x00000000   Code   RO         3539    .ARM.Collect$$libshutdown$$0000000A  c_w.l(libshutdown2.o)
    0x080001a6   0x080001a6   0x00000000   Code   RO         3541    .ARM.Collect$$libshutdown$$0000000C  c_w.l(libshutdown2.o)
    0x080001a6   0x080001a6   0x00000000   Code   RO         3544    .ARM.Collect$$libshutdown$$0000000F  c_w.l(libshutdown2.o)
    0x080001a6   0x080001a6   0x00000002   Code   RO         3545    .ARM.Collect$$libshutdown$$00000010  c_w.l(libshutdown2.o)
    0x080001a8   0x080001a8   0x00000000   Code   RO         3257    .ARM.Collect$$rtentry$$00000000  c_w.l(__rtentry.o)
    0x080001a8   0x080001a8   0x00000000   Code   RO         3360    .ARM.Collect$$rtentry$$00000002  c_w.l(__rtentry2.o)
    0x080001a8   0x080001a8   0x00000006   Code   RO         3372    .ARM.Collect$$rtentry$$00000004  c_w.l(__rtentry4.o)
    0x080001ae   0x080001ae   0x00000000   Code   RO         3362    .ARM.Collect$$rtentry$$00000009  c_w.l(__rtentry2.o)
    0x080001ae   0x080001ae   0x00000004   Code   RO         3363    .ARM.Collect$$rtentry$$0000000A  c_w.l(__rtentry2.o)
    0x080001b2   0x080001b2   0x00000000   Code   RO         3365    .ARM.Collect$$rtentry$$0000000C  c_w.l(__rtentry2.o)
    0x080001b2   0x080001b2   0x00000008   Code   RO         3366    .ARM.Collect$$rtentry$$0000000D  c_w.l(__rtentry2.o)
    0x080001ba   0x080001ba   0x00000002   Code   RO         3447    .ARM.Collect$$rtexit$$00000000  c_w.l(rtexit.o)
    0x080001bc   0x080001bc   0x00000000   Code   RO         3500    .ARM.Collect$$rtexit$$00000002  c_w.l(rtexit2.o)
    0x080001bc   0x080001bc   0x00000004   Code   RO         3501    .ARM.Collect$$rtexit$$00000003  c_w.l(rtexit2.o)
    0x080001c0   0x080001c0   0x00000006   Code   RO         3502    .ARM.Collect$$rtexit$$00000004  c_w.l(rtexit2.o)
    0x080001c6   0x080001c6   0x00000002   PAD
    0x080001c8   0x080001c8   0x00000050   Code   RO          128    .emb_text           stm32f1xx_it.o
    0x08000218   0x08000218   0x00000040   Code   RO            4    .text               startup_stm32f103xb.o
    0x08000258   0x08000258   0x0000003e   Code   RO         3241    .text               c_w.l(strlen.o)
    0x08000296   0x08000296   0x00000044   Code   RO         3247    .text               c_w.l(rt_memclr.o)
    0x080002da   0x080002da   0x0000004e   Code   RO         3249    .text               c_w.l(rt_memclr_w.o)
    0x08000328   0x08000328   0x00000056   Code   RO         3251    .text               c_w.l(strncpy.o)
    0x0800037e   0x0800037e   0x00000006   Code   RO         3253    .text               c_w.l(heapauxi.o)
    0x08000384   0x08000384   0x0000004a   Code   RO         3392    .text               c_w.l(sys_stackheap_outer.o)
    0x080003ce   0x080003ce   0x00000012   Code   RO         3431    .text               c_w.l(exit.o)
    0x080003e0   0x080003e0   0x00000008   Code   RO         3444    .text               c_w.l(libspace.o)
    0x080003e8   0x080003e8   0x0000000c   Code   RO         3510    .text               c_w.l(sys_exit.o)
    0x080003f4   0x080003f4   0x00000002   Code   RO         3521    .text               c_w.l(use_no_semi.o)
    0x080003f6   0x080003f6   0x00000000   Code   RO         3523    .text               c_w.l(indicate_semi.o)
    0x080003f6   0x080003f6   0x00000002   Code   RO          129    i.BusFault_Handler  stm32f1xx_it.o
    0x080003f8   0x080003f8   0x00000020   Code   RO          483    i.CDC_Control_FS    usbd_cdc_if.o
    0x08000418   0x08000418   0x00000004   Code   RO          484    i.CDC_DeInit_FS     usbd_cdc_if.o
    0x0800041c   0x0800041c   0x00000024   Code   RO          485    i.CDC_Init_FS       usbd_cdc_if.o
    0x08000440   0x08000440   0x00000024   Code   RO          486    i.CDC_Receive_FS    usbd_cdc_if.o
    0x08000464   0x08000464   0x0000002c   Code   RO          487    i.CDC_Transmit_FS   usbd_cdc_if.o
    0x08000490   0x08000490   0x00000002   Code   RO          130    i.DebugMon_Handler  stm32f1xx_it.o
    0x08000492   0x08000492   0x00000004   Code   RO          230    i.Error_Handler     main - copy_1.o
    0x08000496   0x08000496   0x00000002   Code   RO         2749    i.GPIO_Driver_Init  gpio_driver.o
    0x08000498   0x08000498   0x000001e0   Code   RO         1569    i.HAL_GPIO_Init     stm32f1xx_hal_gpio.o
    0x08000678   0x08000678   0x00000010   Code   RO         1572    i.HAL_GPIO_TogglePin  stm32f1xx_hal_gpio.o
    0x08000688   0x08000688   0x0000000a   Code   RO         1573    i.HAL_GPIO_WritePin  stm32f1xx_hal_gpio.o
    0x08000692   0x08000692   0x00000002   PAD
    0x08000694   0x08000694   0x0000000c   Code   RO         1263    i.HAL_GetTick       stm32f1xx_hal.o
    0x080006a0   0x080006a0   0x00000010   Code   RO         1269    i.HAL_IncTick       stm32f1xx_hal.o
    0x080006b0   0x080006b0   0x00000024   Code   RO         1270    i.HAL_Init          stm32f1xx_hal.o
    0x080006d4   0x080006d4   0x00000040   Code   RO         1271    i.HAL_InitTick      stm32f1xx_hal.o
    0x08000714   0x08000714   0x00000048   Code   RO          206    i.HAL_MspInit       stm32f1xx_hal_msp.o
    0x0800075c   0x0800075c   0x0000001a   Code   RO         1729    i.HAL_NVIC_EnableIRQ  stm32f1xx_hal_cortex.o
    0x08000776   0x08000776   0x00000002   PAD
    0x08000778   0x08000778   0x00000040   Code   RO         1735    i.HAL_NVIC_SetPriority  stm32f1xx_hal_cortex.o
    0x080007b8   0x080007b8   0x00000024   Code   RO         1736    i.HAL_NVIC_SetPriorityGrouping  stm32f1xx_hal_cortex.o
    0x080007dc   0x080007dc   0x0000003c   Code   RO         1026    i.HAL_PCDEx_PMAConfig  stm32f1xx_hal_pcd_ex.o
    0x08000818   0x08000818   0x00000002   Code   RO          539    i.HAL_PCDEx_SetConnectionState  usbd_conf.o
    0x0800081a   0x0800081a   0x00000012   Code   RO          541    i.HAL_PCD_DataInStageCallback  usbd_conf.o
    0x0800082c   0x0800082c   0x00000014   Code   RO          542    i.HAL_PCD_DataOutStageCallback  usbd_conf.o
    0x08000840   0x08000840   0x0000004a   Code   RO          797    i.HAL_PCD_EP_Close  stm32f1xx_hal_pcd.o
    0x0800088a   0x0800088a   0x0000005a   Code   RO          798    i.HAL_PCD_EP_ClrStall  stm32f1xx_hal_pcd.o
    0x080008e4   0x080008e4   0x000000e6   Code   RO          799    i.HAL_PCD_EP_DB_Receive  stm32f1xx_hal_pcd.o
    0x080009ca   0x080009ca   0x00000338   Code   RO          800    i.HAL_PCD_EP_DB_Transmit  stm32f1xx_hal_pcd.o
    0x08000d02   0x08000d02   0x00000012   Code   RO          802    i.HAL_PCD_EP_GetRxCount  stm32f1xx_hal_pcd.o
    0x08000d14   0x08000d14   0x00000058   Code   RO          803    i.HAL_PCD_EP_Open   stm32f1xx_hal_pcd.o
    0x08000d6c   0x08000d6c   0x0000002e   Code   RO          804    i.HAL_PCD_EP_Receive  stm32f1xx_hal_pcd.o
    0x08000d9a   0x08000d9a   0x00000070   Code   RO          805    i.HAL_PCD_EP_SetStall  stm32f1xx_hal_pcd.o
    0x08000e0a   0x08000e0a   0x0000002e   Code   RO          806    i.HAL_PCD_EP_Transmit  stm32f1xx_hal_pcd.o
    0x08000e38   0x08000e38   0x00000134   Code   RO          808    i.HAL_PCD_IRQHandler  stm32f1xx_hal_pcd.o
    0x08000f6c   0x08000f6c   0x000000ba   Code   RO          811    i.HAL_PCD_Init      stm32f1xx_hal_pcd.o
    0x08001026   0x08001026   0x00000002   PAD
    0x08001028   0x08001028   0x0000003c   Code   RO          547    i.HAL_PCD_MspInit   usbd_conf.o
    0x08001064   0x08001064   0x00000026   Code   RO          548    i.HAL_PCD_ResetCallback  usbd_conf.o
    0x0800108a   0x0800108a   0x00000008   Code   RO          549    i.HAL_PCD_ResumeCallback  usbd_conf.o
    0x08001092   0x08001092   0x00000008   Code   RO          550    i.HAL_PCD_SOFCallback  usbd_conf.o
    0x0800109a   0x0800109a   0x00000026   Code   RO          817    i.HAL_PCD_SetAddress  stm32f1xx_hal_pcd.o
    0x080010c0   0x080010c0   0x0000000e   Code   RO          551    i.HAL_PCD_SetupStageCallback  usbd_conf.o
    0x080010ce   0x080010ce   0x00000032   Code   RO          819    i.HAL_PCD_Start     stm32f1xx_hal_pcd.o
    0x08001100   0x08001100   0x00000024   Code   RO          552    i.HAL_PCD_SuspendCallback  usbd_conf.o
    0x08001124   0x08001124   0x000000ec   Code   RO         1531    i.HAL_RCCEx_PeriphCLKConfig  stm32f1xx_hal_rcc_ex.o
    0x08001210   0x08001210   0x0000012c   Code   RO         1427    i.HAL_RCC_ClockConfig  stm32f1xx_hal_rcc.o
    0x0800133c   0x0800133c   0x0000004c   Code   RO         1436    i.HAL_RCC_GetSysClockFreq  stm32f1xx_hal_rcc.o
    0x08001388   0x08001388   0x00000320   Code   RO         1439    i.HAL_RCC_OscConfig  stm32f1xx_hal_rcc.o
    0x080016a8   0x080016a8   0x00000028   Code   RO         1740    i.HAL_SYSTICK_Config  stm32f1xx_hal_cortex.o
    0x080016d0   0x080016d0   0x00000002   Code   RO          131    i.HardFault_Handler  stm32f1xx_it.o
    0x080016d2   0x080016d2   0x00000002   PAD
    0x080016d4   0x080016d4   0x00000038   Code   RO          397    i.IntToUnicode      usbd_desc.o
    0x0800170c   0x0800170c   0x00000010   Code   RO         2752    i.LED_Off           gpio_driver.o
    0x0800171c   0x0800171c   0x00000010   Code   RO         2754    i.LED_Toggle        gpio_driver.o
    0x0800172c   0x0800172c   0x00000098   Code   RO           13    i.MX_GPIO_Init      gpio.o
    0x080017c4   0x080017c4   0x00000054   Code   RO          362    i.MX_USB_DEVICE_Init  usb_device.o
    0x08001818   0x08001818   0x00000002   Code   RO          132    i.MemManage_Handler  stm32f1xx_it.o
    0x0800181a   0x0800181a   0x00000002   Code   RO          133    i.NMI_Handler       stm32f1xx_it.o
    0x0800181c   0x0800181c   0x00000104   Code   RO         2818    i.OS_CreateTask     tiny_os.o
    0x08001920   0x08001920   0x0000002c   Code   RO         2819    i.OS_Delay          tiny_os.o
    0x0800194c   0x0800194c   0x00000044   Code   RO         2821    i.OS_GetStackFreeBytes  tiny_os.o
    0x08001990   0x08001990   0x0000000c   Code   RO         2822    i.OS_GetTaskCount   tiny_os.o
    0x0800199c   0x0800199c   0x00000020   Code   RO         2823    i.OS_GetTaskInfo    tiny_os.o
    0x080019bc   0x080019bc   0x0000000c   Code   RO         2824    i.OS_GetTick        tiny_os.o
    0x080019c8   0x080019c8   0x00000074   Code   RO         2825    i.OS_Init           tiny_os.o
    0x08001a3c   0x08001a3c   0x00000030   Code   RO         2826    i.OS_Schedule       tiny_os.o
    0x08001a6c   0x08001a6c   0x0000008c   Code   RO         2827    i.OS_SelectNextTask  tiny_os.o
    0x08001af8   0x08001af8   0x00000024   Code   RO         2828    i.OS_Start          tiny_os.o
    0x08001b1c   0x08001b1c   0x0000001c   Code   RO         2829    i.OS_TaskExit_Error  tiny_os.o
    0x08001b38   0x08001b38   0x00000080   Code   RO         2830    i.OS_Tick_Handler   tiny_os.o
    0x08001bb8   0x08001bb8   0x00000018   Code   RO         2831    i.OS_TriggerPendSV  tiny_os.o
    0x08001bd0   0x08001bd0   0x000003a6   Code   RO          823    i.PCD_EP_ISR_Handler  stm32f1xx_hal_pcd.o
    0x08001f76   0x08001f76   0x00000032   Code   RO          231    i.Proto_CRC8        main - copy_1.o
    0x08001fa8   0x08001fa8   0x00000016   Code   RO          232    i.Proto_Log         main - copy_1.o
    0x08001fbe   0x08001fbe   0x00000060   Code   RO          233    i.Proto_Send        main - copy_1.o
    0x0800201e   0x0800201e   0x00000002   PAD
    0x08002020   0x08002020   0x00000014   Code   RO         2636    i.RxUsed            usb_cdc_driver.o
    0x08002034   0x08002034   0x0000000e   Code   RO          134    i.SysTick_Handler   stm32f1xx_it.o
    0x08002042   0x08002042   0x00000076   Code   RO          234    i.SystemClock_Config  main - copy_1.o
    0x080020b8   0x080020b8   0x00000002   Code   RO         2230    i.SystemInit        system_stm32f1xx.o
    0x080020ba   0x080020ba   0x00000002   PAD
    0x080020bc   0x080020bc   0x00000034   Code   RO          235    i.Task_Heartbeat    main - copy_1.o
    0x080020f0   0x080020f0   0x00000004   Code   RO          236    i.Task_Idle         main - copy_1.o
    0x080020f4   0x080020f4   0x0000001a   Code   RO          237    i.Task_LED          main - copy_1.o
    0x0800210e   0x0800210e   0x00000002   PAD
    0x08002110   0x08002110   0x0000006c   Code   RO          238    i.Task_Monitor      main - copy_1.o
    0x0800217c   0x0800217c   0x0000000c   Code   RO          239    i.Task_USB_Flush    main - copy_1.o
    0x08002188   0x08002188   0x00000038   Code   RO          240    i.Task_USB_Rx       main - copy_1.o
    0x080021c0   0x080021c0   0x00000018   Code   RO         2637    i.TxUsed            usb_cdc_driver.o
    0x080021d8   0x080021d8   0x00000046   Code   RO         2530    i.USBD_CDC_DataIn   usbd_cdc.o
    0x0800221e   0x0800221e   0x0000002e   Code   RO         2531    i.USBD_CDC_DataOut  usbd_cdc.o
    0x0800224c   0x0800224c   0x00000044   Code   RO         2532    i.USBD_CDC_DeInit   usbd_cdc.o
    0x08002290   0x08002290   0x00000024   Code   RO         2533    i.USBD_CDC_EP0_RxReady  usbd_cdc.o
    0x080022b4   0x080022b4   0x0000000c   Code   RO         2534    i.USBD_CDC_GetDeviceQualifierDescriptor  usbd_cdc.o
    0x080022c0   0x080022c0   0x0000000c   Code   RO         2535    i.USBD_CDC_GetFSCfgDesc  usbd_cdc.o
    0x080022cc   0x080022cc   0x0000000c   Code   RO         2536    i.USBD_CDC_GetHSCfgDesc  usbd_cdc.o
    0x080022d8   0x080022d8   0x0000000c   Code   RO         2537    i.USBD_CDC_GetOtherSpeedCfgDesc  usbd_cdc.o
    0x080022e4   0x080022e4   0x00000094   Code   RO         2538    i.USBD_CDC_Init     usbd_cdc.o
    0x08002378   0x08002378   0x00000028   Code   RO         2539    i.USBD_CDC_ReceivePacket  usbd_cdc.o
    0x080023a0   0x080023a0   0x00000010   Code   RO         2540    i.USBD_CDC_RegisterInterface  usbd_cdc.o
    0x080023b0   0x080023b0   0x0000000c   Code   RO         2541    i.USBD_CDC_SetRxBuffer  usbd_cdc.o
    0x080023bc   0x080023bc   0x00000010   Code   RO         2542    i.USBD_CDC_SetTxBuffer  usbd_cdc.o
    0x080023cc   0x080023cc   0x000000ac   Code   RO         2543    i.USBD_CDC_Setup    usbd_cdc.o
    0x08002478   0x08002478   0x00000036   Code   RO         2544    i.USBD_CDC_TransmitPacket  usbd_cdc.o
    0x080024ae   0x080024ae   0x0000000e   Code   RO         2267    i.USBD_ClrClassConfig  usbd_core.o
    0x080024bc   0x080024bc   0x00000010   Code   RO         2470    i.USBD_CtlContinueRx  usbd_ioreq.o
    0x080024cc   0x080024cc   0x00000010   Code   RO         2471    i.USBD_CtlContinueSendData  usbd_ioreq.o
    0x080024dc   0x080024dc   0x00000016   Code   RO         2405    i.USBD_CtlError     usbd_ctlreq.o
    0x080024f2   0x080024f2   0x0000001e   Code   RO         2472    i.USBD_CtlPrepareRx  usbd_ioreq.o
    0x08002510   0x08002510   0x00000016   Code   RO         2473    i.USBD_CtlReceiveStatus  usbd_ioreq.o
    0x08002526   0x08002526   0x0000001a   Code   RO         2474    i.USBD_CtlSendData  usbd_ioreq.o
    0x08002540   0x08002540   0x00000016   Code   RO         2475    i.USBD_CtlSendStatus  usbd_ioreq.o
    0x08002556   0x08002556   0x00000002   PAD
    0x08002558   0x08002558   0x00000020   Code   RO          398    i.USBD_FS_ConfigStrDescriptor  usbd_desc.o
    0x08002578   0x08002578   0x0000000c   Code   RO          399    i.USBD_FS_DeviceDescriptor  usbd_desc.o
    0x08002584   0x08002584   0x00000024   Code   RO          400    i.USBD_FS_InterfaceStrDescriptor  usbd_desc.o
    0x080025a8   0x080025a8   0x0000000c   Code   RO          401    i.USBD_FS_LangIDStrDescriptor  usbd_desc.o
    0x080025b4   0x080025b4   0x00000028   Code   RO          402    i.USBD_FS_ManufacturerStrDescriptor  usbd_desc.o
    0x080025dc   0x080025dc   0x0000002c   Code   RO          403    i.USBD_FS_ProductStrDescriptor  usbd_desc.o
    0x08002608   0x08002608   0x00000038   Code   RO          404    i.USBD_FS_SerialStrDescriptor  usbd_desc.o
    0x08002640   0x08002640   0x000000e8   Code   RO         2406    i.USBD_GetDescriptor  usbd_ctlreq.o
    0x08002728   0x08002728   0x00000048   Code   RO         2407    i.USBD_GetString    usbd_ctlreq.o
    0x08002770   0x08002770   0x00000018   Code   RO          553    i.USBD_Get_USB_Status  usbd_conf.o
    0x08002788   0x08002788   0x0000002a   Code   RO         2269    i.USBD_Init         usbd_core.o
    0x080027b2   0x080027b2   0x00000012   Code   RO          554    i.USBD_LL_ClearStallEP  usbd_conf.o
    0x080027c4   0x080027c4   0x00000012   Code   RO          555    i.USBD_LL_CloseEP   usbd_conf.o
    0x080027d6   0x080027d6   0x000000c6   Code   RO         2270    i.USBD_LL_DataInStage  usbd_core.o
    0x0800289c   0x0800289c   0x00000082   Code   RO         2271    i.USBD_LL_DataOutStage  usbd_core.o
    0x0800291e   0x0800291e   0x00000008   Code   RO          559    i.USBD_LL_GetRxDataSize  usbd_conf.o
    0x08002926   0x08002926   0x00000002   PAD
    0x08002928   0x08002928   0x00000080   Code   RO          560    i.USBD_LL_Init      usbd_conf.o
    0x080029a8   0x080029a8   0x0000001e   Code   RO          561    i.USBD_LL_IsStallEP  usbd_conf.o
    0x080029c6   0x080029c6   0x00000018   Code   RO          562    i.USBD_LL_OpenEP    usbd_conf.o
    0x080029de   0x080029de   0x00000012   Code   RO          563    i.USBD_LL_PrepareReceive  usbd_conf.o
    0x080029f0   0x080029f0   0x00000050   Code   RO         2276    i.USBD_LL_Reset     usbd_core.o
    0x08002a40   0x08002a40   0x00000014   Code   RO         2277    i.USBD_LL_Resume    usbd_core.o
    0x08002a54   0x08002a54   0x00000018   Code   RO         2278    i.USBD_LL_SOF       usbd_core.o
    0x08002a6c   0x08002a6c   0x00000006   Code   RO         2279    i.USBD_LL_SetSpeed  usbd_core.o
    0x08002a72   0x08002a72   0x00000012   Code   RO          564    i.USBD_LL_SetUSBAddress  usbd_conf.o
    0x08002a84   0x08002a84   0x0000005a   Code   RO         2280    i.USBD_LL_SetupStage  usbd_core.o
    0x08002ade   0x08002ade   0x00000012   Code   RO          565    i.USBD_LL_StallEP   usbd_conf.o
    0x08002af0   0x08002af0   0x00000012   Code   RO          566    i.USBD_LL_Start     usbd_conf.o
    0x08002b02   0x08002b02   0x00000012   Code   RO         2281    i.USBD_LL_Suspend   usbd_core.o
    0x08002b14   0x08002b14   0x00000012   Code   RO          568    i.USBD_LL_Transmit  usbd_conf.o
    0x08002b26   0x08002b26   0x00000028   Code   RO         2408    i.USBD_ParseSetupRequest  usbd_ctlreq.o
    0x08002b4e   0x08002b4e   0x00000010   Code   RO         2282    i.USBD_RegisterClass  usbd_core.o
    0x08002b5e   0x08002b5e   0x00000016   Code   RO         2284    i.USBD_SetClassConfig  usbd_core.o
    0x08002b74   0x08002b74   0x00000084   Code   RO         2409    i.USBD_SetConfig    usbd_ctlreq.o
    0x08002bf8   0x08002bf8   0x0000000a   Code   RO         2285    i.USBD_Start        usbd_core.o
    0x08002c02   0x08002c02   0x00000112   Code   RO         2410    i.USBD_StdDevReq    usbd_ctlreq.o
    0x08002d14   0x08002d14   0x00000150   Code   RO         2411    i.USBD_StdEPReq     usbd_ctlreq.o
    0x08002e64   0x08002e64   0x0000004e   Code   RO         2412    i.USBD_StdItfReq    usbd_ctlreq.o
    0x08002eb2   0x08002eb2   0x00000002   Code   RO          569    i.USBD_static_free  usbd_conf.o
    0x08002eb4   0x08002eb4   0x00000008   Code   RO          570    i.USBD_static_malloc  usbd_conf.o
    0x08002ebc   0x08002ebc   0x0000029c   Code   RO         1066    i.USB_ActivateEndpoint  stm32f1xx_ll_usb.o
    0x08003158   0x08003158   0x00000038   Code   RO         2638    i.USB_CDC_Driver_Init  usb_cdc_driver.o
    0x08003190   0x08003190   0x0000007c   Code   RO         2639    i.USB_CDC_FlushTX   usb_cdc_driver.o
    0x0800320c   0x0800320c   0x0000000c   Code   RO         2641    i.USB_CDC_IsConnected  usb_cdc_driver.o
    0x08003218   0x08003218   0x0000003c   Code   RO         2643    i.USB_CDC_Receive   usb_cdc_driver.o
    0x08003254   0x08003254   0x00000004   Code   RO         2644    i.USB_CDC_RxAvailable  usb_cdc_driver.o
    0x08003258   0x08003258   0x00000048   Code   RO         2645    i.USB_CDC_RxCallback  usb_cdc_driver.o
    0x080032a0   0x080032a0   0x0000006c   Code   RO         2646    i.USB_CDC_Send      usb_cdc_driver.o
    0x0800330c   0x0800330c   0x00000024   Code   RO         2648    i.USB_CDC_SetConnected  usb_cdc_driver.o
    0x08003330   0x08003330   0x00000004   Code   RO         1069    i.USB_CoreInit      stm32f1xx_ll_usb.o
    0x08003334   0x08003334   0x0000010e   Code   RO         1071    i.USB_DeactivateEndpoint  stm32f1xx_ll_usb.o
    0x08003442   0x08003442   0x00000004   Code   RO         1072    i.USB_DevConnect    stm32f1xx_ll_usb.o
    0x08003446   0x08003446   0x00000004   Code   RO         1073    i.USB_DevDisconnect  stm32f1xx_ll_usb.o
    0x0800344a   0x0800344a   0x00000012   Code   RO         1074    i.USB_DevInit       stm32f1xx_ll_usb.o
    0x0800345c   0x0800345c   0x0000000e   Code   RO         1075    i.USB_DisableGlobalInt  stm32f1xx_ll_usb.o
    0x0800346a   0x0800346a   0x00000004   Code   RO         1076    i.USB_EP0_OutStart  stm32f1xx_ll_usb.o
    0x0800346e   0x0800346e   0x00000078   Code   RO         1077    i.USB_EPClearStall  stm32f1xx_ll_usb.o
    0x080034e6   0x080034e6   0x00000032   Code   RO         1078    i.USB_EPSetStall    stm32f1xx_ll_usb.o
    0x08003518   0x08003518   0x000004e2   Code   RO         1079    i.USB_EPStartXfer   stm32f1xx_ll_usb.o
    0x080039fa   0x080039fa   0x00000012   Code   RO         1081    i.USB_EnableGlobalInt  stm32f1xx_ll_usb.o
    0x08003a0c   0x08003a0c   0x0000000c   Code   RO          135    i.USB_LP_CAN1_RX0_IRQHandler  stm32f1xx_it.o
    0x08003a18   0x08003a18   0x00000006   Code   RO         1088    i.USB_ReadInterrupts  stm32f1xx_ll_usb.o
    0x08003a1e   0x08003a1e   0x00000002   PAD
    0x08003a20   0x08003a20   0x0000002c   Code   RO         1089    i.USB_ReadPMA       stm32f1xx_ll_usb.o
    0x08003a4c   0x08003a4c   0x00000004   Code   RO         1090    i.USB_SetCurrentMode  stm32f1xx_ll_usb.o
    0x08003a50   0x08003a50   0x0000000c   Code   RO         1091    i.USB_SetDevAddress  stm32f1xx_ll_usb.o
    0x08003a5c   0x08003a5c   0x00000026   Code   RO         1093    i.USB_WritePMA      stm32f1xx_ll_usb.o
    0x08003a82   0x08003a82   0x00000002   Code   RO          136    i.UsageFault_Handler  stm32f1xx_it.o
    0x08003a84   0x08003a84   0x00000020   Code   RO         1742    i.__NVIC_SetPriority  stm32f1xx_hal_cortex.o
    0x08003aa4   0x08003aa4   0x00000020   Code   RO         2833    i.__NVIC_SetPriority  tiny_os.o
    0x08003ac4   0x08003ac4   0x0000012c   Code   RO          241    i.main              main - copy_1.o
    0x08003bf0   0x08003bf0   0x00000007   Data   RO          243    .constdata          main - copy_1.o
    0x08003bf7   0x08003bf7   0x00000012   Data   RO         1440    .constdata          stm32f1xx_hal_rcc.o
    0x08003c09   0x08003c09   0x00000010   Data   RO         2231    .constdata          system_stm32f1xx.o
    0x08003c19   0x08003c19   0x00000003   PAD
    0x08003c1c   0x08003c1c   0x00000020   Data   RO         3576    Region$$Table       anon$$obj.o


    Execution Region RW_IRAM1 (Exec base: 0x20000000, Load base: 0x08003c3c, Size: 0x00003350, Max: 0x00005000, ABSOLUTE, COMPRESSED[0x000000c4])

    Exec Addr    Load Addr    Size         Type   Attr      Idx    E Section Name        Object

    0x20000000   COMPRESSED   0x0000001c   Data   RW          406    .data               usbd_desc.o
    0x2000001c   COMPRESSED   0x00000032   Data   RW          407    .data               usbd_desc.o
    0x2000004e   COMPRESSED   0x00000002   PAD
    0x20000050   COMPRESSED   0x00000010   Data   RW          489    .data               usbd_cdc_if.o
    0x20000060   COMPRESSED   0x0000000c   Data   RW         1277    .data               stm32f1xx_hal.o
    0x2000006c   COMPRESSED   0x00000004   Data   RW         2233    .data               system_stm32f1xx.o
    0x20000070   COMPRESSED   0x00000001   Data   RW         2413    .data               usbd_ctlreq.o
    0x20000071   COMPRESSED   0x00000003   PAD
    0x20000074   COMPRESSED   0x000000d7   Data   RW         2545    .data               usbd_cdc.o
    0x2000014b   COMPRESSED   0x00000001   PAD
    0x2000014c   COMPRESSED   0x00000038   Data   RW         2546    .data               usbd_cdc.o
    0x20000184   COMPRESSED   0x00000002   Data   RW         2651    .data               usb_cdc_driver.o
    0x20000186   COMPRESSED   0x00000002   PAD
    0x20000188   COMPRESSED   0x00000010   Data   RW         2835    .data               tiny_os.o
    0x20000198        -       0x00000f00   Zero   RW          242    .bss                main - copy_1.o
    0x20001098        -       0x000002c4   Zero   RW          363    .bss                usb_device.o
    0x2000135c        -       0x00000200   Zero   RW          405    .bss                usbd_desc.o
    0x2000155c        -       0x00000800   Zero   RW          488    .bss                usbd_cdc_if.o
    0x20001d5c        -       0x000004f8   Zero   RW          571    .bss                usbd_conf.o
    0x20002254        -       0x00000358   Zero   RW         2650    .bss                usb_cdc_driver.o
    0x200025ac        -       0x00000140   Zero   RW         2834    .bss                tiny_os.o
    0x200026ec        -       0x00000060   Zero   RW         3445    .bss                c_w.l(libspace.o)
    0x2000274c   COMPRESSED   0x00000004   PAD
    0x20002750        -       0x00000400   Zero   RW            2    HEAP                startup_stm32f103xb.o
    0x20002b50        -       0x00000800   Zero   RW            1    STACK               startup_stm32f103xb.o


==============================================================================

Image component sizes


      Code (inc. data)   RO Data    RW Data    ZI Data      Debug   Object Name

       152         14          0          0          0     394671   gpio.o
        34         12          0          0          0       1310   gpio_driver.o
       848        150          7          0       3840      15799   main - copy_1.o
        64         26        236          0       3072        816   startup_stm32f103xb.o
       128         24          0         12          0       5341   stm32f1xx_hal.o
       198         14          0          0          0      28983   stm32f1xx_hal_cortex.o
       506         34          0          0          0       3525   stm32f1xx_hal_gpio.o
        72         10          0          0          0        882   stm32f1xx_hal_msp.o
      3044          0          0          0          0      14353   stm32f1xx_hal_pcd.o
        60          0          0          0          0       1190   stm32f1xx_hal_pcd_ex.o
      1176         60         18          0          0       4018   stm32f1xx_hal_rcc.o
       236         12          0          0          0       1396   stm32f1xx_hal_rcc_ex.o
       118         16          0          0          0       4916   stm32f1xx_it.o
      2528          0          0          0          0      16231   stm32f1xx_ll_usb.o
         2          0         16          4          0       1139   system_stm32f1xx.o
       980        104          0         16        320      35477   tiny_os.o
       516         80          0          2        856       6697   usb_cdc_driver.o
        84         18          0          0        708        804   usb_device.o
       726         16          0        271          0      13170   usbd_cdc.o
       152         22          0         16       2048       3652   usbd_cdc_if.o
       554         30          0          0       1272      14377   usbd_conf.o
       670          0          0          0          0       9563   usbd_core.o
      1186         28          0          1          0       7976   usbd_ctlreq.o
       288        104          0         78        512       5993   usbd_desc.o
       132          0          0          0          0       4372   usbd_ioreq.o

    ----------------------------------------------------------------------
     14474        774        312        408      12628     596651   Object Totals
         0          0         32          0          0          0   (incl. Generated)
        20          0          3          8          0          0   (incl. Padding)

    ----------------------------------------------------------------------

      Code (inc. data)   RO Data    RW Data    ZI Data      Debug   Library Member Name

        90          0          0          0          0          0   __dczerorl2.o
         8          0          0          0          0         68   __main.o
         0          0          0          0          0          0   __rtentry.o
        12          0          0          0          0          0   __rtentry2.o
         6          0          0          0          0          0   __rtentry4.o
        52          8          0          0          0          0   __scatter.o
        28          0          0          0          0          0   __scatter_zi.o
        18          0          0          0          0         80   exit.o
         6          0          0          0          0        152   heapauxi.o
         0          0          0          0          0          0   indicate_semi.o
         2          0          0          0          0          0   libinit.o
         2          0          0          0          0          0   libinit2.o
         2          0          0          0          0          0   libshutdown.o
         2          0          0          0          0          0   libshutdown2.o
         8          4          0          0         96         68   libspace.o
        68          0          0          0          0         68   rt_memclr.o
        78          0          0          0          0         80   rt_memclr_w.o
         2          0          0          0          0          0   rtexit.o
        10          0          0          0          0          0   rtexit2.o
        62          0          0          0          0         76   strlen.o
        86          0          0          0          0         76   strncpy.o
        12          4          0          0          0         68   sys_exit.o
        74          0          0          0          0         80   sys_stackheap_outer.o
         2          0          0          0          0         68   use_no_semi.o

    ----------------------------------------------------------------------
       634         16          0          0        100        884   Library Totals
         4          0          0          0          4          0   (incl. Padding)

    ----------------------------------------------------------------------

      Code (inc. data)   RO Data    RW Data    ZI Data      Debug   Library Name

       630         16          0          0         96        884   c_w.l

    ----------------------------------------------------------------------
       634         16          0          0        100        884   Library Totals

    ----------------------------------------------------------------------

==============================================================================


      Code (inc. data)   RO Data    RW Data    ZI Data      Debug   

     15108        790        312        408      12728     588171   Grand Totals
     15108        790        312        196      12728     588171   ELF Image Totals (compressed)
     15108        790        312        196          0          0   ROM Totals

==============================================================================

    Total RO  Size (Code + RO Data)                15420 (  15.06kB)
    Total RW  Size (RW Data + ZI Data)             13136 (  12.83kB)
    Total ROM Size (Code + RO Data + RW Data)      15616 (  15.25kB)

==============================================================================

