<html>
<body>
<pre>
<h1>µVision Build Log</h1>
<h2>Tool Versions:</h2>
IDE-Version: µVision V5.29.0.0
Copyright (C) 2019 ARM Ltd and ARM Germany GmbH. All rights reserved.
License Information: VU Tri Dung, HUST, LIC=----
 
Tool Versions:
Toolchain:       MDK-Lite  Version: 5.29.0.0
Toolchain Path:  C:\Keil_v5\ARM\ARMCC\Bin
C Compiler:      Armcc.exe V5.06 update 6 (build 750)
Assembler:       Armasm.exe V5.06 update 6 (build 750)
Linker/Locator:  ArmLink.exe V5.06 update 6 (build 750)
Library Manager: ArmAr.exe V5.06 update 6 (build 750)
Hex Converter:   FromElf.exe V5.06 update 6 (build 750)
CPU DLL:         SARMCM3.DLL V5.29.0.0
Dialog DLL:      DCM.DLL V1.17.3.0
Target DLL:      STLink\ST-LINKIII-KEIL_SWO.dll V3.0.7.0
Dialog DLL:      TCM.DLL V1.36.5.0
 
<h2>Project:</h2>
D:\Pictures\myRTOS_Drivers\MDK-ARM\myRTOS_Drivers.uvprojx
Project File Date:  05/14/2026

<h2>Output:</h2>
*** Using Compiler 'V5.06 update 6 (build 750)', folder: 'C:\Keil_v5\ARM\ARMCC\Bin'
Rebuild target 'myRTOS_Drivers'
assembling startup_stm32f103xb.s...
compiling gpio.c...
compiling stm32f1xx_it.c...
compiling stm32f1xx_hal_msp.c...
compiling usbd_cdc_if.c...
..\MyDrivers\Inc\usb_cdc_driver.h(68): warning:  #1-D: last line of file ends without a newline
  #endif /* USB_CDC_DRIVER_H */
../USB_DEVICE/App/usbd_cdc_if.c(309): warning:  #177-D: function "CDC_TransmitCplt_FS"  was declared but never referenced
  static int8_t CDC_TransmitCplt_FS(uint8_t *Buf, uint32_t *Len, uint8_t epnum)
../USB_DEVICE/App/usbd_cdc_if.c: 2 warnings, 0 errors
compiling usbd_desc.c...
compiling usb_device.c...
compiling main.c...
..\MyDrivers\Inc\usb_cdc_driver.h(68): warning:  #1-D: last line of file ends without a newline
  #endif /* USB_CDC_DRIVER_H */
..\MyDrivers\Inc\os_protocol.h(108): warning:  #1-D: last line of file ends without a newline
  #endif /* OS_PROTOCOL_H */
../Core/Src/main.c: 2 warnings, 0 errors
compiling stm32f1xx_hal_pcd_ex.c...
compiling stm32f1xx_hal.c...
compiling stm32f1xx_hal_gpio_ex.c...
compiling usbd_conf.c...
compiling stm32f1xx_hal_rcc.c...
compiling stm32f1xx_hal_pcd.c...
compiling stm32f1xx_ll_usb.c...
compiling stm32f1xx_hal_cortex.c...
compiling stm32f1xx_hal_rcc_ex.c...
compiling stm32f1xx_hal_pwr.c...
compiling stm32f1xx_hal_gpio.c...
compiling stm32f1xx_hal_flash.c...
compiling stm32f1xx_hal_dma.c...
compiling stm32f1xx_hal_flash_ex.c...
compiling stm32f1xx_hal_exti.c...
compiling system_stm32f1xx.c...
compiling usbd_cdc.c...
compiling usbd_ctlreq.c...
compiling usb_cdc_driver.c...
..\MyDrivers\Inc\usb_cdc_driver.h(68): warning:  #1-D: last line of file ends without a newline
  #endif /* USB_CDC_DRIVER_H */
..\MyDrivers\Src\usb_cdc_driver.c: 1 warning, 0 errors
compiling usbd_ioreq.c...
compiling usbd_core.c...
compiling gpio_driver.c...
linking...
Program Size: Code=13536 RO-data=312 RW-data=392 ZI-data=8568  
FromELF: creating hex file...
"myRTOS_Drivers\myRTOS_Drivers.axf" - 0 Error(s), 5 Warning(s).

<h2>Software Packages used:</h2>

Package Vendor: ARM
                https://www.keil.com/pack/ARM.CMSIS.6.3.0.pack
                ARM.CMSIS.6.3.0
                CMSIS (Common Microcontroller Software Interface Standard)
   * Component: CORE Version: 6.2.0

Package Vendor: Keil
                https://www.keil.com/pack/Keil.STM32F1xx_DFP.2.4.1.pack
                Keil.STM32F1xx_DFP.2.4.1
                STMicroelectronics STM32F1 Series Device Support, Drivers and Examples

<h2>Collection of Component include folders:</h2>
  .\RTE\_myRTOS_Drivers
  D:\desktop\ARM\CMSIS\6.3.0\CMSIS\Core\Include
  D:\desktop\Keil\STM32F1xx_DFP\2.4.1\Device\Include

<h2>Collection of Component Files used:</h2>

   * Component: ARM::CMSIS:CORE:6.2.0
      Include file:  CMSIS\Core\Include\tz_context.h
Build Time Elapsed:  00:00:14
</pre>
</body>
</html>
